Archive member included to satisfy reference by file (symbol)

cpu/br28/liba/cpu.a(crc16.c.o)
                              obj/Release/cpu/br28/setup.o (symbol from plugin) (__crc16_mutex_init)
cpu/br28/liba/cpu.a(uart.c.o)
                              obj/Release/apps/common/device/gSensor/gSensor_manage.o (symbol from plugin) (delay)
cpu/br28/liba/cpu.a(clock.c.o)
                              obj/Release/apps/watch/common/init.o (symbol from plugin) (clock_set_sfc_max_freq)
cpu/br28/liba/cpu.a(gpio.c.o)
                              obj/Release/apps/common/device/usb/usb_config.o (symbol from plugin) (usb_iomode)
cpu/br28/liba/cpu.a(timer.c.o)
                              obj/Release/apps/common/device/mpu9250/mpu9250.o (symbol from plugin) (udelay)
cpu/br28/liba/cpu.a(sd.c.o)   obj/Release/apps/watch/board/br28/board_701n_demo/board_701n_demo.o (symbol from plugin) (sdmmc_0_port_init)
cpu/br28/liba/cpu.a(usb.c.o)  obj/Release/apps/common/device/usb/device/usb_device.o (symbol from plugin) (usb_sof_clr_pnd)
cpu/br28/liba/cpu.a(wdt.c.o)  obj/Release/apps/watch/common/init.o (symbol from plugin) (wdt_close)
cpu/br28/liba/cpu.a(efuse.c.o)
                              obj/Release/cpu/br28/charge.o (symbol from plugin) (get_vbat_trim)
cpu/br28/liba/cpu.a(debug.c.o)
                              obj/Release/cpu/br28/user_p11_cmd.o (symbol from plugin) (get_dev_id)
cpu/br28/liba/cpu.a(sfc_spi.c.o)
                              clock.c.o (symbol from plugin) (sfc1_suspend)
cpu/br28/liba/cpu.a(dma_copy.c.o)
                              debug.c.o (symbol from plugin) (dma_memcpy_wait_idle)
cpu/br28/liba/cpu.a(vm.c.o)   clock.c.o (symbol from plugin) (sfc_suspend)
cpu/br28/liba/cpu.a(debug_record.c.o)
                              debug.c.o (symbol from plugin) (debug_exception_record)
cpu/br28/liba/cpu.a(driver_record.c.o)
                              debug_record.c.o (symbol from plugin) (drvier_record_enable)
cpu/br28/liba/cpu.a(system_record.c.o)
                              debug_record.c.o (symbol from plugin) (system_record_enable)
cpu/br28/liba/cpu.a(hw_pmu_api.c.o)
                              obj/Release/apps/common/device/norflash/norflash_sfc.o (symbol from plugin) (hw_flash1_pwr_en)
cpu/br28/liba/cpu.a(lp_timer_hw.c.o)
                              hw_pmu_api.c.o (symbol from plugin) (__lp_timer_get_pass_time)
cpu/br28/liba/cpu.a(lrc_hw.c.o)
                              obj/Release/cpu/br28/pwm_led.o (symbol from plugin) (__get_lrc_hz)
cpu/br28/liba/cpu.a(p33.c.o)  obj/Release/cpu/br28/adc_api.o (symbol from plugin) (adc_pmu_ch_select)
cpu/br28/liba/cpu.a(power_hw.c.o)
                              obj/Release/cpu/br28/setup.o (symbol from plugin) (reset_source_dump)
cpu/br28/liba/cpu.a(power_wakeup.c.o)
                              power_hw.c.o (symbol from plugin) (p33_wakeup_irq_handler)
cpu/br28/liba/cpu.a(poweroff_reboot.c.o)
                              power_hw.c.o (symbol from plugin) (deepsleep_pre)
cpu/br28/liba/cpu.a(power_port.c.o)
                              power_wakeup.c.o (symbol from plugin) (WSIG_to_PANA)
cpu/br28/liba/cpu.a(pmu_debug.c.o)
                              power_hw.c.o (symbol from plugin) (config_p11_baud)
cpu/br28/liba/cpu.a(rtc.c.o)  obj/Release/apps/watch/task_manager/rtc/alarm_api.o (symbol from plugin) (month_to_day)
cpu/br28/liba/cpu.a(power_trim.c.o)
                              obj/Release/cpu/br28/adc_api.o (symbol from plugin) (get_wvdd_trim_level)
cpu/br28/liba/cpu.a(lp_ipc.c.o)
                              power_hw.c.o (symbol from plugin) (msys_to_p11_common_cmd)
cpu/br28/liba/cpu.a(p33_io.c.o)
                              power_hw.c.o (symbol from plugin) (is_wakeup_source)
cpu/br28/liba/cpu.a(sdx_dev.c.o)
                              obj/Release/apps/common/dev_manager/dev_manager.o (symbol from plugin) (sdx_dev_detect_timer_del)
cpu/br28/liba/cpu.a(sdx_driver.c.o)
                              sdx_dev.c.o (symbol from plugin) (sdx_init_card)
cpu/br28/liba/cpu.a(sdx_source.c.o)
                              sdx_driver.c.o (symbol from plugin) (sdx_get_hi_jiffies)
cpu/br28/liba/cpu.a(otg.c.o)  obj/Release/apps/common/device/usb/usb_config.o (symbol from plugin) (usb_otg_suspend)
cpu/br28/liba/cpu.a(usb_phy.c.o)
                              obj/Release/apps/common/device/usb/usb_config.o (symbol from plugin) (usb_read_sofframe)
cpu/br28/liba/cpu.a(usb_setup.c.o)
                              obj/Release/apps/common/device/usb/usb_config.o (symbol from plugin) (usb_device2id)
cpu/br28/liba/cpu.a(descriptor.c.o)
                              usb_setup.c.o (symbol from plugin) (get_device_descriptor)
cpu/br28/liba/cpu.a(startup.S.o)
                              (_start)
cpu/br28/liba/cpu.a(encryption.c.o)
                              sfc_spi.c.o (symbol from plugin) (doe)
cpu/br28/liba/cpu.a(cache.c.o)
                              poweroff_reboot.c.o (symbol from plugin) (DcuEnable)
cpu/br28/liba/system.a(os_core.c.o)
[...]
Memory Configuration

Name             Origin             Length             Attributes
code0            0x07e00120         0x00200000         xr
ram0             0x00160000         0x0003fb80         xrw
*default*        0x00000000         0xffffffff

Linker script and memory map

LOAD obj/Release/apps/common/audio/audio_digital_vol.o
LOAD cpu\br28\tools\sdk.elf.o
LOAD obj/Release/apps/common/audio/decode/decode.o
LOAD obj/Release/apps/common/audio/encode/encode_write_file.o
LOAD obj/Release/apps/common/audio/sine_make.o
LOAD obj/Release/apps/common/audio/uartPcmSender.o
LOAD obj/Release/apps/common/bt_common/bt_test_api.o
LOAD obj/Release/apps/common/cJSON/cJSON.o
LOAD obj/Release/apps/common/config/app_config.o
LOAD obj/Release/apps/common/config/bt_profile_config.o
LOAD obj/Release/apps/common/config/ci_transport_uart.o
LOAD obj/Release/apps/common/debug/data_export/data_export.o
LOAD obj/Release/apps/common/debug/data_export/data_export_to_file.o
LOAD obj/Release/apps/common/debug/debug.o
LOAD obj/Release/apps/common/debug/debug_lite.o
LOAD obj/Release/apps/common/dev_manager/dev_manager.o
LOAD obj/Release/apps/common/dev_manager/dev_reg.o
LOAD obj/Release/apps/common/dev_manager/dev_update.o
LOAD obj/Release/apps/common/device/bmp280/bmp280.o
LOAD obj/Release/apps/common/device/detection.o
LOAD obj/Release/apps/common/device/gSensor/gSensor_manage.o
LOAD obj/Release/apps/common/device/gSensor/mc3433.o
LOAD obj/Release/apps/common/device/gSensor/mpu6050.o
LOAD obj/Release/apps/common/device/gSensor/p11_gsensor.o
LOAD obj/Release/apps/common/device/gSensor/SC7A20.o
LOAD obj/Release/apps/common/device/hr_sensor/hrs3300.o
LOAD obj/Release/apps/common/device/hr_sensor/hrs3603.o
LOAD obj/Release/apps/common/device/hr_sensor/hrSensor_manage.o
LOAD obj/Release/apps/common/device/hr_sensor/p11_hrsensor.o
LOAD obj/Release/apps/common/device/key/adkey.o
LOAD obj/Release/apps/common/device/key/iokey.o
LOAD obj/Release/apps/common/device/key/irkey.o
LOAD obj/Release/apps/common/device/key/key_driver.o
LOAD obj/Release/apps/common/device/key/rdec_key.o
LOAD obj/Release/apps/common/device/key/touch_key.o
LOAD obj/Release/apps/common/device/mpu9250/mpu9250.o
LOAD obj/Release/apps/common/device/nandflash/nandflash.o
LOAD obj/Release/apps/common/device/nfc/nfc_fm11nt081d.o
LOAD obj/Release/apps/common/device/norflash/norflash.o
LOAD obj/Release/apps/common/device/norflash/norflash_sfc.o
LOAD obj/Release/apps/common/device/touch_panel/bl6133.o
LOAD obj/Release/apps/common/device/touch_panel/bl_fw_update.o
LOAD obj/Release/apps/common/device/touch_panel/cst816s/cst816s.o
LOAD obj/Release/apps/common/device/touch_panel/ft6336g.o
LOAD obj/Release/apps/common/device/touch_panel/IT7259E.o
LOAD obj/Release/apps/common/device/usb/device/cdc.o
LOAD obj/Release/apps/common/device/usb/device/descriptor.o
LOAD obj/Release/apps/common/device/usb/device/hid.o
LOAD obj/Release/apps/common/device/usb/device/msd.o
LOAD obj/Release/apps/common/device/usb/device/msd_upgrade.o
LOAD obj/Release/apps/common/device/usb/device/task_pc.o
LOAD obj/Release/apps/common/device/usb/device/uac1.o
LOAD obj/Release/apps/common/device/usb/device/uac_stream.o
LOAD obj/Release/apps/common/device/usb/device/usb_device.o
LOAD obj/Release/apps/common/device/usb/device/user_setup.o
LOAD obj/Release/apps/common/device/usb/host/adb.o
LOAD obj/Release/apps/common/device/usb/host/aoa.o
LOAD obj/Release/apps/common/device/usb/host/audio.o
LOAD obj/Release/apps/common/device/usb/host/audio_demo.o
LOAD obj/Release/apps/common/device/usb/host/hid.o
LOAD obj/Release/apps/common/device/usb/host/usb_bulk_transfer.o
LOAD obj/Release/apps/common/device/usb/host/usb_ctrl_transfer.o
LOAD obj/Release/apps/common/device/usb/host/usb_host.o
LOAD obj/Release/apps/common/device/usb/host/usb_storage.o
LOAD obj/Release/apps/common/device/usb/usb_config.o
LOAD obj/Release/apps/common/device/usb/usb_host_config.o
LOAD obj/Release/apps/common/fat_nor/nor_fs.o
LOAD obj/Release/apps/common/fat_nor/phone_rec_fs.o
LOAD obj/Release/apps/common/fat_nor/virfat_flash.o
LOAD obj/Release/apps/common/file_operate/file_api.o
LOAD obj/Release/apps/common/file_operate/file_bs_deal.o
LOAD obj/Release/apps/common/file_operate/file_manager.o
LOAD obj/Release/apps/common/music/breakpoint.o
LOAD obj/Release/apps/common/music/general_player.o
LOAD obj/Release/apps/common/music/music_decrypt.o
LOAD obj/Release/apps/common/music/music_id3.o
LOAD obj/Release/apps/common/music/music_player.o
LOAD obj/Release/apps/common/third_party_profile/common/3th_profile_api.o
LOAD obj/Release/apps/common/third_party_profile/common/custom_cfg.o
LOAD obj/Release/apps/common/third_party_profile/jieli/le_client_demo.o
LOAD obj/Release/apps/common/third_party_profile/jieli/online_db/online_db_deal.o
LOAD obj/Release/apps/common/third_party_profile/jieli/online_db/spp_online_db.o
LOAD obj/Release/apps/common/third_party_profile/jieli/trans_data_demo/le_trans_data.o
LOAD obj/Release/apps/common/third_party_profile/jieli/trans_data_demo/spp_trans_data.o
LOAD obj/Release/apps/common/ui/lcd/lcd_ui_api.o
LOAD obj/Release/apps/common/ui/led7/led7_ui_api.o
LOAD obj/Release/apps/common/ui/lvgl_app/lv_demos/src/lv_demo_benchmark/assets/img_benchmark_cogwheel_alpha16.o
LOAD obj/Release/apps/common/ui/lvgl_app/lv_demos/src/lv_demo_benchmark/assets/img_benchmark_cogwheel_argb.o
LOAD obj/Release/apps/common/ui/lvgl_app/lv_demos/src/lv_demo_benchmark/assets/img_benchmark_cogwheel_chroma_keyed.o
LOAD obj/Release/apps/common/ui/lvgl_app/lv_demos/src/lv_demo_benchmark/assets/img_benchmark_cogwheel_indexed16.o
LOAD obj/Release/apps/common/ui/lvgl_app/lv_demos/src/lv_demo_benchmark/assets/img_benchmark_cogwheel_rgb.o
LOAD obj/Release/apps/common/ui/lvgl_app/lv_demos/src/lv_demo_benchmark/assets/lv_font_montserrat_12_compr_az.o
LOAD obj/Release/apps/common/ui/lvgl_app/lv_demos/src/lv_demo_benchmark/assets/lv_font_montserrat_16_compr_az.o
LOAD obj/Release/apps/common/ui/lvgl_app/lv_demos/src/lv_demo_benchmark/assets/lv_font_montserrat_28_compr_az.o
LOAD obj/Release/apps/common/ui/lvgl_app/lv_demos/src/lv_demo_benchmark/lv_demo_benchmark.o
LOAD obj/Release/apps/common/ui/lvgl_app/lv_demos/src/lv_demo_keypad_encoder/lv_demo_keypad_encoder.o
LOAD obj/Release/apps/common/ui/lvgl_app/lv_demos/src/lv_demo_music/assets/img_lv_demo_music_btn_corner_large.o
LOAD obj/Release/apps/common/ui/lvgl_app/lv_demos/src/lv_demo_music/assets/img_lv_demo_music_btn_list_pause.o
LOAD obj/Release/apps/common/ui/lvgl_app/lv_demos/src/lv_demo_music/assets/img_lv_demo_music_btn_list_pause_large.o
LOAD obj/Release/apps/common/ui/lvgl_app/lv_demos/src/lv_demo_music/assets/img_lv_demo_music_btn_list_play.o
LOAD obj/Release/apps/common/ui/lvgl_app/lv_demos/src/lv_demo_music/assets/img_lv_demo_music_btn_list_play_large.o
LOAD obj/Release/apps/common/ui/lvgl_app/lv_demos/src/lv_demo_music/assets/img_lv_demo_music_btn_loop.o
LOAD obj/Release/apps/common/ui/lvgl_app/lv_demos/src/lv_demo_music/assets/img_lv_demo_music_btn_loop_large.o
LOAD obj/Release/apps/common/ui/lvgl_app/lv_demos/src/lv_demo_music/assets/img_lv_demo_music_btn_next.o
LOAD obj/Release/apps/common/ui/lvgl_app/lv_demos/src/lv_demo_music/assets/img_lv_demo_music_btn_next_large.o
LOAD obj/Release/apps/common/ui/lvgl_app/lv_demos/src/lv_demo_music/assets/img_lv_demo_music_btn_pause.o
LOAD obj/Release/apps/common/ui/lvgl_app/lv_demos/src/lv_demo_music/assets/img_lv_demo_music_btn_pause_large.o
LOAD obj/Release/apps/common/ui/lvgl_app/lv_demos/src/lv_demo_music/assets/img_lv_demo_music_btn_play.o
LOAD obj/Release/apps/common/ui/lvgl_app/lv_demos/src/lv_demo_music/assets/img_lv_demo_music_btn_play_large.o
LOAD obj/Release/apps/common/ui/lvgl_app/lv_demos/src/lv_demo_music/assets/img_lv_demo_music_btn_prev.o
LOAD obj/Release/apps/common/ui/lvgl_app/lv_demos/src/lv_demo_music/assets/img_lv_demo_music_btn_prev_large.o
LOAD obj/Release/apps/common/ui/lvgl_app/lv_demos/src/lv_demo_music/assets/img_lv_demo_music_btn_rnd.o
LOAD obj/Release/apps/common/ui/lvgl_app/lv_demos/src/lv_demo_music/assets/img_lv_demo_music_btn_rnd_large.o
LOAD obj/Release/apps/common/ui/lvgl_app/lv_demos/src/lv_demo_music/assets/img_lv_demo_music_corner_left.o
LOAD obj/Release/apps/common/ui/lvgl_app/lv_demos/src/lv_demo_music/assets/img_lv_demo_music_corner_left_large.o
LOAD obj/Release/apps/common/ui/lvgl_app/lv_demos/src/lv_demo_music/assets/img_lv_demo_music_corner_right.o
LOAD obj/Release/apps/common/ui/lvgl_app/lv_demos/src/lv_demo_music/assets/img_lv_demo_music_corner_right_large.o
LOAD obj/Release/apps/common/ui/lvgl_app/lv_demos/src/lv_demo_music/assets/img_lv_demo_music_cover_1.o
LOAD obj/Release/apps/common/ui/lvgl_app/lv_demos/src/lv_demo_music/assets/img_lv_demo_music_cover_1_large.o
LOAD obj/Release/apps/common/ui/lvgl_app/lv_demos/src/lv_demo_music/assets/img_lv_demo_music_cover_2.o
LOAD obj/Release/apps/common/ui/lvgl_app/lv_demos/src/lv_demo_music/assets/img_lv_demo_music_cover_2_large.o
LOAD obj/Release/apps/common/ui/lvgl_app/lv_demos/src/lv_demo_music/assets/img_lv_demo_music_cover_3.o
LOAD obj/Release/apps/common/ui/lvgl_app/lv_demos/src/lv_demo_music/assets/img_lv_demo_music_cover_3_large.o
LOAD obj/Release/apps/common/ui/lvgl_app/lv_demos/src/lv_demo_music/assets/img_lv_demo_music_icon_1.o
LOAD obj/Release/apps/common/ui/lvgl_app/lv_demos/src/lv_demo_music/assets/img_lv_demo_music_icon_1_large.o
LOAD obj/Release/apps/common/ui/lvgl_app/lv_demos/src/lv_demo_music/assets/img_lv_demo_music_icon_2.o
LOAD obj/Release/apps/common/ui/lvgl_app/lv_demos/src/lv_demo_music/assets/img_lv_demo_music_icon_2_large.o
LOAD obj/Release/apps/common/ui/lvgl_app/lv_demos/src/lv_demo_music/assets/img_lv_demo_music_icon_3.o
LOAD obj/Release/apps/common/ui/lvgl_app/lv_demos/src/lv_demo_music/assets/img_lv_demo_music_icon_3_large.o
LOAD obj/Release/apps/common/ui/lvgl_app/lv_demos/src/lv_demo_music/assets/img_lv_demo_music_icon_4.o
LOAD obj/Release/apps/common/ui/lvgl_app/lv_demos/src/lv_demo_music/assets/img_lv_demo_music_icon_4_large.o
LOAD obj/Release/apps/common/ui/lvgl_app/lv_demos/src/lv_demo_music/assets/img_lv_demo_music_list_border.o
LOAD obj/Release/apps/common/ui/lvgl_app/lv_demos/src/lv_demo_music/assets/img_lv_demo_music_list_border_large.o
LOAD obj/Release/apps/common/ui/lvgl_app/lv_demos/src/lv_demo_music/assets/img_lv_demo_music_logo.o
LOAD obj/Release/apps/common/ui/lvgl_app/lv_demos/src/lv_demo_music/assets/img_lv_demo_music_slider_knob.o
LOAD obj/Release/apps/common/ui/lvgl_app/lv_demos/src/lv_demo_music/assets/img_lv_demo_music_slider_knob_large.o
LOAD obj/Release/apps/common/ui/lvgl_app/lv_demos/src/lv_demo_music/assets/img_lv_demo_music_wave_bottom.o
LOAD obj/Release/apps/common/ui/lvgl_app/lv_demos/src/lv_demo_music/assets/img_lv_demo_music_wave_bottom_large.o
LOAD obj/Release/apps/common/ui/lvgl_app/lv_demos/src/lv_demo_music/assets/img_lv_demo_music_wave_top.o
LOAD obj/Release/apps/common/ui/lvgl_app/lv_demos/src/lv_demo_music/assets/img_lv_demo_music_wave_top_large.o
LOAD obj/Release/apps/common/ui/lvgl_app/lv_demos/src/lv_demo_music/lv_demo_music.o
LOAD obj/Release/apps/common/ui/lvgl_app/lv_demos/src/lv_demo_music/lv_demo_music_list.o
LOAD obj/Release/apps/common/ui/lvgl_app/lv_demos/src/lv_demo_music/lv_demo_music_main.o
LOAD obj/Release/apps/common/ui/lvgl_app/lv_demos/src/lv_demo_stress/assets/lv_font_montserrat_12_compr_az.o
LOAD obj/Release/apps/common/ui/lvgl_app/lv_demos/src/lv_demo_stress/assets/lv_font_montserrat_16_compr_az.o
LOAD obj/Release/apps/common/ui/lvgl_app/lv_demos/src/lv_demo_stress/assets/lv_font_montserrat_28_compr_az.o
LOAD obj/Release/apps/common/ui/lvgl_app/lv_demos/src/lv_demo_stress/lv_demo_stress.o
LOAD obj/Release/apps/common/ui/lvgl_app/lv_demos/src/lv_demo_widgets/assets/img_clothes.o
LOAD obj/Release/apps/common/ui/lvgl_app/lv_demos/src/lv_demo_widgets/assets/img_demo_widgets_avatar.o
LOAD obj/Release/apps/common/ui/lvgl_app/lv_demos/src/lv_demo_widgets/assets/img_lvgl_logo.o
LOAD obj/Release/apps/common/ui/lvgl_app/lv_demos/src/lv_demo_widgets/lv_demo_widgets.o
LOAD obj/Release/apps/common/ui/lvgl_v810/src/core/lv_disp.o
LOAD obj/Release/apps/common/ui/lvgl_v810/src/core/lv_event.o
LOAD obj/Release/apps/common/ui/lvgl_v810/src/core/lv_group.o
LOAD obj/Release/apps/common/ui/lvgl_v810/src/core/lv_indev.o
LOAD obj/Release/apps/common/ui/lvgl_v810/src/core/lv_indev_scroll.o
LOAD obj/Release/apps/common/ui/lvgl_v810/src/core/lv_obj.o
LOAD obj/Release/apps/common/ui/lvgl_v810/src/core/lv_obj_class.o
LOAD obj/Release/apps/common/ui/lvgl_v810/src/core/lv_obj_draw.o
LOAD obj/Release/apps/common/ui/lvgl_v810/src/core/lv_obj_pos.o
LOAD obj/Release/apps/common/ui/lvgl_v810/src/core/lv_obj_scroll.o
LOAD obj/Release/apps/common/ui/lvgl_v810/src/core/lv_obj_style.o
LOAD obj/Release/apps/common/ui/lvgl_v810/src/core/lv_obj_style_gen.o
LOAD obj/Release/apps/common/ui/lvgl_v810/src/core/lv_obj_tree.o
LOAD obj/Release/apps/common/ui/lvgl_v810/src/core/lv_refr.o
LOAD obj/Release/apps/common/ui/lvgl_v810/src/core/lv_theme.o
LOAD obj/Release/apps/common/ui/lvgl_v810/src/draw/lv_draw_arc.o
LOAD obj/Release/apps/common/ui/lvgl_v810/src/draw/lv_draw_blend.o
LOAD obj/Release/apps/common/ui/lvgl_v810/src/draw/lv_draw_img.o
LOAD obj/Release/apps/common/ui/lvgl_v810/src/draw/lv_draw_label.o
LOAD obj/Release/apps/common/ui/lvgl_v810/src/draw/lv_draw_line.o
LOAD obj/Release/apps/common/ui/lvgl_v810/src/draw/lv_draw_mask.o
LOAD obj/Release/apps/common/ui/lvgl_v810/src/draw/lv_draw_rect.o
LOAD obj/Release/apps/common/ui/lvgl_v810/src/draw/lv_draw_triangle.o
LOAD obj/Release/apps/common/ui/lvgl_v810/src/draw/lv_img_buf.o
LOAD obj/Release/apps/common/ui/lvgl_v810/src/draw/lv_img_cache.o
LOAD obj/Release/apps/common/ui/lvgl_v810/src/draw/lv_img_decoder.o
LOAD obj/Release/apps/common/ui/lvgl_v810/src/extra/layouts/flex/lv_flex.o
LOAD obj/Release/apps/common/ui/lvgl_v810/src/extra/layouts/grid/lv_grid.o
LOAD obj/Release/apps/common/ui/lvgl_v810/src/extra/lv_extra.o
LOAD obj/Release/apps/common/ui/lvgl_v810/src/extra/others/snapshot/lv_snapshot.o
LOAD obj/Release/apps/common/ui/lvgl_v810/src/extra/themes/basic/lv_theme_basic.o
LOAD obj/Release/apps/common/ui/lvgl_v810/src/extra/themes/default/lv_theme_default.o
LOAD obj/Release/apps/common/ui/lvgl_v810/src/extra/themes/mono/lv_theme_mono.o
LOAD obj/Release/apps/common/ui/lvgl_v810/src/extra/widgets/animimg/lv_animimg.o
LOAD obj/Release/apps/common/ui/lvgl_v810/src/extra/widgets/calendar/lv_calendar.o
LOAD obj/Release/apps/common/ui/lvgl_v810/src/extra/widgets/calendar/lv_calendar_header_arrow.o
LOAD obj/Release/apps/common/ui/lvgl_v810/src/extra/widgets/calendar/lv_calendar_header_dropdown.o
LOAD obj/Release/apps/common/ui/lvgl_v810/src/extra/widgets/chart/lv_chart.o
LOAD obj/Release/apps/common/ui/lvgl_v810/src/extra/widgets/colorwheel/lv_colorwheel.o
LOAD obj/Release/apps/common/ui/lvgl_v810/src/extra/widgets/imgbtn/lv_imgbtn.o
LOAD obj/Release/apps/common/ui/lvgl_v810/src/extra/widgets/keyboard/lv_keyboard.o
LOAD obj/Release/apps/common/ui/lvgl_v810/src/extra/widgets/led/lv_led.o
LOAD obj/Release/apps/common/ui/lvgl_v810/src/extra/widgets/list/lv_list.o
LOAD obj/Release/apps/common/ui/lvgl_v810/src/extra/widgets/meter/lv_meter.o
LOAD obj/Release/apps/common/ui/lvgl_v810/src/extra/widgets/msgbox/lv_msgbox.o
LOAD obj/Release/apps/common/ui/lvgl_v810/src/extra/widgets/span/lv_span.o
LOAD obj/Release/apps/common/ui/lvgl_v810/src/extra/widgets/spinbox/lv_spinbox.o
LOAD obj/Release/apps/common/ui/lvgl_v810/src/extra/widgets/spinner/lv_spinner.o
LOAD obj/Release/apps/common/ui/lvgl_v810/src/extra/widgets/tabview/lv_tabview.o
LOAD obj/Release/apps/common/ui/lvgl_v810/src/extra/widgets/tileview/lv_tileview.o
LOAD obj/Release/apps/common/ui/lvgl_v810/src/extra/widgets/win/lv_win.o
LOAD obj/Release/apps/common/ui/lvgl_v810/src/font/lv_font.o
LOAD obj/Release/apps/common/ui/lvgl_v810/src/font/lv_font_dejavu_16_persian_hebrew.o
LOAD obj/Release/apps/common/ui/lvgl_v810/src/font/lv_font_fmt_txt.o
LOAD obj/Release/apps/common/ui/lvgl_v810/src/font/lv_font_loader.o
LOAD obj/Release/apps/common/ui/lvgl_v810/src/font/lv_font_montserrat_10.o
LOAD obj/Release/apps/common/ui/lvgl_v810/src/font/lv_font_montserrat_12.o
LOAD obj/Release/apps/common/ui/lvgl_v810/src/font/lv_font_montserrat_12_subpx.o
LOAD obj/Release/apps/common/ui/lvgl_v810/src/font/lv_font_montserrat_14.o
LOAD obj/Release/apps/common/ui/lvgl_v810/src/font/lv_font_montserrat_16.o
LOAD obj/Release/apps/common/ui/lvgl_v810/src/font/lv_font_montserrat_18.o
LOAD obj/Release/apps/common/ui/lvgl_v810/src/font/lv_font_montserrat_20.o
LOAD obj/Release/apps/common/ui/lvgl_v810/src/font/lv_font_montserrat_22.o
LOAD obj/Release/apps/common/ui/lvgl_v810/src/font/lv_font_montserrat_24.o
LOAD obj/Release/apps/common/ui/lvgl_v810/src/font/lv_font_montserrat_26.o
LOAD obj/Release/apps/common/ui/lvgl_v810/src/font/lv_font_montserrat_28.o
LOAD obj/Release/apps/common/ui/lvgl_v810/src/font/lv_font_montserrat_28_compressed.o
LOAD obj/Release/apps/common/ui/lvgl_v810/src/font/lv_font_montserrat_30.o
LOAD obj/Release/apps/common/ui/lvgl_v810/src/font/lv_font_montserrat_32.o
LOAD obj/Release/apps/common/ui/lvgl_v810/src/font/lv_font_montserrat_34.o
LOAD obj/Release/apps/common/ui/lvgl_v810/src/font/lv_font_montserrat_36.o
LOAD obj/Release/apps/common/ui/lvgl_v810/src/font/lv_font_montserrat_38.o
LOAD obj/Release/apps/common/ui/lvgl_v810/src/font/lv_font_montserrat_40.o
LOAD obj/Release/apps/common/ui/lvgl_v810/src/font/lv_font_montserrat_42.o
LOAD obj/Release/apps/common/ui/lvgl_v810/src/font/lv_font_montserrat_44.o
LOAD obj/Release/apps/common/ui/lvgl_v810/src/font/lv_font_montserrat_46.o
LOAD obj/Release/apps/common/ui/lvgl_v810/src/font/lv_font_montserrat_48.o
LOAD obj/Release/apps/common/ui/lvgl_v810/src/font/lv_font_montserrat_8.o
LOAD obj/Release/apps/common/ui/lvgl_v810/src/font/lv_font_simsun_16_cjk.o
LOAD obj/Release/apps/common/ui/lvgl_v810/src/font/lv_font_unscii_16.o
LOAD obj/Release/apps/common/ui/lvgl_v810/src/font/lv_font_unscii_8.o
LOAD obj/Release/apps/common/ui/lvgl_v810/src/gpu/lv_gpu_nxp_pxp.o
LOAD obj/Release/apps/common/ui/lvgl_v810/src/gpu/lv_gpu_nxp_pxp_osa.o
LOAD obj/Release/apps/common/ui/lvgl_v810/src/gpu/lv_gpu_nxp_vglite.o
LOAD obj/Release/apps/common/ui/lvgl_v810/src/gpu/lv_gpu_sdl.o
LOAD obj/Release/apps/common/ui/lvgl_v810/src/gpu/lv_gpu_stm32_dma2d.o
LOAD obj/Release/apps/common/ui/lvgl_v810/src/hal/lv_hal_disp.o
LOAD obj/Release/apps/common/ui/lvgl_v810/src/hal/lv_hal_indev.o
LOAD obj/Release/apps/common/ui/lvgl_v810/src/hal/lv_hal_tick.o
LOAD obj/Release/apps/common/ui/lvgl_v810/src/misc/lv_anim.o
LOAD obj/Release/apps/common/ui/lvgl_v810/src/misc/lv_anim_timeline.o
LOAD obj/Release/apps/common/ui/lvgl_v810/src/misc/lv_area.o
LOAD obj/Release/apps/common/ui/lvgl_v810/src/misc/lv_async.o
LOAD obj/Release/apps/common/ui/lvgl_v810/src/misc/lv_bidi.o
LOAD obj/Release/apps/common/ui/lvgl_v810/src/misc/lv_color.o
LOAD obj/Release/apps/common/ui/lvgl_v810/src/misc/lv_fs.o
LOAD obj/Release/apps/common/ui/lvgl_v810/src/misc/lv_gc.o
LOAD obj/Release/apps/common/ui/lvgl_v810/src/misc/lv_ll.o
LOAD obj/Release/apps/common/ui/lvgl_v810/src/misc/lv_log.o
LOAD obj/Release/apps/common/ui/lvgl_v810/src/misc/lv_math.o
LOAD obj/Release/apps/common/ui/lvgl_v810/src/misc/lv_mem.o
LOAD obj/Release/apps/common/ui/lvgl_v810/src/misc/lv_printf.o
LOAD obj/Release/apps/common/ui/lvgl_v810/src/misc/lv_style.o
LOAD obj/Release/apps/common/ui/lvgl_v810/src/misc/lv_style_gen.o
LOAD obj/Release/apps/common/ui/lvgl_v810/src/misc/lv_timer.o
LOAD obj/Release/apps/common/ui/lvgl_v810/src/misc/lv_tlsf.o
LOAD obj/Release/apps/common/ui/lvgl_v810/src/misc/lv_txt.o
LOAD obj/Release/apps/common/ui/lvgl_v810/src/misc/lv_txt_ap.o
LOAD obj/Release/apps/common/ui/lvgl_v810/src/misc/lv_utils.o
LOAD obj/Release/apps/common/ui/lvgl_v810/src/widgets/lv_arc.o
LOAD obj/Release/apps/common/ui/lvgl_v810/src/widgets/lv_bar.o
LOAD obj/Release/apps/common/ui/lvgl_v810/src/widgets/lv_btn.o
LOAD obj/Release/apps/common/ui/lvgl_v810/src/widgets/lv_btnmatrix.o
LOAD obj/Release/apps/common/ui/lvgl_v810/src/widgets/lv_canvas.o
LOAD obj/Release/apps/common/ui/lvgl_v810/src/widgets/lv_checkbox.o
LOAD obj/Release/apps/common/ui/lvgl_v810/src/widgets/lv_dropdown.o
LOAD obj/Release/apps/common/ui/lvgl_v810/src/widgets/lv_img.o
LOAD obj/Release/apps/common/ui/lvgl_v810/src/widgets/lv_label.o
LOAD obj/Release/apps/common/ui/lvgl_v810/src/widgets/lv_line.o
LOAD obj/Release/apps/common/ui/lvgl_v810/src/widgets/lv_roller.o
LOAD obj/Release/apps/common/ui/lvgl_v810/src/widgets/lv_slider.o
LOAD obj/Release/apps/common/ui/lvgl_v810/src/widgets/lv_switch.o
LOAD obj/Release/apps/common/ui/lvgl_v810/src/widgets/lv_table.o
LOAD obj/Release/apps/common/ui/lvgl_v810/src/widgets/lv_textarea.o
LOAD obj/Release/apps/common/update/ex_flash_file_download.o
LOAD obj/Release/apps/common/update/norflash_ufw_update.o
LOAD obj/Release/apps/common/update/norflash_update.o
LOAD obj/Release/apps/common/update/testbox_update.o
LOAD obj/Release/apps/common/update/uart_update.o
LOAD obj/Release/apps/common/update/uart_update_master.o
LOAD obj/Release/apps/common/update/update.o
LOAD obj/Release/apps/watch/aec/br28/audio_aec.o
LOAD obj/Release/apps/watch/aec/br28/audio_aec_demo.o
LOAD obj/Release/apps/watch/app_main.o
LOAD obj/Release/apps/watch/board/br28/board_7012a_demo/board_7012a_demo.o
LOAD obj/Release/apps/watch/board/br28/board_7012a_demo/key_table/adkey_table.o
LOAD obj/Release/apps/watch/board/br28/board_7012a_demo/key_table/iokey_table.o
LOAD obj/Release/apps/watch/board/br28/board_7012a_demo/key_table/irkey_table.o
LOAD obj/Release/apps/watch/board/br28/board_7012a_demo/key_table/rdec_key_table.o
LOAD obj/Release/apps/watch/board/br28/board_7012a_demo/key_table/touch_key_table.o
LOAD obj/Release/apps/watch/board/br28/board_701n_demo/board_701n_demo.o
LOAD obj/Release/apps/watch/board/br28/board_701n_demo/key_table/adkey_table.o
LOAD obj/Release/apps/watch/board/br28/board_701n_demo/key_table/iokey_table.o
LOAD obj/Release/apps/watch/board/br28/board_701n_demo/key_table/irkey_table.o
LOAD obj/Release/apps/watch/board/br28/board_701n_demo/key_table/rdec_key_table.o
LOAD obj/Release/apps/watch/board/br28/board_701n_demo/key_table/touch_key_table.o
LOAD obj/Release/apps/watch/board/br28/board_701n_lvgl_demo/board_701n_lvgl_demo.o
LOAD obj/Release/apps/watch/board/br28/board_701n_lvgl_demo/key_table/adkey_table.o
LOAD obj/Release/apps/watch/board/br28/board_701n_lvgl_demo/key_table/iokey_table.o
LOAD obj/Release/apps/watch/board/br28/board_701n_lvgl_demo/key_table/irkey_table.o
LOAD obj/Release/apps/watch/board/br28/board_701n_lvgl_demo/key_table/rdec_key_table.o
LOAD obj/Release/apps/watch/board/br28/board_701n_lvgl_demo/key_table/touch_key_table.o
LOAD obj/Release/apps/watch/common/dev_status.o
LOAD obj/Release/apps/watch/common/init.o
LOAD obj/Release/apps/watch/common/sport_data/altitude_presure.o
LOAD obj/Release/apps/watch/common/sport_data/blood_oxygen.o
LOAD obj/Release/apps/watch/common/sport_data/detection_response.o
LOAD obj/Release/apps/watch/common/sport_data/heart_rate.o
LOAD obj/Release/apps/watch/common/sport_data/sleep.o
LOAD obj/Release/apps/watch/common/sport_data/sport.o
LOAD obj/Release/apps/watch/common/sport_data/watch_common.o
LOAD obj/Release/apps/watch/common/sport_data/watch_time_common.o
LOAD obj/Release/apps/watch/common/step_calcul.o
LOAD obj/Release/apps/watch/common/task_table.o
LOAD obj/Release/apps/watch/common/tone_table.o
LOAD obj/Release/apps/watch/common/user_cfg.o
LOAD obj/Release/apps/watch/font/fontinit.o
LOAD obj/Release/apps/watch/log_config/app_config.o
LOAD obj/Release/apps/watch/log_config/lib_btctrler_config.o
LOAD obj/Release/apps/watch/log_config/lib_btstack_config.o
LOAD obj/Release/apps/watch/log_config/lib_driver_config.o
LOAD obj/Release/apps/watch/log_config/lib_media_config.o
LOAD obj/Release/apps/watch/log_config/lib_system_config.o
LOAD obj/Release/apps/watch/log_config/lib_update_config.o
LOAD obj/Release/apps/watch/power_manage/app_charge.o
LOAD obj/Release/apps/watch/power_manage/app_chargestore.o
LOAD obj/Release/apps/watch/power_manage/app_power_manage.o
LOAD obj/Release/apps/watch/sdk_version.z.o
LOAD obj/Release/apps/watch/smartbox/browser/browser.o
LOAD obj/Release/apps/watch/smartbox/bt_manage/bt_trans_data/le_smartbox_adv.o
LOAD obj/Release/apps/watch/smartbox/bt_manage/bt_trans_data/le_smartbox_module.o
LOAD obj/Release/apps/watch/smartbox/bt_manage/smartbox_bt_manage.o
LOAD obj/Release/apps/watch/smartbox/cmd_data_deal/cmd_recieve.o
LOAD obj/Release/apps/watch/smartbox/cmd_data_deal/cmd_recieve_no_respone.o
LOAD obj/Release/apps/watch/smartbox/cmd_data_deal/cmd_respone.o
LOAD obj/Release/apps/watch/smartbox/cmd_data_deal/cmd_user.o
LOAD obj/Release/apps/watch/smartbox/cmd_data_deal/command.o
LOAD obj/Release/apps/watch/smartbox/cmd_data_deal/data_recieve.o
LOAD obj/Release/apps/watch/smartbox/cmd_data_deal/data_recieve_no_respone.o
LOAD obj/Release/apps/watch/smartbox/cmd_data_deal/data_respone.o
LOAD obj/Release/apps/watch/smartbox/config.o
LOAD obj/Release/apps/watch/smartbox/event.o
LOAD obj/Release/apps/watch/smartbox/external_flash/smartbox_extra_flash_cmd.o
LOAD obj/Release/apps/watch/smartbox/external_flash/smartbox_extra_flash_opt.o
LOAD obj/Release/apps/watch/smartbox/feature.o
LOAD obj/Release/apps/watch/smartbox/file_transfer/dev_format.o
LOAD obj/Release/apps/watch/smartbox/file_transfer/file_bluk_trans_prepare.o
LOAD obj/Release/apps/watch/smartbox/file_transfer/file_delete.o
LOAD obj/Release/apps/watch/smartbox/file_transfer/file_env_prepare.o
LOAD obj/Release/apps/watch/smartbox/file_transfer/file_simple_transfer.o
LOAD obj/Release/apps/watch/smartbox/file_transfer/file_trans_back.o
LOAD obj/Release/apps/watch/smartbox/file_transfer/file_transfer.o
LOAD obj/Release/apps/watch/smartbox/func_cmd/bt_func.o
LOAD obj/Release/apps/watch/smartbox/func_cmd/fm_func.o
LOAD obj/Release/apps/watch/smartbox/func_cmd/linein_func.o
LOAD obj/Release/apps/watch/smartbox/func_cmd/music_func.o
LOAD obj/Release/apps/watch/smartbox/func_cmd/rtc_func.o
LOAD obj/Release/apps/watch/smartbox/function.o
LOAD obj/Release/apps/watch/smartbox/sensors_data_opt/nfc_data_opt.o
LOAD obj/Release/apps/watch/smartbox/sensors_data_opt/sensor_log_notify.o
LOAD obj/Release/apps/watch/smartbox/sensors_data_opt/sensors_data_opt.o
LOAD obj/Release/apps/watch/smartbox/sensors_data_opt/sport_data_func.o
LOAD obj/Release/apps/watch/smartbox/sensors_data_opt/sport_data_info_opt/sport_info_bt_disconn.o
LOAD obj/Release/apps/watch/smartbox/sensors_data_opt/sport_data_info_opt/sport_info_continuous_heart_rate.o
LOAD obj/Release/apps/watch/smartbox/sensors_data_opt/sport_data_info_opt/sport_info_exercise_heart_rate.o
LOAD obj/Release/apps/watch/smartbox/sensors_data_opt/sport_data_info_opt/sport_info_fall_detection.o
LOAD obj/Release/apps/watch/smartbox/sensors_data_opt/sport_data_info_opt/sport_info_personal_info.o
LOAD obj/Release/apps/watch/smartbox/sensors_data_opt/sport_data_info_opt/sport_info_pressure_detection.o
LOAD obj/Release/apps/watch/smartbox/sensors_data_opt/sport_data_info_opt/sport_info_raise_wrist.o
LOAD obj/Release/apps/watch/smartbox/sensors_data_opt/sport_data_info_opt/sport_info_sedentary.o
LOAD obj/Release/apps/watch/smartbox/sensors_data_opt/sport_data_info_opt/sport_info_sensor_opt.o
LOAD obj/Release/apps/watch/smartbox/sensors_data_opt/sport_data_info_opt/sport_info_sleep_detection.o
LOAD obj/Release/apps/watch/smartbox/sensors_data_opt/sport_info_opt.o
LOAD obj/Release/apps/watch/smartbox/sensors_data_opt/sport_info_sync.o
LOAD obj/Release/apps/watch/smartbox/sensors_data_opt/sport_info_vm.o
LOAD obj/Release/apps/watch/smartbox/sensors_data_opt/sports_data_opt/sport_data_air_pressure.o
LOAD obj/Release/apps/watch/smartbox/sensors_data_opt/sports_data_opt/sport_data_altitude.o
LOAD obj/Release/apps/watch/smartbox/sensors_data_opt/sports_data_opt/sport_data_blood_oxygen.o
LOAD obj/Release/apps/watch/smartbox/sensors_data_opt/sports_data_opt/sport_data_exercise_recovery_time.o
LOAD obj/Release/apps/watch/smartbox/sensors_data_opt/sports_data_opt/sport_data_exercise_steps.o
LOAD obj/Release/apps/watch/smartbox/sensors_data_opt/sports_data_opt/sport_data_heart_rate.o
LOAD obj/Release/apps/watch/smartbox/sensors_data_opt/sports_data_opt/sport_data_max_oxygen_uptake.o
LOAD obj/Release/apps/watch/smartbox/sensors_data_opt/sports_data_opt/sport_data_pressure_detection.o
LOAD obj/Release/apps/watch/smartbox/sensors_data_opt/sports_data_opt/sport_data_sports_information.o
LOAD obj/Release/apps/watch/smartbox/sensors_data_opt/sports_data_opt/sport_data_training_load.o
LOAD obj/Release/apps/watch/smartbox/smartbox.o
LOAD obj/Release/apps/watch/smartbox/smartbox_rcsp_manage.o
LOAD obj/Release/apps/watch/smartbox/smartbox_setting/adv_bt_name_setting.o
LOAD obj/Release/apps/watch/smartbox/smartbox_setting/adv_key_setting.o
LOAD obj/Release/apps/watch/smartbox/smartbox_setting/adv_led_setting.o
LOAD obj/Release/apps/watch/smartbox/smartbox_setting/adv_mic_setting.o
LOAD obj/Release/apps/watch/smartbox/smartbox_setting/adv_time_stamp_setting.o
LOAD obj/Release/apps/watch/smartbox/smartbox_setting/adv_work_setting.o
LOAD obj/Release/apps/watch/smartbox/smartbox_setting/smartbox_color_led_setting.o
LOAD obj/Release/apps/watch/smartbox/smartbox_setting/smartbox_eq_setting.o
LOAD obj/Release/apps/watch/smartbox/smartbox_setting/smartbox_high_low_vol_setting.o
LOAD obj/Release/apps/watch/smartbox/smartbox_setting/smartbox_karaoke_eq_setting.o
LOAD obj/Release/apps/watch/smartbox/smartbox_setting/smartbox_karaoke_setting.o
LOAD obj/Release/apps/watch/smartbox/smartbox_setting/smartbox_misc_setting/smartbox_misc_drc_setting.o
LOAD obj/Release/apps/watch/smartbox/smartbox_setting/smartbox_misc_setting/smartbox_misc_reverbration_setting.o
LOAD obj/Release/apps/watch/smartbox/smartbox_setting/smartbox_misc_setting/smartbox_misc_setting.o
LOAD obj/Release/apps/watch/smartbox/smartbox_setting/smartbox_music_info_setting.o
LOAD obj/Release/apps/watch/smartbox/smartbox_setting/smartbox_vol_setting.o
LOAD obj/Release/apps/watch/smartbox/smartbox_setting_opt/smartbox_adv_bluetooth.o
LOAD obj/Release/apps/watch/smartbox/smartbox_setting_opt/smartbox_setting_opt.o
LOAD obj/Release/apps/watch/smartbox/smartbox_setting_opt/smartbox_setting_sync.o
LOAD obj/Release/apps/watch/smartbox/smartbox_task.o
LOAD obj/Release/apps/watch/smartbox/smartbox_update/rcsp_ch_loader_download.o
LOAD obj/Release/apps/watch/smartbox/smartbox_update/smartbox_update.o
LOAD obj/Release/apps/watch/smartbox/smartbox_update/smartbox_update_tws.o
LOAD obj/Release/apps/watch/smartbox/switch_device.o
LOAD obj/Release/apps/watch/sport/manage_source.o
LOAD obj/Release/apps/watch/sport/message_vm_cfg.o
LOAD obj/Release/apps/watch/sport/sport_api.o
LOAD obj/Release/apps/watch/task_manager/app_common.o
LOAD obj/Release/apps/watch/task_manager/app_task_switch.o
LOAD obj/Release/apps/watch/task_manager/bt/bt.o
LOAD obj/Release/apps/watch/task_manager/bt/bt_ble.o
LOAD obj/Release/apps/watch/task_manager/bt/bt_emitter.o
LOAD obj/Release/apps/watch/task_manager/bt/bt_event_fun.o
LOAD obj/Release/apps/watch/task_manager/bt/bt_key_fun.o
LOAD obj/Release/apps/watch/task_manager/bt/bt_product_test.o
LOAD obj/Release/apps/watch/task_manager/bt/bt_switch_fun.o
LOAD obj/Release/apps/watch/task_manager/bt/bt_tws.o
LOAD obj/Release/apps/watch/task_manager/bt/vol_sync.o
LOAD obj/Release/apps/watch/task_manager/idle/idle.o
LOAD obj/Release/apps/watch/task_manager/music/music.o
LOAD obj/Release/apps/watch/task_manager/pc/pc.o
LOAD obj/Release/apps/watch/task_manager/power_off/power_off.o
LOAD obj/Release/apps/watch/task_manager/power_on/power_on.o
LOAD obj/Release/apps/watch/task_manager/rtc/alarm_api.o
LOAD obj/Release/apps/watch/task_manager/rtc/alarm_user.o
LOAD obj/Release/apps/watch/task_manager/rtc/rtc.o
LOAD obj/Release/apps/watch/task_manager/rtc/virtual_rtc.o
LOAD obj/Release/apps/watch/task_manager/task_key.o
LOAD obj/Release/apps/watch/third_party_profile/ancs_client_demo/ancs_client_demo.o
LOAD obj/Release/apps/watch/third_party_profile/trans_data_demo/trans_data_demo.o
LOAD obj/Release/apps/watch/ui/lcd/lyrics_api.o
LOAD obj/Release/apps/watch/ui/lcd/STYLE_WATCH_NEW/ui_action_alarm.o
LOAD obj/Release/apps/watch/ui/lcd/STYLE_WATCH_NEW/ui_action_altimeter.o
LOAD obj/Release/apps/watch/ui/lcd/STYLE_WATCH_NEW/ui_action_breath_train.o
LOAD obj/Release/apps/watch/ui/lcd/STYLE_WATCH_NEW/ui_action_detection.o
LOAD obj/Release/apps/watch/ui/lcd/STYLE_WATCH_NEW/ui_action_dial.o
LOAD obj/Release/apps/watch/ui/lcd/STYLE_WATCH_NEW/ui_action_file.o
LOAD obj/Release/apps/watch/ui/lcd/STYLE_WATCH_NEW/ui_action_findphone.o
LOAD obj/Release/apps/watch/ui/lcd/STYLE_WATCH_NEW/ui_action_flashlight.o
LOAD obj/Release/apps/watch/ui/lcd/STYLE_WATCH_NEW/ui_action_heat.o
LOAD obj/Release/apps/watch/ui/lcd/STYLE_WATCH_NEW/ui_action_menu.o
LOAD obj/Release/apps/watch/ui/lcd/STYLE_WATCH_NEW/ui_action_music.o
LOAD obj/Release/apps/watch/ui/lcd/STYLE_WATCH_NEW/ui_action_music_menu.o
LOAD obj/Release/apps/watch/ui/lcd/STYLE_WATCH_NEW/ui_action_notice.o
LOAD obj/Release/apps/watch/ui/lcd/STYLE_WATCH_NEW/ui_action_oxygen.o
LOAD obj/Release/apps/watch/ui/lcd/STYLE_WATCH_NEW/ui_action_pc.o
LOAD obj/Release/apps/watch/ui/lcd/STYLE_WATCH_NEW/ui_action_pressure.o
LOAD obj/Release/apps/watch/ui/lcd/STYLE_WATCH_NEW/ui_action_pulldown_menu.o
LOAD obj/Release/apps/watch/ui/lcd/STYLE_WATCH_NEW/ui_action_qr_code.o
LOAD obj/Release/apps/watch/ui/lcd/STYLE_WATCH_NEW/ui_action_set.o
LOAD obj/Release/apps/watch/ui/lcd/STYLE_WATCH_NEW/ui_action_sport_info.o
LOAD obj/Release/apps/watch/ui/lcd/STYLE_WATCH_NEW/ui_action_sportrecord.o
LOAD obj/Release/apps/watch/ui/lcd/STYLE_WATCH_NEW/ui_action_standby_dial.o
LOAD obj/Release/apps/watch/ui/lcd/STYLE_WATCH_NEW/ui_action_stopwatch.o
LOAD obj/Release/apps/watch/ui/lcd/STYLE_WATCH_NEW/ui_action_train.o
LOAD obj/Release/apps/watch/ui/lcd/STYLE_WATCH_NEW/ui_action_train_status.o
LOAD obj/Release/apps/watch/ui/lcd/STYLE_WATCH_NEW/ui_action_voice.o
LOAD obj/Release/apps/watch/ui/lcd/STYLE_WATCH_NEW/ui_action_watch.o
LOAD obj/Release/apps/watch/ui/lcd/STYLE_WATCH_NEW/ui_action_watchex.o
LOAD obj/Release/apps/watch/ui/lcd/STYLE_WATCH_NEW/ui_action_weather.o
LOAD obj/Release/apps/watch/ui/lcd/STYLE_WATCH_NEW/ui_batcharge_action.o
LOAD obj/Release/apps/watch/ui/lcd/STYLE_WATCH_NEW/ui_bt_page_action.o
LOAD obj/Release/apps/watch/ui/lcd/STYLE_WATCH_NEW/ui_bt_page_api.o
LOAD obj/Release/apps/watch/ui/lcd/STYLE_WATCH_NEW/ui_bt_scan.o
LOAD obj/Release/apps/watch/ui/lcd/STYLE_WATCH_NEW/ui_page_touch.o
LOAD obj/Release/apps/watch/ui/lcd/STYLE_WATCH_NEW/ui_phone_action.o
LOAD obj/Release/apps/watch/ui/lcd/STYLE_WATCH_NEW/ui_phonebook_action.o
LOAD obj/Release/apps/watch/ui/lcd/STYLE_WATCH_NEW/ui_scan_touch.o
LOAD obj/Release/apps/watch/ui/lcd/STYLE_WATCH_NEW/ui_sportrecord_browse.o
LOAD obj/Release/apps/watch/ui/lcd/STYLE_WATCH_NEW/ui_timer_action.o
LOAD obj/Release/apps/watch/ui/lcd/STYLE_WATCH_NEW/ui_upgrade_action.o
LOAD obj/Release/apps/watch/ui/lcd/ui_screen_saver.o
LOAD obj/Release/apps/watch/ui/lcd/ui_sys_param_api.o
LOAD obj/Release/apps/watch/ui/lcd/watch_syscfg_manage.o
LOAD obj/Release/apps/watch/ui/led/pwm_led_api.o
LOAD obj/Release/apps/watch/ui/led/pwm_led_para_table.o
LOAD obj/Release/apps/watch/ui/lua_ui/lua_bsp.o
LOAD obj/Release/apps/watch/ui/lua_ui/lua_bt.o
LOAD obj/Release/apps/watch/ui/lua_ui/lua_device.o
LOAD obj/Release/apps/watch/ui/lua_ui/lua_gui.o
LOAD obj/Release/apps/watch/ui/lua_ui/lua_module.o
LOAD obj/Release/apps/watch/ui/lua_ui/lua_music.o
LOAD obj/Release/apps/watch/ui/lua_ui/lua_obj.o
LOAD obj/Release/apps/watch/ui/lua_ui/lua_obj_battery.o
LOAD obj/Release/apps/watch/ui/lua_ui/lua_obj_compass.o
LOAD obj/Release/apps/watch/ui/lua_ui/lua_obj_image.o
LOAD obj/Release/apps/watch/ui/lua_ui/lua_obj_layout.o
LOAD obj/Release/apps/watch/ui/lua_ui/lua_obj_list.o
LOAD obj/Release/apps/watch/ui/lua_ui/lua_obj_multiprogress.o
LOAD obj/Release/apps/watch/ui/lua_ui/lua_obj_number.o
LOAD obj/Release/apps/watch/ui/lua_ui/lua_obj_progress.o
LOAD obj/Release/apps/watch/ui/lua_ui/lua_obj_slider.o
LOAD obj/Release/apps/watch/ui/lua_ui/lua_obj_text.o
LOAD obj/Release/apps/watch/ui/lua_ui/lua_obj_time.o
LOAD obj/Release/apps/watch/ui/lua_ui/lua_obj_watch.o
LOAD obj/Release/apps/watch/ui/lua_ui/lua_sys.o
LOAD obj/Release/apps/watch/ui/lua_ui/lua_utils.o
LOAD obj/Release/apps/watch/ui/lua_ui/lua_weather.o
LOAD obj/Release/apps/watch/user_api/dev_multiplex_api.o
LOAD obj/Release/apps/watch/user_api/product_info_api.o
LOAD obj/Release/apps/watch/user_api/vm_api.o
LOAD obj/Release/apps/watch/version.o
LOAD obj/Release/cpu/br28/adc_api.o
LOAD obj/Release/cpu/br28/audio_codec_clock.o
LOAD obj/Release/cpu/br28/audio_common/app_audio.o
LOAD obj/Release/cpu/br28/audio_common/sound_pcm_demo.o
LOAD obj/Release/cpu/br28/audio_dec/audio_dec.o
LOAD obj/Release/cpu/br28/audio_dec/audio_dec_bt.o
LOAD obj/Release/cpu/br28/audio_dec/audio_dec_file.o
LOAD obj/Release/cpu/br28/audio_dec/audio_dec_fm.o
LOAD obj/Release/cpu/br28/audio_dec/audio_dec_linein.o
LOAD obj/Release/cpu/br28/audio_dec/audio_dec_midi_ctrl.o
LOAD obj/Release/cpu/br28/audio_dec/audio_dec_midi_file.o
LOAD obj/Release/cpu/br28/audio_dec/audio_dec_pc.o
LOAD obj/Release/cpu/br28/audio_dec/audio_dec_record.o
LOAD obj/Release/cpu/br28/audio_dec/audio_dec_spdif.o
LOAD obj/Release/cpu/br28/audio_dec/audio_dec_tone.o
LOAD obj/Release/cpu/br28/audio_dec/audio_spectrum.o
LOAD obj/Release/cpu/br28/audio_dec/audio_sync.o
LOAD obj/Release/cpu/br28/audio_dec/audio_usb_mic.o
LOAD obj/Release/cpu/br28/audio_dec/lfwordana_enc_api.o
LOAD obj/Release/cpu/br28/audio_dec/tone_player.o
LOAD obj/Release/cpu/br28/audio_effect/audio_eq_drc_demo.o
LOAD obj/Release/cpu/br28/audio_effect/eq_config.o
LOAD obj/Release/cpu/br28/audio_enc/audio_adc_demo.o
LOAD obj/Release/cpu/br28/audio_enc/audio_enc.o
LOAD obj/Release/cpu/br28/audio_enc/audio_enc_file.o
LOAD obj/Release/cpu/br28/audio_enc/audio_enc_recoder.o
LOAD obj/Release/cpu/br28/audio_enc/audio_mic_codec.o
LOAD obj/Release/cpu/br28/audio_enc/audio_sbc_codec.o
LOAD obj/Release/cpu/br28/audio_way/audio_app_stream.o
LOAD obj/Release/cpu/br28/audio_way/audio_bt_emitter/audio_bt_emitter.o
LOAD obj/Release/cpu/br28/audio_way/audio_bt_emitter/audio_bt_emitter_controller.o
LOAD obj/Release/cpu/br28/audio_way/audio_bt_emitter/audio_bt_emitter_dma.o
LOAD obj/Release/cpu/br28/audio_way/audio_bt_emitter/audio_bt_emitter_hw.o
LOAD obj/Release/cpu/br28/audio_way/audio_way.o
LOAD obj/Release/cpu/br28/audio_way/audio_way_bt_emitter.o
LOAD obj/Release/cpu/br28/audio_way/audio_way_dac.o
LOAD obj/Release/cpu/br28/charge.o
LOAD obj/Release/cpu/br28/chargestore.o
LOAD obj/Release/cpu/br28/clock_manager.o
LOAD obj/Release/cpu/br28/iic_hw.o
LOAD obj/Release/cpu/br28/iic_soft.o
LOAD obj/Release/cpu/br28/irflt.o
LOAD obj/Release/cpu/br28/localtws/localtws.o
LOAD obj/Release/cpu/br28/localtws/localtws_dec.o
LOAD obj/Release/cpu/br28/lua_port_api.o
LOAD obj/Release/cpu/br28/mcpwm.o
LOAD obj/Release/cpu/br28/overlay_code.o
LOAD obj/Release/cpu/br28/plcnt.o
LOAD obj/Release/cpu/br28/power_api.o
LOAD obj/Release/cpu/br28/pwm_led.o
LOAD obj/Release/cpu/br28/rdec.o
LOAD obj/Release/cpu/br28/setup.o
LOAD obj/Release/cpu/br28/spi.o
LOAD obj/Release/cpu/br28/uart_dev.o
LOAD obj/Release/cpu/br28/ui_driver/imb_demo.o
LOAD obj/Release/cpu/br28/ui_driver/interface/ui_platform.o
LOAD obj/Release/cpu/br28/ui_driver/lcd_drive/lcd_drive.o
LOAD obj/Release/cpu/br28/ui_driver/lcd_drive/lcd_mcu/lcd_mcu_JD5858_320x385.o
LOAD obj/Release/cpu/br28/ui_driver/lcd_drive/lcd_mcu/lcd_mcu_JD5858_360x360.o
LOAD obj/Release/cpu/br28/ui_driver/lcd_drive/lcd_rgb/lcd_rgb_st7789v_240x240.o
LOAD obj/Release/cpu/br28/ui_driver/lcd_drive/lcd_spi/lcd_spi_L_WEA2012_356x400.o
LOAD obj/Release/cpu/br28/ui_driver/lcd_drive/lcd_spi/lcd_spi_rm69330_454x454.o
LOAD obj/Release/cpu/br28/ui_driver/lcd_drive/lcd_spi/lcd_spi_sh8601a_454x454.o
LOAD obj/Release/cpu/br28/ui_driver/lcd_drive/lcd_spi/lcd_spi_st7789_BOE1.54_update_240x240.o
LOAD obj/Release/cpu/br28/ui_driver/lcd_drive/lcd_spi/lcd_spi_st7789v_240x240.o
LOAD obj/Release/cpu/br28/ui_driver/lcd_seg/lcd_seg3x9_driver.o
LOAD obj/Release/cpu/br28/ui_driver/led7/led7_driver.o
LOAD obj/Release/cpu/br28/ui_driver/LED_1888/LED1888.o
LOAD obj/Release/cpu/br28/ui_driver/lvgl/lv_port_disp.o
LOAD obj/Release/cpu/br28/ui_driver/lvgl/lv_port_fs.o
LOAD obj/Release/cpu/br28/ui_driver/lvgl/lv_port_indev.o
LOAD obj/Release/cpu/br28/ui_driver/lvgl/lvgl_main.o
LOAD obj/Release/cpu/br28/ui_driver/ui_common.o
LOAD obj/Release/cpu/br28/user_p11_cmd.o
START GROUP
LOAD cpu/br28/liba/cpu.a
LOAD cpu/br28/liba/system.a
LOAD cpu/br28/liba/btstack.a
LOAD cpu/br28/liba/rcsp_stack.a
LOAD cpu/br28/liba/tme_stack.a
LOAD cpu/br28/liba/btctrler.a
LOAD cpu/br28/liba/aec.a
LOAD cpu/br28/liba/media.a
LOAD cpu/br28/liba/libepmotion.a
LOAD cpu/br28/liba/libAptFilt_pi32v2_OnChip.a
LOAD cpu/br28/liba/libEchoSuppress_pi32v2_OnChip.a
LOAD cpu/br28/liba/libNoiseSuppress_pi32v2_OnChip.a
LOAD cpu/br28/liba/libSplittingFilter_pi32v2_OnChip.a
LOAD cpu/br28/liba/libDelayEstimate_pi32v2_OnChip.a
LOAD cpu/br28/liba/libAdaptiveEchoSuppress_pi32v2_OnChip.a
LOAD cpu/br28/liba/libOpcore_maskrom_pi32v2_OnChip.a
LOAD cpu/br28/liba/sbc_eng_lib.a
LOAD cpu/br28/liba/mp3_dec_lib.a
LOAD cpu/br28/liba/mp3_decstream_lib.a
LOAD cpu/br28/liba/agreement.a
LOAD cpu/br28/liba/media_app.a
LOAD cpu/br28/liba/lc3_dec_lib.a
LOAD cpu/br28/liba/opus_enc_lib.a
LOAD cpu/br28/liba/qr_code.a
LOAD cpu/br28/liba/libjlsp.a
LOAD cpu/br28/liba/lib_kws.a
LOAD cpu/br28/liba/drc.a
LOAD cpu/br28/liba/lfaudio_plc_lib.a
LOAD cpu/br28/liba/lib_esco_repair.a
LOAD cpu/br28/liba/pedometer.a
LOAD cpu/br28/liba/sleep.a
LOAD cpu/br28/liba/wrist_bright.a
LOAD cpu/br28/liba/Preprocess.a
LOAD cpu/br28/liba/fall_detection.a
LOAD cpu/br28/liba/motion_detection.a
LOAD cpu/br28/liba/HeartRate_Calc.a
LOAD cpu/br28/liba/sedentary.a
LOAD cpu/br28/liba/SPO2.a
LOAD cpu/br28/liba/libFFT_pi32v2_OnChip.a
LOAD cpu/br28/liba/wtg_dec_lib.a
LOAD cpu/br28/liba/bfilterfun_lib.a
LOAD cpu/br28/liba/crypto_toolbox_Osize.a
LOAD cpu/br28/liba/lib_dns.a
LOAD cpu/br28/liba/compressor.a
LOAD cpu/br28/liba/crossover_coff.a
LOAD cpu/br28/liba/limiter.a
LOAD cpu/br28/liba/update.a
LOAD cpu/br28/liba/ui_new.a
LOAD cpu/br28/liba/ui_draw_new.a
LOAD cpu/br28/liba/font_new.a
LOAD cpu/br28/liba/res_new.a
LOAD cpu/br28/liba/ui_flash_vm.a
END GROUP
                0x0001fd6c                lp_signature_set = 0x1fd6c
                0x0001fd70                memmem = 0x1fd70
                0x0001fd74                memcpy = 0x1fd74
                0x0001fd78                memmove = 0x1fd78
                0x0001fd7c                memcmp = 0x1fd7c
                0x0001fd80                memset = 0x1fd80
                0x0001fd84                strcmp = 0x1fd84
                0x0001fd88                strcpy = 0x1fd88
                0x0001fd8c                strlen = 0x1fd8c
                0x0001fd90                strncmp = 0x1fd90
                0x0001fd94                strstr = 0x1fd94
                0x0001fd98                strchr = 0x1fd98
                0x0001fd9c                __divdi3 = 0x1fd9c
                0x0001fda0                __udivmoddi4 = 0x1fda0
                0x0001fda4                __adddf3 = 0x1fda4
                0x0001fda8                __fixdfsi = 0x1fda8
                0x0001fdac                flush_dcache = 0x1fdac
                0x0001fdb0                flushinv_dcache = 0x1fdb0
                0x0001fdb4                IcuWaitIdle = 0x1fdb4
                0x0001fdb8                DcuWaitIdle = 0x1fdb8
                0x0001fdbc                IcuInitial = 0x1fdbc
                0x0001fdc0                DcuInitial = 0x1fdc0
                0x0001fdcc                sfc_drop_cache = 0x1fdcc
                0x0001fdd0                chip_crc16 = 0x1fdd0
                0x0001fdd4                CrcDecode = 0x1fdd4
                0x0001fdd8                get_flash_file_key = 0x1fdd8
                0x0001fddc                dec_isd_cfg_ini = 0x1fddc
                0x0001fde0                _jlfs_mount = 0x1fde0
                0x0001fde4                sfc_boot = 0x1fde4
                0x0001fde8                mask_init = 0x1fde8
                0x0001fdec                wdt_clr = 0x1fdec
                0x0001fdf0                nvram_set_boot_state = 0x1fdf0
                0x0001fdf4                chip_reset = 0x1fdf4
                0x0001fdf8                the_debug_isr = 0x1fdf8
                0x0001fdfc                print = 0x1fdfc
                0x0001fe00                sprintf = 0x1fe00
                0x0001fe04                printf = 0x1fe04
                0x0001fe08                puts = 0x1fe08
                0x0001fe0c                doe = 0x1fe0c
                0x0001fe10                spi_get_port = 0x1fe10
                0x0001fe14                _pll_init = 0x1fe14
                0x0001fe18                flash_poweron = 0x1fe18
                0x0001fe1c                spi_unmount = 0x1fe1c
                0x0001fe20                spi_port_io_init = 0x1fe20
                0x0001fe24                usb_slave_mode = 0x1fe24
                0x0001fe28                LZ4_setStreamDecode = 0x1fe28
                0x0001fe2c                LZ4_decompress_safe_continue = 0x1fe2c
                0x0001fe30                LZ4_decompress_generic = 0x1fe30
                0x0001fe34                _sdk_mkey_lock = 0x1fe34
                0x0001fe38                g_hash_function = 0x1fe38
                0x0001fe3c                f1_hash_function = 0x1fe3c
                0x0001fe40                f2_hash_function = 0x1fe40
                0x0001fe44                f3_hash_function = 0x1fe44
                0x0001fe48                h2_hash_function = 0x1fe48
                0x0001fe4c                h3_hash_function = 0x1fe4c
                0x0001fe50                h4_hash_function = 0x1fe50
                0x0001fe54                h5_hash_function = 0x1fe54
                0x0001fe58                g_function = 0x1fe58
                0x0001fe5c                f1_function = 0x1fe5c
                0x0001fe60                f2_function = 0x1fe60
                0x0001fe64                f3_function = 0x1fe64
                0x0001fe68                sha256Compute = 0x1fe68
                0x0001fe6c                uECC_compute_public_key = 0x1fe6c
                0x0001fe70                uECC_shared_secret = 0x1fe70
                0x0001fe74                bi_initialize = 0x1fe74
                0x0001fe78                bi_read_from_byte = 0x1fe78
                0x0001fe7c                bi_poly_mod2 = 0x1fe7c
                0x0001fe80                bi_poly_mul = 0x1fe80
                0x0001fe84                trim = 0x1fe84
                0x0001fe88                bi_wirte_to_byte = 0x1fe88
                0x0001fe8c                bi_free = 0x1fe8c
                0x0001fe90                bi_terminate = 0x1fe90
                0x0001fe94                get_cvsd_codec_ops = 0x1fe94
                0x00018590                wtgv2_silk_NLSF_CB_NB_MB = 0x18590
                0x0001848c                wtgv2_LSFCosTab_FIX_Q12 = 0x1848c
                0x00018a88                icdf_global_table = 0x18a88
                0x0001fe98                get_wtgv2dec_ops = 0x1fe98
                0x0001fe9c                wtgv2_silk_Decode = 0x1fe9c
                0x0001fea0                wtgv2_silk_decode_frame = 0x1fea0
                0x0001fea4                wtgv2_silk_decoder_set_fs = 0x1fea4
                0x0001fea8                wtgv2_silk_decode_indices = 0x1fea8
                0x0001feac                wtgv2_silk_decode_pulses = 0x1feac
                0x0001feb0                wtgv2_silk_decode_parameters = 0x1feb0
                0x0001feb4                wtgv2_silk_decode_core = 0x1feb4
                0x0001feb8                logAprx_CORDIC_float = 0x1feb8
                0x0001febc                expAprx_CORDIC_float = 0x1febc
                0x0001fec0                magnAprx_float = 0x1fec0
                0x0001fec4                MatrixCopy_float_c_c = 0x1fec4
                0x0001fec8                MatrixCopy_float_f_f = 0x1fec8
                0x0001fecc                MatrixEwMulAndSumOneDim_float_c_c_c_s0 = 0x1fecc
                0x0001fed0                MatrixEwMulAndSumOneDim_float_c_c_c_s1 = 0x1fed0
                0x0001fed4                MatrixEwMulAndSumOneDim_float_f_f_f_s0 = 0x1fed4
                0x0001fed8                MatrixEwMulAndSumOneDim_float_f_f_f_s1 = 0x1fed8
                0x0001fedc                MatrixEwConjMulAndSumOneDim_float_c_c_c_s0 = 0x1fedc
                0x0001fee0                MatrixEwConjMulAndSumOneDim_float_c_c_c_s1 = 0x1fee0
                0x0001fee4                VecMeanSq_s16_f32 = 0x1fee4
                0x0001fee8                VecOverShift_s16_f32 = 0x1fee8
                0x0001feec                VecMinus_s16_f32_f32 = 0x1feec
                0x0001fef0                VectorCopy_f32_s16 = 0x1fef0
                0x0001fef4                VecEleMul_s16_s16_f32 = 0x1fef4
                0x0001fef8                VecEleMul_f32_s16_f32 = 0x1fef8
                0x0001fefc                VecMeanSq_float_f_f = 0x1fefc
                0x0001ff00                VectorSet_float_f_f = 0x1ff00
                0x0001ff04                VecMagRecAve_float_c_f_f = 0x1ff04
                0x0001ff08                VecMulScalar_float_c_f_c = 0x1ff08
                0x0001ff0c                VecConjEleMul_float_c_c_c = 0x1ff0c
                0x0001ff10                VecPlus_float_f_f_f = 0x1ff10
                0x0001ff14                VecDivide_float_c_f_c_f = 0x1ff14
                0x0001ff18                VecPlus_float_c_c_c = 0x1ff18
                0x0001ff1c                VecConjMulRecAve_float_c_c_c_f = 0x1ff1c
                0x0001ff20                VecGetMag_float_c_f = 0x1ff20
                0x0001ff24                VecMax_float_f_f = 0x1ff24
                0x0001ff28                VecRecAve_float_f_f_f = 0x1ff28
                0x0001ff2c                VecEleMul_float_f_f_f = 0x1ff2c
                0x0001ff30                VecMagAndDiv_float_c_f_f_f = 0x1ff30
                0x0001ff34                VecMin_float_f_f = 0x1ff34
                0x0001ff38                VecMinus_float_f_f_f = 0x1ff38
                0x0001ff3c                VecMean_float_f_f = 0x1ff3c
                0x0001ff40                VecEleMul_float_c_f_c = 0x1ff40
                0x0001ff44                VecMeanSqu_float_c_f = 0x1ff44
                0x0001ff48                VecCopy_float_f_f = 0x1ff48
                0x0001ff4c                VecMin_float_f_f_f = 0x1ff4c
                0x0001ff50                VecDivide_float_f_f_f_f = 0x1ff50
                0x0001ff54                VecCompBT_float_f_f_f = 0x1ff54
                0x0001ff58                VecCondCopy_float_f_f_f = 0x1ff58
                0x0001ff5c                VecMulScalar_float_f_f_f = 0x1ff5c
                0x0001ff60                VecPlusScalar_float_f_f_f = 0x1ff60
                0x0001ff64                VecMinScalar_float_f_f_f = 0x1ff64
                0x0001ff68                VecOpposite_float_f_f = 0x1ff68
                0x0001ff6c                VecEleMla_float_f_f_f = 0x1ff6c
                0x0001ff70                VecEleMla_float_c_c_c = 0x1ff70
                0x0001ff74                VecMinus_float_c_c_c = 0x1ff74
                0x0001ff78                VecDotProduct_float_f_f_f = 0x1ff78
                0x0001ff7c                VecDotProduct_float_c_c_c = 0x1ff7c
                0x0001ff80                VecDotProduct_float_c_f_c = 0x1ff80
                0x0001ff84                VecCopy_float_c_c = 0x1ff84
                0x0001ff88                VecCopy_float_f_c = 0x1ff88
                0x0001ff8c                VecConjDotProduct_float_c_c_c = 0x1ff8c
                0x0001ff90                VecNormalize_float_c_c_f = 0x1ff90
                0x0001ff94                VecRecAve_float_c_c_f = 0x1ff94
                0x0001ff98                VecOverlapShift_float_f_f_i = 0x1ff98
                0x0001ff9c                VecMax_float_f_f_f = 0x1ff9c
                0x0001ffa0                VecConjEwMulAndDiv_float_c_c_f_f_c = 0x1ffa0
                0x0001ffa4                VecPlusMulScalar_float_c_c_f_c = 0x1ffa4
                0x0001ffa8                VecCondCopy_float_c_i_c = 0x1ffa8
                0x0001ffac                VecEleMulAndDiv_float_f_f_f_f_f = 0x1ffac
                0x0001ffb0                VectorSet_float_f_c = 0x1ffb0
                0x0001ffb4                VecDivScalar_float_f_f_f = 0x1ffb4
                0x0001ffb8                VecDivScalar_float_c_f_c = 0x1ffb8
                0x0001ffbc                VecPlusScalar_float_c_f_c = 0x1ffbc
                0x0001ffc0                VecMinScalar_float_c_f_c = 0x1ffc0
                0x00019000                mdct_tab_256 = 0x19000
                0x00019200                mdct_tab_2048 = 0x19200
                0x0001a200                sine_long_1024 = 0x1a200
                0x0001b200                sine_short_128 = 0x1b200
                0x0001b400                kbd_long_1024 = 0x1b400
                0x0001c400                kbd_short_128 = 0x1c400
                0x0001c634                Huffmancb_SCL = 0x1c634
                0x0001c844                num_swb_960_window = 0x1c844
                0x0001c850                num_swb_1024_window = 0x1c850
                0x0001c85c                num_swb_128_window = 0x1c85c
                0x0001c868                swb_offset_1024_96 = 0x1c868
                0x0001c8bc                swb_offset_128_96 = 0x1c8bc
                0x0001c8d6                swb_offset_1024_64 = 0x1c8d6
                0x0001c936                swb_offset_128_64 = 0x1c936
                0x0001c950                swb_offset_1024_48 = 0x1c950
                0x0001c9b4                swb_offset_128_48 = 0x1c9b4
                0x0001c9d2                swb_offset_1024_32 = 0x1c9d2
                0x0001ca3a                swb_offset_1024_24 = 0x1ca3a
                0x0001ca9a                swb_offset_128_24 = 0x1ca9a
                0x0001caba                swb_offset_1024_16 = 0x1caba
                0x0001cb12                swb_offset_128_16 = 0x1cb12
                0x0001cb32                swb_offset_1024_8 = 0x1cb32
                0x0001cb84                swb_offset_128_8 = 0x1cb84
                0x0001cba4                swb_offset_1024_window = 0x1cba4
                0x0001cbd4                swb_offset_128_window = 0x1cbd4
                0x0001cc04                iq_table = 0x1cc04
                0x0001d008                tns_coef_0_3 = 0x1d008
                0x0001d048                tns_coef_0_4 = 0x1d048
                0x0001d088                tns_coef_1_3 = 0x1d088
                0x0001d0c8                tns_coef_1_4 = 0x1d0c8
                0x0001d108                pow05_table = 0x1d108
                0x0001d124                sample_rates = 0x1d124
                0x0001d154                pred_sfb_max = 0x1d154
                0x0001d160                tns_sbf_max = 0x1d160
                0x0001d1a0                Huffmancb_1 = 0x1d1a0
                0x0001d338                Huffmancb_2 = 0x1d338
                0x0001d470                Huffmancb_3 = 0x1d470
                0x0001d5a8                Huffmancb_4 = 0x1d5a8
                0x0001d6d8                Huffmancb_5 = 0x1d6d8
                0x0001d820                Huffmancb_6 = 0x1d820
                0x0001d960                Huffmancb_7 = 0x1d960
                0x0001da58                Huffmancb_8 = 0x1da58
                0x0001db50                Huffmancb_9 = 0x1db50
                0x0001ddf0                Huffmancb_10 = 0x1ddf0
                0x0001e080                Huffmancb_11 = 0x1e080
                0x0001e540                AACcodeBookDTable = 0x1e540
                0x0001c83c                AAC_SFHUFF_TAB = 0x1c83c
                0x0001ffc4                get_aac_ops = 0x1ffc4
                0x0001e5b8                silk_NLSF_CB_WB = 0x1e5b8
                0x0001ea5c                silk_LTP_vq_ptrs_Q7 = 0x1ea5c
                0x0001ffc8                get_opus_enc_ops = 0x1ffc8
                0x0001ffcc                opus_encode = 0x1ffcc
                0x0001ffd0                silk_Encode = 0x1ffd0
                0x0001ffd4                silk_encode_do_VAD_FIX = 0x1ffd4
                0x0001ffd8                silk_encode_frame_FIX = 0x1ffd8
                0x0001ffdc                silk_find_pitch_lags_FIX = 0x1ffdc
                0x0001ffe0                silk_noise_shape_analysis_FIX = 0x1ffe0
                0x0001ffe4                silk_find_pred_coefs_FIX = 0x1ffe4
                0x0001ffe8                silk_process_gains_FIX = 0x1ffe8
                0x0001ffec                silk_prefilter_FIX = 0x1ffec
                0x0001fff0                silk_NSQ_del_dec_c = 0x1fff0
                0x0001fff4                silk_encode_indices = 0x1fff4
                0x0001fff8                silk_encode_pulses = 0x1fff8
                0x0001fffc                silk_ana_filt_bank_1 = 0x1fffc
                0x00003804                STFT_Win_FixHalf_M512_D160 = 0x3804
                0x00003c04                STFT_Win_FixHalf_M256_D160 = 0x3c04
                0x00003e04                STFT_Win_FixHalf_M256_D80 = 0x3e04
                0x00004004                STFT_Win_FixHalf_M128_D80 = 0x4004
                0x00000004                WOLAAnalysisFilter_Float_M64_m4_r1 = 0x4
                0x00000404                WOLASynthesisFilter_Float_M64_m4_r1 = 0x404
                0x00000804                WOLAAnalysisFilter_Float_M128_m4_r1 = 0x804
                0x00001004                WOLASynthesisFilter_Float_M128_m4_r1 = 0x1004
                0x00001804                WOLAAnalysisFilter_Float_M256_m4_r1 = 0x1804
                0x00002804                WOLASynthesisFilter_Float_M256_m4_r1 = 0x2804
                0x00009914                quantize_intervals_LF = 0x9914
                0x00009a18                invert_quantize_dither_factors_LF = 0x9a18
                0x00009b1c                quantize_dither_factors_LF = 0x9b1c
                0x00009c20                quantize_factor_select_offset_LF = 0x9c20
                0x00009ca4                hd_quantize_intervals_LF = 0x9ca4
                0x0019fc28                boot_arg_list = 0x19fc28
                0x0019fe00                _IRQ_MEM_ADDR = 0x19fe00
                0x0019fc00                _MASK_MEM_BEGIN = 0x19fc00
                0x000001a4                _MASK_MEM_SIZE = 0x1a4
                0x00000080                UPDATA_SIZE = 0x80
                0x0019fb80                UPDATA_BEG = (_MASK_MEM_BEGIN - UPDATA_SIZE)
                0x001a0000                UPDATA_BREDR_BASE_BEG = 0x1a0000
                0x00100000                RAM_LIMIT_L = 0x100000
                0x0019fb80                RAM_LIMIT_H = UPDATA_BEG
                0x0009fb80                PHY_RAM_SIZE = (RAM_LIMIT_H - RAM_LIMIT_L)
                0x0019fe00                ISR_BASE = _IRQ_MEM_ADDR
                0x000001a4                ROM_RAM_SIZE = _MASK_MEM_SIZE
                0x0019fc00                ROM_RAM_BEG = _MASK_MEM_BEGIN
                0x00160000                RAM0_BEG = (RAM_LIMIT_L + 0x60000)
                0x0019fb80                RAM0_END = RAM_LIMIT_H
                0x0003fb80                RAM0_SIZE = (RAM0_END - RAM0_BEG)
                0x00100000                RAM1_BEG = RAM_LIMIT_L
                0x00160000                RAM1_END = RAM0_BEG
                0x00060000                RAM1_SIZE = (RAM1_END - RAM1_BEG)
                0x07e00120                CODE_BEG = 0x7e00120
                0x001a0600                EQ_PRIV_COEFF_BASE = 0x1a0600
                0x0000000a                EQ_PRIV_SECTION_NUM = 0xa
                0x001a0880                EQ_PRIV_COEFF_END = (EQ_PRIV_COEFF_BASE + (((0x4 * EQ_PRIV_SECTION_NUM) * 0x8) * 0x2))
                0x0000000a                EQ_SECTION_NUM = 0xa
                0x07e00120                . = ORIGIN (code0)

.text           0x07e00120    0xba6b0
                [!provide]                PROVIDE (text_rodata_begin, .)
 *(.startup.text)
 .startup.text  0x07e00120       0x88 cpu/br28/liba/cpu.a(startup.S.o)
                0x07e00120                _start
 *(.text)
 .text          0x07e001a8    0x517c8 cpu\br28\tools\sdk.elf.o
                0x07e0cf54                __errno
                0x07e0d2fa                main
 .text          0x07e51970        0xa C:\JL\pi32\pi32v2-lib\r3-large\libc.a(lib_a-index.o)
                0x07e51970                index
 .text          0x07e5197a        0xa C:\JL\pi32\pi32v2-lib\r3-large\libc.a(lib_a-rindex.o)
                0x07e5197a                rindex
 .text          0x07e51984       0x2c C:\JL\pi32\pi32v2-lib\r3-large\libc.a(lib_a-strcat.o)
                0x07e51984                strcat
 .text          0x07e519b0       0x62 C:\JL\pi32\pi32v2-lib\r3-large\libc.a(lib_a-strncpy.o)
                0x07e519b0                strncpy
 .text          0x07e51a12       0x28 C:\JL\pi32\pi32v2-lib\r3-large\libc.a(lib_a-strrchr.o)
                0x07e51a12                strrchr
 .text          0x07e51a3a        0xa C:\JL\pi32\pi32v2-lib\r3-large\libm.a(lib_a-wf_sqrt.o)
                0x07e51a3a                sqrtf
 .text          0x07e51a44       0x8c C:\JL\pi32\pi32v2-lib\r3-large\libm.a(lib_a-ef_sqrt.o)
                0x07e51a44                __ieee754_sqrtf
 .text          0x07e51ad0      0x1b8 C:\JL\pi32\pi32v2-lib\r3-large\libcompiler-rt.a(comparedf2.o)
                0x07e51ad0                __ledf2
                0x07e51ad0                __cmpdf2
                0x07e51b80                __gedf2
                0x07e51c28                __unorddf2
                0x07e51c68                __eqdf2
                0x07e51c70                __ltdf2
                0x07e51c78                __nedf2
                0x07e51c80                __gtdf2
 .text          0x07e51c88       0x4c C:\JL\pi32\pi32v2-lib\r3-large\libcompiler-rt.a(floatsidf.o)
                0x07e51c88                __floatsidf
 .text          0x07e51cd4      0x2fa C:\JL\pi32\pi32v2-lib\r3-large\libcompiler-rt.a(muldf3.o)
                0x07e51d0a                __muldf3
 .text          0x07e51fce        0xc C:\JL\pi32\pi32v2-lib\r3-large\libcompiler-rt.a(subdf3.o)
                0x07e51fce                __subdf3
 .text          0x07e51fda       0x7a C:\JL\pi32\pi32v2-lib\r3-large\libcompiler-rt.a(extendsfdf2.o)
                0x07e51fda                __extendsfdf2
 .text          0x07e52054       0x34 C:\JL\pi32\pi32v2-lib\r3-large\libcompiler-rt.a(floatunsidf.o)
                0x07e52054                __floatunsidf
 .text          0x07e52088      0x146 C:\JL\pi32\pi32v2-lib\r3-large\libcompiler-rt.a(truncdfsf2.o)
                0x07e52088                __truncdfsf2
 .text          0x07e521ce       0x12 C:\JL\pi32\pi32v2-lib\r3-large\libcompiler-rt.a(udivdi3.o)
                0x07e521ce                __udivdi3
 .text          0x07e521e0       0x16 C:\JL\pi32\pi32v2-lib\r3-large\libcompiler-rt.a(umoddi3.o)
                0x07e521e0                __umoddi3
                0x07e521f8                . = ALIGN (0x4)
 *fill*         0x07e521f6        0x2 
                0x07e521f8                update_target_begin = .
                [!provide]                PROVIDE (update_target_begin, .)
 *(.update_target)
 .update_target
                0x07e521f8       0x18 cpu\br28\tools\sdk.elf.o
                0x07e521f8                audio_update_target
                0x07e52200                sd_update_target
                0x07e52208                ble_update_target
                0x07e52210                update_target_end = .
                [!provide]                PROVIDE (update_target_end, .)
                0x07e52210                . = ALIGN (0x4)
 *(.LOG_TAG_CONST*)
 *(.rodata*)
 .rodata.str1.1
                0x07e52210     0x1e39 cpu\br28\tools\sdk.elf.o
                               0x1ebc (size before relaxing)
 *fill*         0x07e54049       0x17 
 .rodata        0x07e54060     0xc7c4 cpu\br28\tools\sdk.elf.o
 *fill*         0x07e60824        0xc 
 .rodata.str1.16
                0x07e60830     0x2300 cpu\br28\tools\sdk.elf.o
                               0x22fb (size before relaxing)
 .rodata.cst4   0x07e62b30        0x4 cpu\br28\tools\sdk.elf.o
 .rodata.cst8   0x07e62b34       0x10 cpu\br28\tools\sdk.elf.o
 .rodata.cst16  0x07e62b44       0x50 cpu\br28\tools\sdk.elf.o
 .rodata._ZTV15StaticAllocatorI9floatRealE
                0x07e62b94       0x10 cpu\br28\tools\sdk.elf.o
 .rodata._ZTV15StaticAllocatorI7fixRealE
                0x07e62ba4       0x10 cpu\br28\tools\sdk.elf.o
                0x07e62bb4                . = ALIGN (0x4)
                [!provide]                PROVIDE (text_rodata_end, .)
                0x07e62bb4                clock_critical_handler_begin = .
 *(.clock_critical_txt)
 .clock_critical_txt
                0x07e62bb4       0x50 cpu\br28\tools\sdk.elf.o
                0x07e62bb4                clock_spi_norflash
                0x07e62bbc                clock_iic
                0x07e62bc4                clock_bt_api
                0x07e62bcc                clock_mcpwm
                0x07e62bd4                clock_uart
                0x07e62bdc                clock_timer
                0x07e62be4                clock_lrc
                0x07e62bec                clock_sdx
                0x07e62bf4                clock_port
                0x07e62bfc                clock_imd
                0x07e62c04                clock_critical_handler_end = .
                0x07e62c04                chargestore_handler_begin = .
 *(.chargestore_callback_txt)
                0x07e62c04                chargestore_handler_end = .
 *(.opcore_table_maskrom)
 *(.bfilt_table_maskroom)
 *(.opcore_maskrom)
 .opcore_maskrom
                0x07e62c04      0x996 cpu\br28\tools\sdk.elf.o
 *(.bfilt_code)
 .bfilt_code    0x07e6359a      0x358 cpu\br28\tools\sdk.elf.o
 *(.bfilt_const)
                0x07e638f4                . = ALIGN (0x4)
 *fill*         0x07e638f2        0x2 
                0x07e638f4                lcd_interface_begin = .
 *(.lcd_if_info)
 .lcd_if_info   0x07e638f4       0x28 cpu\br28\tools\sdk.elf.o
                0x07e6391c                lcd_interface_end = .
                0x07e6391c                ui_style_begin = .
 *(.ui_style)
 .ui_style      0x07e6391c       0x3c cpu\br28\tools\sdk.elf.o
                0x07e63958                ui_style_end = .
                0x07e63958                elm_event_handler_begin_JL = .
 *(.elm_event_handler_JL)
 .elm_event_handler_JL
                0x07e63958     0x1ef0 cpu\br28\tools\sdk.elf.o
                0x07e65848                elm_event_handler_end_JL = .
                0x07e65848                elm_event_handler_begin_UPGRADE = .
 *(.elm_event_handler_UPGRADE)
                0x07e65848                elm_event_handler_end_UPGRADE = .
                0x07e65848                elm_event_handler_begin_DIAL = .
 *(.elm_event_handler_DIAL)
                0x07e65848                elm_event_handler_end_DIAL = .
                0x07e65848                control_event_handler_begin = .
 *(.control_event_handler)
                0x07e65848                control_event_handler_end = .
                0x07e65848                control_ops_begin = .
 *(.control_ops)
 .control_ops   0x07e65848       0x70 cpu\br28\tools\sdk.elf.o
                0x07e658b8                control_ops_end = .
                0x07e658b8                battery_notify_begin = .
 *(.battery_notify)
                0x07e658b8                battery_notify_end = .
                0x07e658b8                . = ALIGN (0x4)
                0x07e658b8                __VERSION_BEGIN = .
 *(.sys.version)
 .sys.version   0x07e658b8       0x23 obj/Release/apps/watch/sdk_version.z.o
                0x07e658db                __VERSION_END = .
 *(.noop_version)
                0x07e658dc                . = ALIGN (0x4)
 *fill*         0x07e658db        0x1 
                0x07e658e0                . = ALIGN (0x20)
 *fill*         0x07e658dc        0x4 
                0x07e658e0                m_code_addr = .
 *(.m.code*)
 *(.movable.code*)
                0x00000000                m_code_size = ABSOLUTE ((. - m_code_addr))
                0x07e658e0                . = ALIGN (0x20)
                0x07e658e0                gsensor_dev_begin = .
 *(.gsensor_dev)
                0x07e658e0                gsensor_dev_end = .
                0x07e658e0                . = ALIGN (0x4)
                0x07e658e0                hrsensor_dev_begin = .
 *(.hrsensor_dev)
                0x07e658e0                hrsensor_dev_end = .
                0x07e658e0                . = ALIGN (0x4)
                0x07e658e0                fm_dev_begin = .
 *(.fm_dev)
                0x07e658e0                fm_dev_end = .
                0x07e658e0                fm_emitter_dev_begin = .
 *(.fm_emitter_dev)
                0x07e658e0                fm_emitter_dev_end = .
                0x07e658e0                storage_device_begin = .
 *(.storage_device)
                0x07e658e0                storage_device_end = .
                0x07e658e0                p11_event_handler_begin = .
 *(.p11_irq_handler)
 .p11_irq_handler
                0x07e658e0       0x18 cpu\br28\tools\sdk.elf.o
                0x07e658f8                p11_event_handler_end = .
                0x07e658f8                _watch_syscfg_begin = .
                0x07e658f8                PROVIDE (watch_syscfg_begin, .)
 *(.watch_syscfg)
 .watch_syscfg  0x07e658f8       0x24 cpu\br28\tools\sdk.elf.o
                0x07e658f8                bt_page_ops
                0x07e65904                sys_param_ops
                0x07e65910                watch_select_ops
                0x07e6591c                _watch_syscfg_end = .
                0x07e6591c                PROVIDE (watch_syscfg_end, .)
                0x07e65920                . = ALIGN (0x20)
 *fill*         0x07e6591c        0x4 
                0x07e65920                update_code_start = .
 *(.bt_updata_ram_code)
 *(.update_const)
 .update_const  0x07e65920       0x9e cpu\br28\tools\sdk.elf.o
 *(.update_code)
 .update_code   0x07e659be     0x109c cpu\br28\tools\sdk.elf.o
                0x07e66a5a                update_code_end = .
                0x07e66a5a                btstack_code_start = .
                0x07e66a5c                . = ALIGN (0x4)
 *fill*         0x07e66a5a        0x2 
                0x07e66a5c                a2dp_source_media_codec_begin = .
 *(.a2dp_source_media_codec)
 .a2dp_source_media_codec
                0x07e66a5c       0x30 cpu\br28\tools\sdk.elf.o
                0x07e66a5c                a2dp_source_lc3_codec
                0x07e66a74                a2dp_source_sbc_codec
                0x07e66a8c                a2dp_source_media_codec_end = .
                0x07e66a8c                a2dp_sink_media_probe_begin = .
 *(.a2dp_sink_media_probe)
                0x07e66a8c                a2dp_sink_media_probe_end = .
                0x07e66a8c                a2dp_sink_media_codec_begin = .
 *(.a2dp_sink_media_codec)
 .a2dp_sink_media_codec
                0x07e66a8c       0x30 cpu\br28\tools\sdk.elf.o
                0x07e66a8c                a2dp_1sbc_codec_private
                0x07e66aa4                a2dp_2aac_sink_codec
                0x07e66abc                a2dp_sink_media_codec_end = .
                0x07e66abc                a2dp_event_handler_begin = .
 *(.a2dp_event_handler)
 .a2dp_event_handler
                0x07e66abc       0x70 cpu\br28\tools\sdk.elf.o
                0x07e66abc                a2dp_sink_event_handler
                0x07e66ad8                a2dp_source_event_handler
                0x07e66af4                acp_a2dp_event_handler
                0x07e66b10                acp_a2dp_src_event_handler
                0x07e66b2c                a2dp_event_handler_end = .
                0x07e66b2c                sdp_record_item_begin = .
 *(.sdp_record_item)
 .sdp_record_item
                0x07e66b2c       0x6c cpu\br28\tools\sdk.elf.o
                0x07e66b2c                a2dp_sdp_record_item
                0x07e66b38                a2dp_src_sdp_record_item
                0x07e66b44                arp_ct_sdp_record_item
                0x07e66b50                arp_ta_sdp_record_item
                0x07e66b5c                hfp_sdp_record_item
                0x07e66b68                hid_sdp_record_item
                0x07e66b74                pnp_sdp_record_item
                0x07e66b80                spp_sdp_record_item
                0x07e66b8c                spp_user_sdp_record_item
                0x07e66b98                sdp_record_item_end = .
                0x07e66b98                bt_sleep_begin = .
 *(.bt_sleep)
 .bt_sleep      0x07e66b98       0x6c cpu\br28\tools\sdk.elf.o
                0x07e66b98                bt_suspend_a2dp_resumea2dp_release
                0x07e66ba4                bt_suspend_avctp_resumeavctp_release
                0x07e66bb0                bt_suspend_hfp_resumehfp_release
                0x07e66bbc                bt_suspend_user_cmd_loop_resumeuser_cmd_loop_release
                0x07e66bc8                bt_suspend_hid_resumehid_release
                0x07e66bd4                bt_suspend_spp_resumespp_release
                0x07e66be0                bt_suspend_spp_up_resumespp_up_release
                0x07e66bec                bt_suspend_iap_resumeiap_release
                0x07e66bf8                bt_suspend_sdp_resumesdp_release
                0x07e66c04                bt_sleep_end = .
 *(.bt_stack_const)
 .bt_stack_const
                0x07e66c04      0x9bc cpu\br28\tools\sdk.elf.o
 *(.bt_stack_code)
 .bt_stack_code
                0x07e675c0     0xeb0e cpu\br28\tools\sdk.elf.o
 *(.ble_db_const)
 *(.ble_db_code)
 .ble_db_code   0x07e760ce      0x18e cpu\br28\tools\sdk.elf.o
 *(.ble_sm_const)
 .ble_sm_const  0x07e7625c       0x73 cpu\br28\tools\sdk.elf.o
 *(.ble_sm_code)
 *fill*         0x07e762cf        0x1 
 .ble_sm_code   0x07e762d0     0x2050 cpu\br28\tools\sdk.elf.o
 *(.ble_att_const)
 .ble_att_const
                0x07e78320       0x17 cpu\br28\tools\sdk.elf.o
 *(.ble_att_code)
 *fill*         0x07e78337        0x1 
 .ble_att_code  0x07e78338      0x7a6 cpu\br28\tools\sdk.elf.o
 *(.ble_gatt_const)
 *(.ble_gatt_code)
 .ble_gatt_code
                0x07e78ade     0x15aa cpu\br28\tools\sdk.elf.o
                0x07e7a088                BTSTACK_LE_HOST_MESH_CODE_START = .
 *(.ble_mesh_code)
 *(.ble_mesh_tinycrypt_code)
 *(.ble_mesh_const)
 *(.ble_mesh_tinycrypt_const)
                0x00000000                BTSTACK_LE_HOST_MESH_CODE_SIZE = ABSOLUTE ((. - BTSTACK_LE_HOST_MESH_CODE_START))
                0x07e7a088                btstack_code_end = .
                0x07e7a088                . = ALIGN (0x4)
                0x07e7a088                . = ALIGN (0x4)
                0x07e7a088                system_text_start = .
                0x07e7a088                _device_node_begin = .
                0x07e7a088                PROVIDE (device_node_begin, .)
 *(.device)
 .device        0x07e7a088       0x48 cpu\br28\tools\sdk.elf.o
                0x07e7a088                device_table
                0x07e7a0d0                _device_node_end = .
                0x07e7a0d0                PROVIDE (device_node_end, .)
                0x07e7a0d0                config_target_begin = .
                [!provide]                PROVIDE (config_target_begin, .)
 *(.config_target)
 .config_target
                0x07e7a0d0        0x8 cpu\br28\tools\sdk.elf.o
                0x07e7a0d0                eq_config_target
                0x07e7a0d8                config_target_end = .
                [!provide]                PROVIDE (config_target_end, .)
                0x07e7a0d8                system_code_begin = .
 *(.system.*.text)
 .system.fs.text
                0x07e7a0d8     0x8bc2 cpu\br28\tools\sdk.elf.o
 .system.device.text
                0x07e82c9a       0xea cpu\br28\tools\sdk.elf.o
 .system.printf.text
                0x07e82d84      0x60e cpu\br28\tools\sdk.elf.o
 .system.lbuf.text
                0x07e83392      0x4e0 cpu\br28\tools\sdk.elf.o
 .system.cpu.text
                0x07e83872      0x938 cpu\br28\tools\sdk.elf.o
 .system.ascii.text
                0x07e841aa      0x146 cpu\br28\tools\sdk.elf.o
 .system.timer.text
                0x07e842f0      0x792 cpu\br28\tools\sdk.elf.o
 .system.cbuf.text
                0x07e84a82      0x2fc cpu\br28\tools\sdk.elf.o
 .system.event.text
                0x07e84d7e      0x3f6 cpu\br28\tools\sdk.elf.o
 .system.app_core.text
                0x07e85174      0x164 cpu\br28\tools\sdk.elf.o
 .system.init.text
                0x07e852d8       0x96 cpu\br28\tools\sdk.elf.o
                0x07e852e2                boot_info_init
                0x07e8530c                cpu1_main
 .system.task.text
                0x07e8536e       0x5a cpu\br28\tools\sdk.elf.o
 .system.cfg_tool.text
                0x07e853c8      0x79a cpu\br28\tools\sdk.elf.o
                0x07e85b62                system_code_end = .
                0x07e85b64                . = ALIGN (0x4)
 *fill*         0x07e85b62        0x2 
                0x0000ba8a                system_code_size = (system_code_end - system_code_begin)
                0x07e85b64                vfs_ops_begin = .
 *(.vfs_operations)
 .vfs_operations
                0x07e85b64      0x244 cpu\br28\tools\sdk.elf.o
                0x07e85b64                nor_fs_vfs_ops
                0x07e85bd8                sdfile_vfs_ops
                0x07e85c4c                nor_sdfile_vfs_ops
                0x07e85cc0                fat_vfs_ops
                0x07e85d34                fat_sdfile_fat_ops
                0x07e85da8                vfs_ops_end = .
                0x07e85da8                _lib_version_begin = .
                [!provide]                PROVIDE (lib_version_begin, .)
 *(.lib_version)
 .lib_version   0x07e85da8        0xc cpu\br28\tools\sdk.elf.o
                0x07e85da8                __version_sdfile
                0x07e85dac                __version_fs
                0x07e85db0                __version_fatfs
                0x07e85db4                _lib_version_end = .
                [!provide]                PROVIDE (lib_version_end, .)
                0x07e85db4                _initcall_begin = .
                0x07e85db4                PROVIDE (initcall_begin, .)
 *(.initcall)
 .initcall      0x07e85db4        0x4 cpu\br28\tools\sdk.elf.o
                0x07e85db4                __initcall_app_update_init
                0x07e85db8                _initcall_end = .
                0x07e85db8                PROVIDE (initcall_end, .)
                0x07e85db8                _early_initcall_begin = .
                0x07e85db8                PROVIDE (early_initcall_begin, .)
 *(.early.initcall)
 .early.initcall
                0x07e85db8        0x8 cpu\br28\tools\sdk.elf.o
                0x07e85db8                __initcall_sys_event_init
                0x07e85dbc                __initcall_sdfile_init
                0x07e85dc0                _early_initcall_end = .
                0x07e85dc0                PROVIDE (early_initcall_end, .)
                0x07e85dc0                _late_initcall_begin = .
                0x07e85dc0                PROVIDE (late_initcall_begin, .)
 *(.late.initcall)
 .late.initcall
                0x07e85dc0       0x14 cpu\br28\tools\sdk.elf.o
                0x07e85dc0                __initcall_test_simple_trans
                0x07e85dc4                __initcall_misc_setting_opt_setting_init
                0x07e85dc8                __initcall_page_list_init
                0x07e85dcc                __initcall_bt_menu_list_init
                0x07e85dd0                __initcall_sdk_meky_check
                0x07e85dd4                _late_initcall_end = .
                0x07e85dd4                PROVIDE (late_initcall_end, .)
                0x07e85dd4                _platform_initcall_begin = .
                0x07e85dd4                PROVIDE (platform_initcall_begin, .)
 *(.platform.initcall)
 .platform.initcall
                0x07e85dd4       0x10 cpu\br28\tools\sdk.elf.o
                0x07e85dd4                __initcall_bt_init_music_device_style
                0x07e85dd8                __initcall_bt_init_a2dp_en_status
                0x07e85ddc                __initcall_debug_record_init
                0x07e85de0                __initcall_syscfg_tools_init
                0x07e85de4                _platform_initcall_end = .
                0x07e85de4                PROVIDE (platform_initcall_end, .)
                0x07e85de4                _module_initcall_begin = .
                0x07e85de4                PROVIDE (module_initcall_begin, .)
 *(.module.initcall)
                0x07e85de4                _module_initcall_end = .
                0x07e85de4                PROVIDE (module_initcall_end, .)
                0x07e85de4                _sys_event_handler_begin = .
                0x07e85de4                PROVIDE (sys_event_handler_begin, .)
 *(.sys_event.4.handler)
 .sys_event.4.handler
                0x07e85de4        0x8 cpu\br28\tools\sdk.elf.o
                0x07e85de4                __event_handler_bt_tws_event_handler
 *(.sys_event.3.handler)
 *(.sys_event.2.handler)
 .sys_event.2.handler
                0x07e85dec        0x8 cpu\br28\tools\sdk.elf.o
                0x07e85dec                __event_handler_alarm_event_handler
 *(.sys_event.1.handler)
 *(.sys_event.0.handler)
 .sys_event.0.handler
                0x07e85df4        0x8 cpu\br28\tools\sdk.elf.o
                0x07e85df4                __event_handler_app_sys_event_probe_handler
                0x07e85dfc                _sys_event_handler_end = .
                0x07e85dfc                PROVIDE (sys_event_handler_end, .)
                0x07e85dfc                _syscfg_arg_begin = .
                [!provide]                PROVIDE (syscfg_arg_begin, .)
 *(.syscfg.arg)
                0x07e85dfc                _syscfg_arg_end = .
                [!provide]                PROVIDE (syscfg_arg_end, .)
                0x07e85dfc                _syscfg_handler_begin = .
                [!provide]                PROVIDE (syscfg_handler_begin, .)
 *(.syscfg.handler)
                0x07e85dfc                _syscfg_handler_end = .
                [!provide]                PROVIDE (syscfg_handler_end, .)
                0x07e85dfc                _syscfg_ops_begin = .
                0x07e85dfc                PROVIDE (syscfg_ops_begin, .)
 *(.syscfg.2.ops)
 .syscfg.2.ops  0x07e85dfc       0x1c cpu\br28\tools\sdk.elf.o
                0x07e85dfc                cfg_btif
 *(.syscfg.1.ops)
 .syscfg.1.ops  0x07e85e18       0x1c cpu\br28\tools\sdk.elf.o
                0x07e85e18                cfg_vm
 *(.syscfg.0.ops)
 .syscfg.0.ops  0x07e85e34       0x1c cpu\br28\tools\sdk.elf.o
                0x07e85e34                cfg_bin
                0x07e85e50                _syscfg_ops_end = .
                0x07e85e50                PROVIDE (syscfg_ops_end, .)
                0x07e85e50                _server_info_begin = .
                [!provide]                PROVIDE (server_info_begin, .)
 *(.server_info)
                0x07e85e50                _server_info_end = .
                [!provide]                PROVIDE (server_info_end, .)
                0x07e85e50                _bus_device_begin = .
                [!provide]                PROVIDE (bus_device_begin, .)
 *(.bus_device)
                0x07e85e50                _bus_device_end = .
                [!provide]                PROVIDE (bus_device_end, .)
                0x07e85e50                _sys_power_hal_ops_begin = .
                [!provide]                PROVIDE (sys_power_hal_ops_begin, .)
 *(.sys_power_hal_ops)
                0x07e85e50                _sys_power_hal_ops_end = .
                [!provide]                PROVIDE (sys_power_hal_ops_end, .)
                0x07e85e50                . = ALIGN (0x4)
                0x07e85e50                lp_target_begin = .
                [!provide]                PROVIDE (lp_target_begin, .)
 *(.lp_target)
 .lp_target     0x07e85e50       0xfc cpu\br28\tools\sdk.elf.o
                0x07e85e50                bt_test_lp_target
                0x07e85e5c                key_lp_target
                0x07e85e68                lcd_backlight_lp_target
                0x07e85e74                ota_lp_target
                0x07e85e80                smartbox_lp_target
                0x07e85e8c                phone_incom_lp_target
                0x07e85e98                music_lp_target
                0x07e85ea4                poweron_lp_target
                0x07e85eb0                audio_dec_init_lp_target
                0x07e85ebc                bt_dec_lp_target
                0x07e85ec8                tone_dec_lp_target
                0x07e85ed4                audio_adc_demo
                0x07e85ee0                mic_demo_lp_target
                0x07e85eec                lcd_lp_target
                0x07e85ef8                __wakeup_is_idle_target
                0x07e85f04                sdx_lp_target
                0x07e85f10                usb_dev_lp_target
                0x07e85f1c                usr_systimer_lp_target
                0x07e85f28                btstack_lowpower_target
                0x07e85f34                eq_online_lp_target
                0x07e85f40                imd_lp_target
                0x07e85f4c                lp_target_end = .
                [!provide]                PROVIDE (lp_target_end, .)
                0x07e85f4c                . = ALIGN (0x4)
                0x07e85f4c                lp_request_begin = .
                [!provide]                PROVIDE (lp_request_begin, .)
 *(.lp_request)
 .lp_request    0x07e85f4c        0xc cpu\br28\tools\sdk.elf.o
                0x07e85f4c                power_flash_target
                0x07e85f58                lp_request_end = .
                [!provide]                PROVIDE (lp_request_end, .)
                0x07e85f58                . = ALIGN (0x4)
                0x07e85f58                deepsleep_target_begin = .
                [!provide]                PROVIDE (deepsleep_target_begin, .)
 *(.deepsleep_target)
 .deepsleep_target
                0x07e85f58       0x84 cpu\br28\tools\sdk.elf.o
                0x07e85f58                iic
                0x07e85f64                rdec
                0x07e85f70                uart
                0x07e85f7c                clock_sfc
                0x07e85f88                tmr
                0x07e85f94                periph
                0x07e85fa0                vm_sfc
                0x07e85fac                sdx
                0x07e85fb8                bt
                0x07e85fc4                imb
                0x07e85fd0                imd
                0x07e85fdc                deepsleep_target_end = .
                [!provide]                PROVIDE (deepsleep_target_end, .)
                0x07e85fdc                . = ALIGN (0x4)
                0x07e85fdc                crypto_begin = .
 *(.crypto_ecdh_code)
 *(.crypto_ecdh_const)
 *(.crypto_bigint_code)
 .crypto_bigint_code
                0x07e85fdc      0x3e0 cpu\br28\tools\sdk.elf.o
 *(.crypto_bigint_const)
 *(.crypto_code)
 .crypto_code   0x07e863bc      0x436 cpu\br28\tools\sdk.elf.o
 *(.crypto_const)
 *fill*         0x07e867f2        0x2 
 .crypto_const  0x07e867f4      0x171 cpu\br28\tools\sdk.elf.o
 *(.ECDH_sample_code)
 *(.ECDH_sample_const)
 *(.uECC_code)
 *fill*         0x07e86965        0x1 
 .uECC_code     0x07e86966      0x944 cpu\br28\tools\sdk.elf.o
 *(.uECC_const)
 *fill*         0x07e872aa        0x2 
 .uECC_const    0x07e872ac       0x60 cpu\br28\tools\sdk.elf.o
 *(.hmac_code)
 .hmac_code     0x07e8730c      0x41c cpu\br28\tools\sdk.elf.o
 *(.hmac_const)
 *(.hash_sample_code)
 *(.hash_sample_const)
 *(.aes_cmac_sample_code)
 *(.aes_cmac_sample_const)
                0x07e87728                crypto_end = .
                0x0000174c                crypto_size = (. - crypto_begin)
 *(.mem_code)
 *(.mem_const)
 *(.os_port_code)
 *(.os_port_const)
 *(.os_const)
 .os_const      0x07e87728       0x18 cpu\br28\tools\sdk.elf.o
 *(.math_fast_funtion_code)
 .math_fast_funtion_code
                0x07e87740       0x4e cpu\br28\tools\sdk.elf.o
                0x07e8778e                __movable_function_start = .
 *(movable.text.*)
 *(movable.stub.*)
 *(movable.region.*)
                0x07e8778e                __movable_function_end = .
                0x00000000                __movable_function_size = (__movable_function_end - __movable_function_start)
                0x07e8778e                system_text_end = .
                0x0000d706                system_code_total_size = (system_text_end - system_text_start)
                0x07e8778e                btctler_code_start = .
                0x07e8778e                BTCTLER_CONTROLLER_CODE_START = .
 *(.bt_rf_const)
 *fill*         0x07e8778e        0x2 
 .bt_rf_const   0x07e87790      0x5dc cpu\br28\tools\sdk.elf.o
 *(.bt_rf_code)
 .bt_rf_code    0x07e87d6c     0x1940 cpu\br28\tools\sdk.elf.o
 *(.vendor_manager_const)
 *(.vendor_manager_code)
 *(.device_manager_const)
 *(.device_manager_code)
 *(.hci_controller_const)
 .hci_controller_const
                0x07e896ac       0x28 cpu\br28\tools\sdk.elf.o
 *(.hci_controller_code)
 .hci_controller_code
                0x07e896d4      0xd48 cpu\br28\tools\sdk.elf.o
 *(.hci_interface_const)
 *(.hci_interface_code)
                0x00002c8e                BTCTLER_CONTROLLER_CODE_SIZE = ABSOLUTE ((. - BTCTLER_CONTROLLER_CODE_START))
                0x07e8a41c                BTCTLER_LE_CONTROLLER_CODE_START = .
 *(.ble_rf_const)
 .ble_rf_const  0x07e8a41c       0x18 cpu\br28\tools\sdk.elf.o
 *(.ble_rf_code)
 .ble_rf_code   0x07e8a434     0x3300 cpu\br28\tools\sdk.elf.o
 *(.ble_ll_const)
 .ble_ll_const  0x07e8d734       0x88 cpu\br28\tools\sdk.elf.o
 *(.ble_ll_code)
 .ble_ll_code   0x07e8d7bc     0x1fa2 cpu\br28\tools\sdk.elf.o
 *(.ble_hci_const)
 .ble_hci_const
                0x07e8f75e       0x19 cpu\br28\tools\sdk.elf.o
 *(.ble_hci_code)
 *fill*         0x07e8f777        0x1 
 .ble_hci_code  0x07e8f778      0x6a8 cpu\br28\tools\sdk.elf.o
                0x00005a04                BTCTLER_LE_CONTROLLER_CODE_SIZE = ABSOLUTE ((. - BTCTLER_LE_CONTROLLER_CODE_START))
                0x07e8fe20                BTCTLER_CL_CODE_START = .
 *(.bredr_irq)
 *(.bredr_irq_code)
 *(.bredr_irq_const)
 *(.classic_hci_const)
 *(.classic_hci_code)
 *(.classic_lmp_const)
 .classic_lmp_const
                0x07e8fe20       0x14 cpu\br28\tools\sdk.elf.o
 *(.classic_lmp_auth_const)
 .classic_lmp_auth_const
                0x07e8fe34      0x4f0 cpu\br28\tools\sdk.elf.o
 *(.classic_lmp_bigint_const)
 *(.classic_lmp_crypt_const)
 *(.classic_lmp_ecdh_const)
 *(.classic_lmp_hmac_const)
 *(.classic_lmp_code)
 .classic_lmp_code
                0x07e90324     0x6bb2 cpu\br28\tools\sdk.elf.o
 *(.classic_lmp_auth_code)
 .classic_lmp_auth_code
                0x07e96ed6      0x686 cpu\br28\tools\sdk.elf.o
 *(.classic_lmp_bigint_code)
 *(.classic_lmp_crypt_code)
 *(.classic_lmp_ecdh_code)
 *(.classic_lmp_hmac_code)
 *(.classic_rf_const)
 .classic_rf_const
                0x07e9755c      0x154 cpu\br28\tools\sdk.elf.o
 *(.classic_rf_code)
 .classic_rf_code
                0x07e976b0     0x54a6 cpu\br28\tools\sdk.elf.o
 *(.classic_bb_const)
 *(.classic_bb_code)
                0x0000cd36                BTCTLER_CL_CODE_SIZE = ABSOLUTE ((. - BTCTLER_CL_CODE_START))
                0x07e9cb58                . = ALIGN (0x4)
 *fill*         0x07e9cb56        0x2 
                0x07e9cb58                driver_code_start = .
 *(.fm_code)
                0x07e9cb58                CLOCK_CODE_START = .
 *(.clock_code)
 .clock_code    0x07e9cb58      0xcaa cpu\br28\tools\sdk.elf.o
                0x07e9d7d6                boot_clk_init
 *(.clock_const)
 .clock_const   0x07e9d802       0x10 cpu\br28\tools\sdk.elf.o
                0x00000cba                CLOCK_CODE_SIZE = ABSOLUTE ((. - CLOCK_CODE_START))
 *(.debug_code)
 *(.debug_const)
 *(.power_code)
 *(.power_const)
 *(.uart_code)
 *(.uart_const)
                0x07e9d812                driver_code_end = .
                0x07e9d814                . = ALIGN (0x4)
 *fill*         0x07e9d812        0x2 
                0x07e9d814                media_text_start = .
 *(.aec_code)
 .aec_code      0x07e9d814     0x1030 cpu\br28\tools\sdk.elf.o
 *(.aec_const)
 *(.der_code)
 *(.der_const)
 *(.nlp_code)
 *(.nlp_const)
 *(.qmf_code)
 .qmf_code      0x07e9e844      0x43a cpu\br28\tools\sdk.elf.o
 *(.qmf_const)
 *fill*         0x07e9ec7e        0x2 
 .qmf_const     0x07e9ec80       0xd8 cpu\br28\tools\sdk.elf.o
 *(.bt_audioplc_sparse_code)
 .bt_audioplc_sparse_code
                0x07e9ed58       0x2c cpu\br28\tools\sdk.elf.o
 *(.bt_audioplc_code)
 .bt_audioplc_code
                0x07e9ed84      0x456 cpu\br28\tools\sdk.elf.o
 *(.bt_audioplc_const)
 *fill*         0x07e9f1da        0x2 
 .bt_audioplc_const
                0x07e9f1dc        0xc cpu\br28\tools\sdk.elf.o
 *(.lf_audioplc_code)
 .lf_audioplc_code
                0x07e9f1e8      0x47a cpu\br28\tools\sdk.elf.o
 *(.lf_audioplc_sparse_code)
 .lf_audioplc_sparse_code
                0x07e9f662       0x7e cpu\br28\tools\sdk.elf.o
 *(.lf_audioplc_const)
 .lf_audioplc_const
                0x07e9f6e0        0xc cpu\br28\tools\sdk.elf.o
                0x07e9f6ec                . = ALIGN (0x4)
 *(.res_code)
 *(.res_const)
                0x07e9f6ec                . = ALIGN (0x4)
 *(.ns_code)
 .ns_code       0x07e9f6ec      0x3d6 cpu\br28\tools\sdk.elf.o
 *(.ns_const)
 *(.opcore_maskrom)
                0x07e9fac4                . = ALIGN (0x4)
 *fill*         0x07e9fac2        0x2 
 *(.pcm_code)
 .pcm_code      0x07e9fac4       0xb4 cpu\br28\tools\sdk.elf.o
 *(.pcm_const)
 *(.g729_code)
 .g729_code     0x07e9fb78      0x200 cpu\br28\tools\sdk.elf.o
 *(.g729_const)
 *(.g726_code)
 *(.g726_const)
 *(.wtg_dec_code)
 .wtg_dec_code  0x07e9fd78      0xe46 cpu\br28\tools\sdk.elf.o