Archive member included to satisfy reference by file (symbol)

cpu/br28/liba/cpu.a(crc16.c.o)
                              objs/cpu/br28/setup.c.o (symbol from plugin) (__crc16_mutex_init)
cpu/br28/liba/cpu.a(uart.c.o)
                              objs/apps/common/device/gSensor/gSensor_manage.c.o (symbol from plugin) (delay)
cpu/br28/liba/cpu.a(clock.c.o)
                              objs/apps/watch/common/init.c.o (symbol from plugin) (clock_set_sfc_max_freq)
cpu/br28/liba/cpu.a(gpio.c.o)
                              objs/apps/common/device/usb/usb_config.c.o (symbol from plugin) (usb_iomode)
cpu/br28/liba/cpu.a(timer.c.o)
                              objs/apps/common/device/mpu9250/mpu9250.c.o (symbol from plugin) (udelay)
cpu/br28/liba/cpu.a(sd.c.o)   objs/apps/watch/board/br28/board_701n_demo/board_701n_demo.c.o (symbol from plugin) (sdmmc_0_port_init)
cpu/br28/liba/cpu.a(usb.c.o)  objs/apps/common/device/usb/device/usb_device.c.o (symbol from plugin) (usb_sof_clr_pnd)
cpu/br28/liba/cpu.a(wdt.c.o)  objs/apps/watch/common/init.c.o (symbol from plugin) (wdt_close)
cpu/br28/liba/cpu.a(efuse.c.o)
                              objs/cpu/br28/charge.c.o (symbol from plugin) (get_vbat_trim)
cpu/br28/liba/cpu.a(debug.c.o)
                              objs/cpu/br28/user_p11_cmd.c.o (symbol from plugin) (get_dev_id)
cpu/br28/liba/cpu.a(sfc_spi.c.o)
                              clock.c.o (symbol from plugin) (sfc1_suspend)
cpu/br28/liba/cpu.a(dma_copy.c.o)
                              debug.c.o (symbol from plugin) (dma_memcpy_wait_idle)
cpu/br28/liba/cpu.a(vm.c.o)   clock.c.o (symbol from plugin) (sfc_suspend)
cpu/br28/liba/cpu.a(debug_record.c.o)
                              debug.c.o (symbol from plugin) (debug_exception_record)
cpu/br28/liba/cpu.a(driver_record.c.o)
                              debug_record.c.o (symbol from plugin) (drvier_record_enable)
cpu/br28/liba/cpu.a(system_record.c.o)
                              debug_record.c.o (symbol from plugin) (system_record_enable)
cpu/br28/liba/cpu.a(hw_pmu_api.c.o)
                              objs/apps/common/device/norflash/norflash_sfc.c.o (symbol from plugin) (hw_flash1_pwr_en)
cpu/br28/liba/cpu.a(lp_timer_hw.c.o)
                              hw_pmu_api.c.o (symbol from plugin) (__lp_timer_get_pass_time)
cpu/br28/liba/cpu.a(lrc_hw.c.o)
                              objs/cpu/br28/pwm_led.c.o (symbol from plugin) (__get_lrc_hz)
cpu/br28/liba/cpu.a(p33.c.o)  objs/cpu/br28/adc_api.c.o (symbol from plugin) (adc_pmu_ch_select)
cpu/br28/liba/cpu.a(power_hw.c.o)
                              objs/cpu/br28/setup.c.o (symbol from plugin) (reset_source_dump)
cpu/br28/liba/cpu.a(power_wakeup.c.o)
                              power_hw.c.o (symbol from plugin) (p33_wakeup_irq_handler)
cpu/br28/liba/cpu.a(poweroff_reboot.c.o)
                              power_hw.c.o (symbol from plugin) (deepsleep_pre)
cpu/br28/liba/cpu.a(power_port.c.o)
                              power_wakeup.c.o (symbol from plugin) (WSIG_to_PANA)
cpu/br28/liba/cpu.a(pmu_debug.c.o)
                              power_hw.c.o (symbol from plugin) (config_p11_baud)
cpu/br28/liba/cpu.a(rtc.c.o)  objs/apps/watch/task_manager/rtc/alarm_api.c.o (symbol from plugin) (month_to_day)
cpu/br28/liba/cpu.a(power_trim.c.o)
                              objs/cpu/br28/adc_api.c.o (symbol from plugin) (get_wvdd_trim_level)
cpu/br28/liba/cpu.a(lp_ipc.c.o)
                              power_hw.c.o (symbol from plugin) (msys_to_p11_common_cmd)
cpu/br28/liba/cpu.a(p33_io.c.o)
                              power_hw.c.o (symbol from plugin) (is_wakeup_source)
cpu/br28/liba/cpu.a(sdx_dev.c.o)
                              objs/apps/common/dev_manager/dev_manager.c.o (symbol from plugin) (sdx_dev_detect_timer_del)
cpu/br28/liba/cpu.a(sdx_driver.c.o)
                              sdx_dev.c.o (symbol from plugin) (sdx_init_card)
cpu/br28/liba/cpu.a(sdx_source.c.o)
                              sdx_driver.c.o (symbol from plugin) (sdx_get_hi_jiffies)
cpu/br28/liba/cpu.a(otg.c.o)  objs/apps/common/device/usb/usb_config.c.o (symbol from plugin) (usb_otg_suspend)
cpu/br28/liba/cpu.a(usb_phy.c.o)
                              objs/apps/common/device/usb/usb_config.c.o (symbol from plugin) (usb_read_sofframe)
cpu/br28/liba/cpu.a(usb_setup.c.o)
                              objs/apps/common/device/usb/usb_config.c.o (symbol from plugin) (usb_device2id)
cpu/br28/liba/cpu.a(descriptor.c.o)
                              usb_setup.c.o (symbol from plugin) (get_device_descriptor)
cpu/br28/liba/cpu.a(startup.S.o)
                              (_start)
cpu/br28/liba/cpu.a(encryption.c.o)
                              sfc_spi.c.o (symbol from plugin) (doe)
cpu/br28/liba/cpu.a(cache.c.o)
                              poweroff_reboot.c.o (symbol from plugin) (DcuEnable)
cpu/br28/liba/system.a(os_core.c.o)
                              system_record.c.o (symbol from plugin) (OSTCBCur)
cpu/br28/liba/system.a(os_task.c.o)
[...]
Memory Configuration

Name             Origin             Length             Attributes
code0            0x07e00120         0x00200000         xr
ram0             0x00100000         0x0009fb80         xrw
*default*        0x00000000         0xffffffff

Linker script and memory map

LOAD objs/apps/common/audio/audio_digital_vol.c.o
LOAD cpu/br28/tools/sdk.elf.o
LOAD objs/apps/common/audio/decode/decode.c.o
LOAD objs/apps/common/audio/encode/encode_write_file.c.o
LOAD objs/apps/common/audio/sine_make.c.o
LOAD objs/apps/common/audio/uartPcmSender.c.o
LOAD objs/apps/common/bt_common/bt_test_api.c.o
LOAD objs/apps/common/cJSON/cJSON.c.o
LOAD objs/apps/common/config/app_config.c.o
LOAD objs/apps/common/config/bt_profile_config.c.o
LOAD objs/apps/common/config/ci_transport_uart.c.o
LOAD objs/apps/common/debug/data_export/data_export.c.o
LOAD objs/apps/common/debug/data_export/data_export_to_file.c.o
LOAD objs/apps/common/debug/debug.c.o
LOAD objs/apps/common/debug/debug_lite.c.o
LOAD objs/apps/common/dev_manager/dev_manager.c.o
LOAD objs/apps/common/dev_manager/dev_reg.c.o
LOAD objs/apps/common/dev_manager/dev_update.c.o
LOAD objs/apps/common/device/bmp280/bmp280.c.o
LOAD objs/apps/common/device/detection.c.o
LOAD objs/apps/common/device/gSensor/SC7A20.c.o
LOAD objs/apps/common/device/gSensor/SL_Watch_Pedo_Kcal_Wrist_Sleep_Sway_Application.c.o
LOAD objs/apps/common/device/gSensor/gSensor_manage.c.o
LOAD objs/apps/common/device/gSensor/mc3433.c.o
LOAD objs/apps/common/device/gSensor/mpu6050.c.o
LOAD objs/apps/common/device/gSensor/p11_gsensor.c.o
LOAD objs/apps/common/device/hr_sensor/hrSensor_manage.c.o
LOAD objs/apps/common/device/hr_sensor/hrs3300.c.o
LOAD objs/apps/common/device/hr_sensor/hrs3603.c.o
LOAD objs/apps/common/device/hr_sensor/BD_health_math.c.o
LOAD objs/apps/common/device/hr_sensor/p11_hrsensor.c.o
LOAD objs/apps/common/device/key/adkey.c.o
LOAD objs/apps/common/device/key/iokey.c.o
LOAD objs/apps/common/device/key/irkey.c.o
LOAD objs/apps/common/device/key/key_driver.c.o
LOAD objs/apps/common/device/key/rdec_key.c.o
LOAD objs/apps/common/device/key/touch_key.c.o
LOAD objs/apps/common/device/mpu9250/mpu9250.c.o
LOAD objs/apps/common/device/nandflash/nandflash.c.o
LOAD objs/apps/common/device/nfc/nfc_fm11nt081d.c.o
LOAD objs/apps/common/device/norflash/norflash.c.o
LOAD objs/apps/common/device/norflash/norflash_sfc.c.o
LOAD objs/apps/common/device/touch_panel/IT7259E.c.o
LOAD objs/apps/common/device/touch_panel/bl6133.c.o
LOAD objs/apps/common/device/touch_panel/bl_fw_update.c.o
LOAD objs/apps/common/device/touch_panel/cst816s/cst816s.c.o
LOAD objs/apps/common/device/touch_panel/ft6336g.c.o
LOAD objs/apps/common/device/usb/device/cdc.c.o
LOAD objs/apps/common/device/usb/device/descriptor.c.o
LOAD objs/apps/common/device/usb/device/hid.c.o
LOAD objs/apps/common/device/usb/device/msd.c.o
LOAD objs/apps/common/device/usb/device/msd_upgrade.c.o
LOAD objs/apps/common/device/usb/device/task_pc.c.o
LOAD objs/apps/common/device/usb/device/uac1.c.o
LOAD objs/apps/common/device/usb/device/uac_stream.c.o
LOAD objs/apps/common/device/usb/device/usb_device.c.o
LOAD objs/apps/common/device/usb/device/user_setup.c.o
LOAD objs/apps/common/device/usb/host/adb.c.o
LOAD objs/apps/common/device/usb/host/aoa.c.o
LOAD objs/apps/common/device/usb/host/audio.c.o
LOAD objs/apps/common/device/usb/host/audio_demo.c.o
LOAD objs/apps/common/device/usb/host/hid.c.o
LOAD objs/apps/common/device/usb/host/usb_bulk_transfer.c.o
LOAD objs/apps/common/device/usb/host/usb_ctrl_transfer.c.o
LOAD objs/apps/common/device/usb/host/usb_host.c.o
LOAD objs/apps/common/device/usb/host/usb_storage.c.o
LOAD objs/apps/common/device/usb/usb_config.c.o
LOAD objs/apps/common/device/usb/usb_host_config.c.o
LOAD objs/apps/common/fat_nor/nor_fs.c.o
LOAD objs/apps/common/fat_nor/phone_rec_fs.c.o
LOAD objs/apps/common/fat_nor/virfat_flash.c.o
LOAD objs/apps/common/file_operate/file_api.c.o
LOAD objs/apps/common/file_operate/file_bs_deal.c.o
LOAD objs/apps/common/file_operate/file_manager.c.o
LOAD objs/apps/common/music/breakpoint.c.o
LOAD objs/apps/common/music/general_player.c.o
LOAD objs/apps/common/music/music_decrypt.c.o
LOAD objs/apps/common/music/music_id3.c.o
LOAD objs/apps/common/music/music_player.c.o
LOAD objs/apps/common/third_party_profile/common/3th_profile_api.c.o
LOAD objs/apps/common/third_party_profile/common/custom_cfg.c.o
LOAD objs/apps/common/third_party_profile/jieli/le_client_demo.c.o
LOAD objs/apps/common/third_party_profile/jieli/online_db/online_db_deal.c.o
LOAD objs/apps/common/third_party_profile/jieli/online_db/spp_online_db.c.o
LOAD objs/apps/common/third_party_profile/jieli/trans_data_demo/le_trans_data.c.o
LOAD objs/apps/common/third_party_profile/jieli/trans_data_demo/spp_trans_data.c.o
LOAD objs/apps/common/ui/lcd/lcd_ui_api.c.o
LOAD objs/apps/common/ui/led7/led7_ui_api.c.o
LOAD objs/apps/common/ui/lvgl_app/lv_demos/src/lv_demo_benchmark/assets/img_benchmark_cogwheel_alpha16.c.o
LOAD objs/apps/common/ui/lvgl_app/lv_demos/src/lv_demo_benchmark/assets/img_benchmark_cogwheel_argb.c.o
LOAD objs/apps/common/ui/lvgl_app/lv_demos/src/lv_demo_benchmark/assets/img_benchmark_cogwheel_chroma_keyed.c.o
LOAD objs/apps/common/ui/lvgl_app/lv_demos/src/lv_demo_benchmark/assets/img_benchmark_cogwheel_indexed16.c.o
LOAD objs/apps/common/ui/lvgl_app/lv_demos/src/lv_demo_benchmark/assets/img_benchmark_cogwheel_rgb.c.o
LOAD objs/apps/common/ui/lvgl_app/lv_demos/src/lv_demo_benchmark/assets/lv_font_montserrat_12_compr_az.c.o
LOAD objs/apps/common/ui/lvgl_app/lv_demos/src/lv_demo_benchmark/assets/lv_font_montserrat_16_compr_az.c.o
LOAD objs/apps/common/ui/lvgl_app/lv_demos/src/lv_demo_benchmark/assets/lv_font_montserrat_28_compr_az.c.o
LOAD objs/apps/common/ui/lvgl_app/lv_demos/src/lv_demo_benchmark/lv_demo_benchmark.c.o
LOAD objs/apps/common/ui/lvgl_app/lv_demos/src/lv_demo_keypad_encoder/lv_demo_keypad_encoder.c.o
LOAD objs/apps/common/ui/lvgl_app/lv_demos/src/lv_demo_music/assets/img_lv_demo_music_btn_corner_large.c.o
LOAD objs/apps/common/ui/lvgl_app/lv_demos/src/lv_demo_music/assets/img_lv_demo_music_btn_list_pause.c.o
LOAD objs/apps/common/ui/lvgl_app/lv_demos/src/lv_demo_music/assets/img_lv_demo_music_btn_list_pause_large.c.o
LOAD objs/apps/common/ui/lvgl_app/lv_demos/src/lv_demo_music/assets/img_lv_demo_music_btn_list_play.c.o
LOAD objs/apps/common/ui/lvgl_app/lv_demos/src/lv_demo_music/assets/img_lv_demo_music_btn_list_play_large.c.o
LOAD objs/apps/common/ui/lvgl_app/lv_demos/src/lv_demo_music/assets/img_lv_demo_music_btn_loop.c.o
LOAD objs/apps/common/ui/lvgl_app/lv_demos/src/lv_demo_music/assets/img_lv_demo_music_btn_loop_large.c.o
LOAD objs/apps/common/ui/lvgl_app/lv_demos/src/lv_demo_music/assets/img_lv_demo_music_btn_next.c.o
LOAD objs/apps/common/ui/lvgl_app/lv_demos/src/lv_demo_music/assets/img_lv_demo_music_btn_next_large.c.o
LOAD objs/apps/common/ui/lvgl_app/lv_demos/src/lv_demo_music/assets/img_lv_demo_music_btn_pause.c.o
LOAD objs/apps/common/ui/lvgl_app/lv_demos/src/lv_demo_music/assets/img_lv_demo_music_btn_pause_large.c.o
LOAD objs/apps/common/ui/lvgl_app/lv_demos/src/lv_demo_music/assets/img_lv_demo_music_btn_play.c.o
LOAD objs/apps/common/ui/lvgl_app/lv_demos/src/lv_demo_music/assets/img_lv_demo_music_btn_play_large.c.o
LOAD objs/apps/common/ui/lvgl_app/lv_demos/src/lv_demo_music/assets/img_lv_demo_music_btn_prev.c.o
LOAD objs/apps/common/ui/lvgl_app/lv_demos/src/lv_demo_music/assets/img_lv_demo_music_btn_prev_large.c.o
LOAD objs/apps/common/ui/lvgl_app/lv_demos/src/lv_demo_music/assets/img_lv_demo_music_btn_rnd.c.o
LOAD objs/apps/common/ui/lvgl_app/lv_demos/src/lv_demo_music/assets/img_lv_demo_music_btn_rnd_large.c.o
LOAD objs/apps/common/ui/lvgl_app/lv_demos/src/lv_demo_music/assets/img_lv_demo_music_corner_left.c.o
LOAD objs/apps/common/ui/lvgl_app/lv_demos/src/lv_demo_music/assets/img_lv_demo_music_corner_left_large.c.o
LOAD objs/apps/common/ui/lvgl_app/lv_demos/src/lv_demo_music/assets/img_lv_demo_music_corner_right.c.o
LOAD objs/apps/common/ui/lvgl_app/lv_demos/src/lv_demo_music/assets/img_lv_demo_music_corner_right_large.c.o
LOAD objs/apps/common/ui/lvgl_app/lv_demos/src/lv_demo_music/assets/img_lv_demo_music_cover_1.c.o
LOAD objs/apps/common/ui/lvgl_app/lv_demos/src/lv_demo_music/assets/img_lv_demo_music_cover_1_large.c.o
LOAD objs/apps/common/ui/lvgl_app/lv_demos/src/lv_demo_music/assets/img_lv_demo_music_cover_2.c.o
LOAD objs/apps/common/ui/lvgl_app/lv_demos/src/lv_demo_music/assets/img_lv_demo_music_cover_2_large.c.o
LOAD objs/apps/common/ui/lvgl_app/lv_demos/src/lv_demo_music/assets/img_lv_demo_music_cover_3.c.o
LOAD objs/apps/common/ui/lvgl_app/lv_demos/src/lv_demo_music/assets/img_lv_demo_music_cover_3_large.c.o
LOAD objs/apps/common/ui/lvgl_app/lv_demos/src/lv_demo_music/assets/img_lv_demo_music_icon_1.c.o
LOAD objs/apps/common/ui/lvgl_app/lv_demos/src/lv_demo_music/assets/img_lv_demo_music_icon_1_large.c.o
LOAD objs/apps/common/ui/lvgl_app/lv_demos/src/lv_demo_music/assets/img_lv_demo_music_icon_2.c.o
LOAD objs/apps/common/ui/lvgl_app/lv_demos/src/lv_demo_music/assets/img_lv_demo_music_icon_2_large.c.o
LOAD objs/apps/common/ui/lvgl_app/lv_demos/src/lv_demo_music/assets/img_lv_demo_music_icon_3.c.o
LOAD objs/apps/common/ui/lvgl_app/lv_demos/src/lv_demo_music/assets/img_lv_demo_music_icon_3_large.c.o
LOAD objs/apps/common/ui/lvgl_app/lv_demos/src/lv_demo_music/assets/img_lv_demo_music_icon_4.c.o
LOAD objs/apps/common/ui/lvgl_app/lv_demos/src/lv_demo_music/assets/img_lv_demo_music_icon_4_large.c.o
LOAD objs/apps/common/ui/lvgl_app/lv_demos/src/lv_demo_music/assets/img_lv_demo_music_list_border.c.o
LOAD objs/apps/common/ui/lvgl_app/lv_demos/src/lv_demo_music/assets/img_lv_demo_music_list_border_large.c.o
LOAD objs/apps/common/ui/lvgl_app/lv_demos/src/lv_demo_music/assets/img_lv_demo_music_logo.c.o
LOAD objs/apps/common/ui/lvgl_app/lv_demos/src/lv_demo_music/assets/img_lv_demo_music_slider_knob.c.o
LOAD objs/apps/common/ui/lvgl_app/lv_demos/src/lv_demo_music/assets/img_lv_demo_music_slider_knob_large.c.o
LOAD objs/apps/common/ui/lvgl_app/lv_demos/src/lv_demo_music/assets/img_lv_demo_music_wave_bottom.c.o
LOAD objs/apps/common/ui/lvgl_app/lv_demos/src/lv_demo_music/assets/img_lv_demo_music_wave_bottom_large.c.o
LOAD objs/apps/common/ui/lvgl_app/lv_demos/src/lv_demo_music/assets/img_lv_demo_music_wave_top.c.o
LOAD objs/apps/common/ui/lvgl_app/lv_demos/src/lv_demo_music/assets/img_lv_demo_music_wave_top_large.c.o
LOAD objs/apps/common/ui/lvgl_app/lv_demos/src/lv_demo_music/lv_demo_music.c.o
LOAD objs/apps/common/ui/lvgl_app/lv_demos/src/lv_demo_music/lv_demo_music_list.c.o
LOAD objs/apps/common/ui/lvgl_app/lv_demos/src/lv_demo_music/lv_demo_music_main.c.o
LOAD objs/apps/common/ui/lvgl_app/lv_demos/src/lv_demo_stress/assets/lv_font_montserrat_12_compr_az.c.o
LOAD objs/apps/common/ui/lvgl_app/lv_demos/src/lv_demo_stress/assets/lv_font_montserrat_16_compr_az.c.o
LOAD objs/apps/common/ui/lvgl_app/lv_demos/src/lv_demo_stress/assets/lv_font_montserrat_28_compr_az.c.o
LOAD objs/apps/common/ui/lvgl_app/lv_demos/src/lv_demo_stress/lv_demo_stress.c.o
LOAD objs/apps/common/ui/lvgl_app/lv_demos/src/lv_demo_widgets/assets/img_clothes.c.o
LOAD objs/apps/common/ui/lvgl_app/lv_demos/src/lv_demo_widgets/assets/img_demo_widgets_avatar.c.o
LOAD objs/apps/common/ui/lvgl_app/lv_demos/src/lv_demo_widgets/assets/img_lvgl_logo.c.o
LOAD objs/apps/common/ui/lvgl_app/lv_demos/src/lv_demo_widgets/lv_demo_widgets.c.o
LOAD objs/apps/common/ui/lvgl_v810/src/core/lv_disp.c.o
LOAD objs/apps/common/ui/lvgl_v810/src/core/lv_event.c.o
LOAD objs/apps/common/ui/lvgl_v810/src/core/lv_group.c.o
LOAD objs/apps/common/ui/lvgl_v810/src/core/lv_indev.c.o
LOAD objs/apps/common/ui/lvgl_v810/src/core/lv_indev_scroll.c.o
LOAD objs/apps/common/ui/lvgl_v810/src/core/lv_obj.c.o
LOAD objs/apps/common/ui/lvgl_v810/src/core/lv_obj_class.c.o
LOAD objs/apps/common/ui/lvgl_v810/src/core/lv_obj_draw.c.o
LOAD objs/apps/common/ui/lvgl_v810/src/core/lv_obj_pos.c.o
LOAD objs/apps/common/ui/lvgl_v810/src/core/lv_obj_scroll.c.o
LOAD objs/apps/common/ui/lvgl_v810/src/core/lv_obj_style.c.o
LOAD objs/apps/common/ui/lvgl_v810/src/core/lv_obj_style_gen.c.o
LOAD objs/apps/common/ui/lvgl_v810/src/core/lv_obj_tree.c.o
LOAD objs/apps/common/ui/lvgl_v810/src/core/lv_refr.c.o
LOAD objs/apps/common/ui/lvgl_v810/src/core/lv_theme.c.o
LOAD objs/apps/common/ui/lvgl_v810/src/draw/lv_draw_arc.c.o
LOAD objs/apps/common/ui/lvgl_v810/src/draw/lv_draw_blend.c.o
LOAD objs/apps/common/ui/lvgl_v810/src/draw/lv_draw_img.c.o
LOAD objs/apps/common/ui/lvgl_v810/src/draw/lv_draw_label.c.o
LOAD objs/apps/common/ui/lvgl_v810/src/draw/lv_draw_line.c.o
LOAD objs/apps/common/ui/lvgl_v810/src/draw/lv_draw_mask.c.o
LOAD objs/apps/common/ui/lvgl_v810/src/draw/lv_draw_rect.c.o
LOAD objs/apps/common/ui/lvgl_v810/src/draw/lv_draw_triangle.c.o
LOAD objs/apps/common/ui/lvgl_v810/src/draw/lv_img_buf.c.o
LOAD objs/apps/common/ui/lvgl_v810/src/draw/lv_img_cache.c.o
LOAD objs/apps/common/ui/lvgl_v810/src/draw/lv_img_decoder.c.o
LOAD objs/apps/common/ui/lvgl_v810/src/extra/layouts/flex/lv_flex.c.o
LOAD objs/apps/common/ui/lvgl_v810/src/extra/layouts/grid/lv_grid.c.o
LOAD objs/apps/common/ui/lvgl_v810/src/extra/lv_extra.c.o
LOAD objs/apps/common/ui/lvgl_v810/src/extra/others/snapshot/lv_snapshot.c.o
LOAD objs/apps/common/ui/lvgl_v810/src/extra/themes/basic/lv_theme_basic.c.o
LOAD objs/apps/common/ui/lvgl_v810/src/extra/themes/default/lv_theme_default.c.o
LOAD objs/apps/common/ui/lvgl_v810/src/extra/themes/mono/lv_theme_mono.c.o
LOAD objs/apps/common/ui/lvgl_v810/src/extra/widgets/animimg/lv_animimg.c.o
LOAD objs/apps/common/ui/lvgl_v810/src/extra/widgets/calendar/lv_calendar.c.o
LOAD objs/apps/common/ui/lvgl_v810/src/extra/widgets/calendar/lv_calendar_header_arrow.c.o
LOAD objs/apps/common/ui/lvgl_v810/src/extra/widgets/calendar/lv_calendar_header_dropdown.c.o
LOAD objs/apps/common/ui/lvgl_v810/src/extra/widgets/chart/lv_chart.c.o
LOAD objs/apps/common/ui/lvgl_v810/src/extra/widgets/colorwheel/lv_colorwheel.c.o
LOAD objs/apps/common/ui/lvgl_v810/src/extra/widgets/imgbtn/lv_imgbtn.c.o
LOAD objs/apps/common/ui/lvgl_v810/src/extra/widgets/keyboard/lv_keyboard.c.o
LOAD objs/apps/common/ui/lvgl_v810/src/extra/widgets/led/lv_led.c.o
LOAD objs/apps/common/ui/lvgl_v810/src/extra/widgets/list/lv_list.c.o
LOAD objs/apps/common/ui/lvgl_v810/src/extra/widgets/meter/lv_meter.c.o
LOAD objs/apps/common/ui/lvgl_v810/src/extra/widgets/msgbox/lv_msgbox.c.o
LOAD objs/apps/common/ui/lvgl_v810/src/extra/widgets/span/lv_span.c.o
LOAD objs/apps/common/ui/lvgl_v810/src/extra/widgets/spinbox/lv_spinbox.c.o
LOAD objs/apps/common/ui/lvgl_v810/src/extra/widgets/spinner/lv_spinner.c.o
LOAD objs/apps/common/ui/lvgl_v810/src/extra/widgets/tabview/lv_tabview.c.o
LOAD objs/apps/common/ui/lvgl_v810/src/extra/widgets/tileview/lv_tileview.c.o
LOAD objs/apps/common/ui/lvgl_v810/src/extra/widgets/win/lv_win.c.o
LOAD objs/apps/common/ui/lvgl_v810/src/font/lv_font.c.o
LOAD objs/apps/common/ui/lvgl_v810/src/font/lv_font_dejavu_16_persian_hebrew.c.o
LOAD objs/apps/common/ui/lvgl_v810/src/font/lv_font_fmt_txt.c.o
LOAD objs/apps/common/ui/lvgl_v810/src/font/lv_font_loader.c.o
LOAD objs/apps/common/ui/lvgl_v810/src/font/lv_font_montserrat_10.c.o
LOAD objs/apps/common/ui/lvgl_v810/src/font/lv_font_montserrat_12.c.o
LOAD objs/apps/common/ui/lvgl_v810/src/font/lv_font_montserrat_12_subpx.c.o
LOAD objs/apps/common/ui/lvgl_v810/src/font/lv_font_montserrat_14.c.o
LOAD objs/apps/common/ui/lvgl_v810/src/font/lv_font_montserrat_16.c.o
LOAD objs/apps/common/ui/lvgl_v810/src/font/lv_font_montserrat_18.c.o
LOAD objs/apps/common/ui/lvgl_v810/src/font/lv_font_montserrat_20.c.o
LOAD objs/apps/common/ui/lvgl_v810/src/font/lv_font_montserrat_22.c.o
LOAD objs/apps/common/ui/lvgl_v810/src/font/lv_font_montserrat_24.c.o
LOAD objs/apps/common/ui/lvgl_v810/src/font/lv_font_montserrat_26.c.o
LOAD objs/apps/common/ui/lvgl_v810/src/font/lv_font_montserrat_28.c.o
LOAD objs/apps/common/ui/lvgl_v810/src/font/lv_font_montserrat_28_compressed.c.o
LOAD objs/apps/common/ui/lvgl_v810/src/font/lv_font_montserrat_30.c.o
LOAD objs/apps/common/ui/lvgl_v810/src/font/lv_font_montserrat_32.c.o
LOAD objs/apps/common/ui/lvgl_v810/src/font/lv_font_montserrat_34.c.o
LOAD objs/apps/common/ui/lvgl_v810/src/font/lv_font_montserrat_36.c.o
LOAD objs/apps/common/ui/lvgl_v810/src/font/lv_font_montserrat_38.c.o
LOAD objs/apps/common/ui/lvgl_v810/src/font/lv_font_montserrat_40.c.o
LOAD objs/apps/common/ui/lvgl_v810/src/font/lv_font_montserrat_42.c.o
LOAD objs/apps/common/ui/lvgl_v810/src/font/lv_font_montserrat_44.c.o
LOAD objs/apps/common/ui/lvgl_v810/src/font/lv_font_montserrat_46.c.o
LOAD objs/apps/common/ui/lvgl_v810/src/font/lv_font_montserrat_48.c.o
LOAD objs/apps/common/ui/lvgl_v810/src/font/lv_font_montserrat_8.c.o
LOAD objs/apps/common/ui/lvgl_v810/src/font/lv_font_simsun_16_cjk.c.o
LOAD objs/apps/common/ui/lvgl_v810/src/font/lv_font_unscii_16.c.o
LOAD objs/apps/common/ui/lvgl_v810/src/font/lv_font_unscii_8.c.o
LOAD objs/apps/common/ui/lvgl_v810/src/gpu/lv_gpu_nxp_pxp.c.o
LOAD objs/apps/common/ui/lvgl_v810/src/gpu/lv_gpu_nxp_pxp_osa.c.o
LOAD objs/apps/common/ui/lvgl_v810/src/gpu/lv_gpu_nxp_vglite.c.o
LOAD objs/apps/common/ui/lvgl_v810/src/gpu/lv_gpu_sdl.c.o
LOAD objs/apps/common/ui/lvgl_v810/src/gpu/lv_gpu_stm32_dma2d.c.o
LOAD objs/apps/common/ui/lvgl_v810/src/hal/lv_hal_disp.c.o
LOAD objs/apps/common/ui/lvgl_v810/src/hal/lv_hal_indev.c.o
LOAD objs/apps/common/ui/lvgl_v810/src/hal/lv_hal_tick.c.o
LOAD objs/apps/common/ui/lvgl_v810/src/misc/lv_anim.c.o
LOAD objs/apps/common/ui/lvgl_v810/src/misc/lv_anim_timeline.c.o
LOAD objs/apps/common/ui/lvgl_v810/src/misc/lv_area.c.o
LOAD objs/apps/common/ui/lvgl_v810/src/misc/lv_async.c.o
LOAD objs/apps/common/ui/lvgl_v810/src/misc/lv_bidi.c.o
LOAD objs/apps/common/ui/lvgl_v810/src/misc/lv_color.c.o
LOAD objs/apps/common/ui/lvgl_v810/src/misc/lv_fs.c.o
LOAD objs/apps/common/ui/lvgl_v810/src/misc/lv_gc.c.o
LOAD objs/apps/common/ui/lvgl_v810/src/misc/lv_ll.c.o
LOAD objs/apps/common/ui/lvgl_v810/src/misc/lv_log.c.o
LOAD objs/apps/common/ui/lvgl_v810/src/misc/lv_math.c.o
LOAD objs/apps/common/ui/lvgl_v810/src/misc/lv_mem.c.o
LOAD objs/apps/common/ui/lvgl_v810/src/misc/lv_printf.c.o
LOAD objs/apps/common/ui/lvgl_v810/src/misc/lv_style.c.o
LOAD objs/apps/common/ui/lvgl_v810/src/misc/lv_style_gen.c.o
LOAD objs/apps/common/ui/lvgl_v810/src/misc/lv_timer.c.o
LOAD objs/apps/common/ui/lvgl_v810/src/misc/lv_tlsf.c.o
LOAD objs/apps/common/ui/lvgl_v810/src/misc/lv_txt.c.o
LOAD objs/apps/common/ui/lvgl_v810/src/misc/lv_txt_ap.c.o
LOAD objs/apps/common/ui/lvgl_v810/src/misc/lv_utils.c.o
LOAD objs/apps/common/ui/lvgl_v810/src/widgets/lv_arc.c.o
LOAD objs/apps/common/ui/lvgl_v810/src/widgets/lv_bar.c.o
LOAD objs/apps/common/ui/lvgl_v810/src/widgets/lv_btn.c.o
LOAD objs/apps/common/ui/lvgl_v810/src/widgets/lv_btnmatrix.c.o
LOAD objs/apps/common/ui/lvgl_v810/src/widgets/lv_canvas.c.o
LOAD objs/apps/common/ui/lvgl_v810/src/widgets/lv_checkbox.c.o
LOAD objs/apps/common/ui/lvgl_v810/src/widgets/lv_dropdown.c.o
LOAD objs/apps/common/ui/lvgl_v810/src/widgets/lv_img.c.o
LOAD objs/apps/common/ui/lvgl_v810/src/widgets/lv_label.c.o
LOAD objs/apps/common/ui/lvgl_v810/src/widgets/lv_line.c.o
LOAD objs/apps/common/ui/lvgl_v810/src/widgets/lv_roller.c.o
LOAD objs/apps/common/ui/lvgl_v810/src/widgets/lv_slider.c.o
LOAD objs/apps/common/ui/lvgl_v810/src/widgets/lv_switch.c.o
LOAD objs/apps/common/ui/lvgl_v810/src/widgets/lv_table.c.o
LOAD objs/apps/common/ui/lvgl_v810/src/widgets/lv_textarea.c.o
LOAD objs/apps/common/update/ex_flash_file_download.c.o
LOAD objs/apps/common/update/norflash_ufw_update.c.o
LOAD objs/apps/common/update/norflash_update.c.o
LOAD objs/apps/common/update/testbox_update.c.o
LOAD objs/apps/common/update/uart_update.c.o
LOAD objs/apps/common/update/uart_update_master.c.o
LOAD objs/apps/common/update/update.c.o
LOAD objs/apps/watch/aec/br28/audio_aec.c.o
LOAD objs/apps/watch/aec/br28/audio_aec_demo.c.o
LOAD objs/apps/watch/app_main.c.o
LOAD objs/apps/watch/board/br28/board_7012a_demo/board_7012a_demo.c.o
LOAD objs/apps/watch/board/br28/board_7012a_demo/key_table/adkey_table.c.o
LOAD objs/apps/watch/board/br28/board_7012a_demo/key_table/iokey_table.c.o
LOAD objs/apps/watch/board/br28/board_7012a_demo/key_table/irkey_table.c.o
LOAD objs/apps/watch/board/br28/board_7012a_demo/key_table/rdec_key_table.c.o
LOAD objs/apps/watch/board/br28/board_7012a_demo/key_table/touch_key_table.c.o
LOAD objs/apps/watch/board/br28/board_701n_demo/board_701n_demo.c.o
LOAD objs/apps/watch/board/br28/board_701n_demo/key_table/adkey_table.c.o
LOAD objs/apps/watch/board/br28/board_701n_demo/key_table/iokey_table.c.o
LOAD objs/apps/watch/board/br28/board_701n_demo/key_table/irkey_table.c.o
LOAD objs/apps/watch/board/br28/board_701n_demo/key_table/rdec_key_table.c.o
LOAD objs/apps/watch/board/br28/board_701n_demo/key_table/touch_key_table.c.o
LOAD objs/apps/watch/board/br28/board_701n_lvgl_demo/board_701n_lvgl_demo.c.o
LOAD objs/apps/watch/board/br28/board_701n_lvgl_demo/key_table/adkey_table.c.o
LOAD objs/apps/watch/board/br28/board_701n_lvgl_demo/key_table/iokey_table.c.o
LOAD objs/apps/watch/board/br28/board_701n_lvgl_demo/key_table/irkey_table.c.o
LOAD objs/apps/watch/board/br28/board_701n_lvgl_demo/key_table/rdec_key_table.c.o
LOAD objs/apps/watch/board/br28/board_701n_lvgl_demo/key_table/touch_key_table.c.o
LOAD objs/apps/watch/common/dev_status.c.o
LOAD objs/apps/watch/common/init.c.o
LOAD objs/apps/watch/common/sport_data/altitude_presure.c.o
LOAD objs/apps/watch/common/sport_data/blood_oxygen.c.o
LOAD objs/apps/watch/common/sport_data/detection_response.c.o
LOAD objs/apps/watch/common/sport_data/heart_rate.c.o
LOAD objs/apps/watch/common/sport_data/sleep.c.o
LOAD objs/apps/watch/common/sport_data/sport.c.o
LOAD objs/apps/watch/common/sport_data/watch_common.c.o
LOAD objs/apps/watch/common/sport_data/watch_time_common.c.o
LOAD objs/apps/watch/common/step_calcul.c.o
LOAD objs/apps/watch/common/task_table.c.o
LOAD objs/apps/watch/common/tone_table.c.o
LOAD objs/apps/watch/common/user_cfg.c.o
LOAD objs/apps/watch/font/fontinit.c.o
LOAD objs/apps/watch/log_config/app_config.c.o
LOAD objs/apps/watch/log_config/lib_btctrler_config.c.o
LOAD objs/apps/watch/log_config/lib_btstack_config.c.o
LOAD objs/apps/watch/log_config/lib_driver_config.c.o
LOAD objs/apps/watch/log_config/lib_media_config.c.o
LOAD objs/apps/watch/log_config/lib_system_config.c.o
LOAD objs/apps/watch/log_config/lib_update_config.c.o
LOAD objs/apps/watch/power_manage/app_charge.c.o
LOAD objs/apps/watch/power_manage/app_chargestore.c.o
LOAD objs/apps/watch/power_manage/app_power_manage.c.o
LOAD objs/apps/watch/smartbox/browser/browser.c.o
LOAD objs/apps/watch/smartbox/bt_manage/bt_trans_data/le_smartbox_adv.c.o
LOAD objs/apps/watch/smartbox/bt_manage/bt_trans_data/le_smartbox_module.c.o
LOAD objs/apps/watch/smartbox/bt_manage/smartbox_bt_manage.c.o
LOAD objs/apps/watch/smartbox/cmd_data_deal/cmd_recieve.c.o
LOAD objs/apps/watch/smartbox/cmd_data_deal/cmd_recieve_no_respone.c.o
LOAD objs/apps/watch/smartbox/cmd_data_deal/cmd_respone.c.o
LOAD objs/apps/watch/smartbox/cmd_data_deal/cmd_user.c.o
LOAD objs/apps/watch/smartbox/cmd_data_deal/command.c.o
LOAD objs/apps/watch/smartbox/cmd_data_deal/data_recieve.c.o
LOAD objs/apps/watch/smartbox/cmd_data_deal/data_recieve_no_respone.c.o
LOAD objs/apps/watch/smartbox/cmd_data_deal/data_respone.c.o
LOAD objs/apps/watch/smartbox/config.c.o
LOAD objs/apps/watch/smartbox/event.c.o
LOAD objs/apps/watch/smartbox/external_flash/smartbox_extra_flash_cmd.c.o
LOAD objs/apps/watch/smartbox/external_flash/smartbox_extra_flash_opt.c.o
LOAD objs/apps/watch/smartbox/feature.c.o
LOAD objs/apps/watch/smartbox/file_transfer/dev_format.c.o
LOAD objs/apps/watch/smartbox/file_transfer/file_bluk_trans_prepare.c.o
LOAD objs/apps/watch/smartbox/file_transfer/file_delete.c.o
LOAD objs/apps/watch/smartbox/file_transfer/file_env_prepare.c.o
LOAD objs/apps/watch/smartbox/file_transfer/file_simple_transfer.c.o
LOAD objs/apps/watch/smartbox/file_transfer/file_trans_back.c.o
LOAD objs/apps/watch/smartbox/file_transfer/file_transfer.c.o
LOAD objs/apps/watch/smartbox/func_cmd/bt_func.c.o
LOAD objs/apps/watch/smartbox/func_cmd/fm_func.c.o
LOAD objs/apps/watch/smartbox/func_cmd/linein_func.c.o
LOAD objs/apps/watch/smartbox/func_cmd/music_func.c.o
LOAD objs/apps/watch/smartbox/func_cmd/rtc_func.c.o
LOAD objs/apps/watch/smartbox/function.c.o
LOAD objs/apps/watch/smartbox/sensors_data_opt/nfc_data_opt.c.o
LOAD objs/apps/watch/smartbox/sensors_data_opt/sensor_log_notify.c.o
LOAD objs/apps/watch/smartbox/sensors_data_opt/sensors_data_opt.c.o
LOAD objs/apps/watch/smartbox/sensors_data_opt/sport_data_func.c.o
LOAD objs/apps/watch/smartbox/sensors_data_opt/sport_data_info_opt/sport_info_bt_disconn.c.o
LOAD objs/apps/watch/smartbox/sensors_data_opt/sport_data_info_opt/sport_info_continuous_heart_rate.c.o
LOAD objs/apps/watch/smartbox/sensors_data_opt/sport_data_info_opt/sport_info_exercise_heart_rate.c.o
LOAD objs/apps/watch/smartbox/sensors_data_opt/sport_data_info_opt/sport_info_fall_detection.c.o
LOAD objs/apps/watch/smartbox/sensors_data_opt/sport_data_info_opt/sport_info_personal_info.c.o
LOAD objs/apps/watch/smartbox/sensors_data_opt/sport_data_info_opt/sport_info_pressure_detection.c.o
LOAD objs/apps/watch/smartbox/sensors_data_opt/sport_data_info_opt/sport_info_raise_wrist.c.o
LOAD objs/apps/watch/smartbox/sensors_data_opt/sport_data_info_opt/sport_info_sedentary.c.o
LOAD objs/apps/watch/smartbox/sensors_data_opt/sport_data_info_opt/sport_info_sensor_opt.c.o
LOAD objs/apps/watch/smartbox/sensors_data_opt/sport_data_info_opt/sport_info_sleep_detection.c.o
LOAD objs/apps/watch/smartbox/sensors_data_opt/sport_info_opt.c.o
LOAD objs/apps/watch/smartbox/sensors_data_opt/sport_info_sync.c.o
LOAD objs/apps/watch/smartbox/sensors_data_opt/sport_info_vm.c.o
LOAD objs/apps/watch/smartbox/sensors_data_opt/sports_data_opt/sport_data_air_pressure.c.o
LOAD objs/apps/watch/smartbox/sensors_data_opt/sports_data_opt/sport_data_altitude.c.o
LOAD objs/apps/watch/smartbox/sensors_data_opt/sports_data_opt/sport_data_blood_oxygen.c.o
LOAD objs/apps/watch/smartbox/sensors_data_opt/sports_data_opt/sport_data_exercise_recovery_time.c.o
LOAD objs/apps/watch/smartbox/sensors_data_opt/sports_data_opt/sport_data_exercise_steps.c.o
LOAD objs/apps/watch/smartbox/sensors_data_opt/sports_data_opt/sport_data_heart_rate.c.o
LOAD objs/apps/watch/smartbox/sensors_data_opt/sports_data_opt/sport_data_max_oxygen_uptake.c.o
LOAD objs/apps/watch/smartbox/sensors_data_opt/sports_data_opt/sport_data_pressure_detection.c.o
LOAD objs/apps/watch/smartbox/sensors_data_opt/sports_data_opt/sport_data_sports_information.c.o
LOAD objs/apps/watch/smartbox/sensors_data_opt/sports_data_opt/sport_data_training_load.c.o
LOAD objs/apps/watch/smartbox/smartbox.c.o
LOAD objs/apps/watch/smartbox/smartbox_rcsp_manage.c.o
LOAD objs/apps/watch/smartbox/smartbox_setting/adv_bt_name_setting.c.o
LOAD objs/apps/watch/smartbox/smartbox_setting/adv_key_setting.c.o
LOAD objs/apps/watch/smartbox/smartbox_setting/adv_led_setting.c.o
LOAD objs/apps/watch/smartbox/smartbox_setting/adv_mic_setting.c.o
LOAD objs/apps/watch/smartbox/smartbox_setting/adv_time_stamp_setting.c.o
LOAD objs/apps/watch/smartbox/smartbox_setting/adv_work_setting.c.o
LOAD objs/apps/watch/smartbox/smartbox_setting/smartbox_color_led_setting.c.o
LOAD objs/apps/watch/smartbox/smartbox_setting/smartbox_eq_setting.c.o
LOAD objs/apps/watch/smartbox/smartbox_setting/smartbox_high_low_vol_setting.c.o
LOAD objs/apps/watch/smartbox/smartbox_setting/smartbox_karaoke_eq_setting.c.o
LOAD objs/apps/watch/smartbox/smartbox_setting/smartbox_karaoke_setting.c.o
LOAD objs/apps/watch/smartbox/smartbox_setting/smartbox_misc_setting/smartbox_misc_drc_setting.c.o
LOAD objs/apps/watch/smartbox/smartbox_setting/smartbox_misc_setting/smartbox_misc_reverbration_setting.c.o
LOAD objs/apps/watch/smartbox/smartbox_setting/smartbox_misc_setting/smartbox_misc_setting.c.o
LOAD objs/apps/watch/smartbox/smartbox_setting/smartbox_music_info_setting.c.o
LOAD objs/apps/watch/smartbox/smartbox_setting/smartbox_vol_setting.c.o
LOAD objs/apps/watch/smartbox/smartbox_setting_opt/smartbox_adv_bluetooth.c.o
LOAD objs/apps/watch/smartbox/smartbox_setting_opt/smartbox_setting_opt.c.o
LOAD objs/apps/watch/smartbox/smartbox_setting_opt/smartbox_setting_sync.c.o
LOAD objs/apps/watch/smartbox/smartbox_task.c.o
LOAD objs/apps/watch/smartbox/smartbox_update/rcsp_ch_loader_download.c.o
LOAD objs/apps/watch/smartbox/smartbox_update/smartbox_update.c.o
LOAD objs/apps/watch/smartbox/smartbox_update/smartbox_update_tws.c.o
LOAD objs/apps/watch/smartbox/switch_device.c.o
LOAD objs/apps/watch/sport/manage_source.c.o
LOAD objs/apps/watch/sport/message_vm_cfg.c.o
LOAD objs/apps/watch/sport/sport_api.c.o
LOAD objs/apps/watch/task_manager/app_common.c.o
LOAD objs/apps/watch/task_manager/app_task_switch.c.o
LOAD objs/apps/watch/task_manager/bt/bt.c.o
LOAD objs/apps/watch/task_manager/bt/bt_ble.c.o
LOAD objs/apps/watch/task_manager/bt/bt_emitter.c.o
LOAD objs/apps/watch/task_manager/bt/bt_event_fun.c.o
LOAD objs/apps/watch/task_manager/bt/bt_key_fun.c.o
LOAD objs/apps/watch/task_manager/bt/bt_product_test.c.o
LOAD objs/apps/watch/task_manager/bt/bt_switch_fun.c.o
LOAD objs/apps/watch/task_manager/bt/bt_tws.c.o
LOAD objs/apps/watch/task_manager/bt/vol_sync.c.o
LOAD objs/apps/watch/task_manager/idle/idle.c.o
LOAD objs/apps/watch/task_manager/music/music.c.o
LOAD objs/apps/watch/task_manager/pc/pc.c.o
LOAD objs/apps/watch/task_manager/power_off/power_off.c.o
LOAD objs/apps/watch/task_manager/power_on/power_on.c.o
LOAD objs/apps/watch/task_manager/rtc/alarm_api.c.o
LOAD objs/apps/watch/task_manager/rtc/alarm_user.c.o
LOAD objs/apps/watch/task_manager/rtc/rtc.c.o
LOAD objs/apps/watch/task_manager/rtc/virtual_rtc.c.o
LOAD objs/apps/watch/task_manager/task_key.c.o
LOAD objs/apps/watch/third_party_profile/ancs_client_demo/ancs_client_demo.c.o
LOAD objs/apps/watch/third_party_profile/trans_data_demo/trans_data_demo.c.o
LOAD objs/apps/watch/ui/lcd/STYLE_WATCH_NEW/ui_action_alarm.c.o
LOAD objs/apps/watch/ui/lcd/STYLE_WATCH_NEW/ui_action_altimeter.c.o
LOAD objs/apps/watch/ui/lcd/STYLE_WATCH_NEW/ui_action_breath_train.c.o
LOAD objs/apps/watch/ui/lcd/STYLE_WATCH_NEW/ui_action_detection.c.o
LOAD objs/apps/watch/ui/lcd/STYLE_WATCH_NEW/ui_action_dial.c.o
LOAD objs/apps/watch/ui/lcd/STYLE_WATCH_NEW/ui_action_file.c.o
LOAD objs/apps/watch/ui/lcd/STYLE_WATCH_NEW/ui_action_findphone.c.o
LOAD objs/apps/watch/ui/lcd/STYLE_WATCH_NEW/ui_action_flashlight.c.o
LOAD objs/apps/watch/ui/lcd/STYLE_WATCH_NEW/ui_action_heat.c.o
LOAD objs/apps/watch/ui/lcd/STYLE_WATCH_NEW/ui_action_menu.c.o
LOAD objs/apps/watch/ui/lcd/STYLE_WATCH_NEW/ui_action_music.c.o
LOAD objs/apps/watch/ui/lcd/STYLE_WATCH_NEW/ui_action_music_menu.c.o
LOAD objs/apps/watch/ui/lcd/STYLE_WATCH_NEW/ui_action_notice.c.o
LOAD objs/apps/watch/ui/lcd/STYLE_WATCH_NEW/ui_action_oxygen.c.o
LOAD objs/apps/watch/ui/lcd/STYLE_WATCH_NEW/ui_action_pc.c.o
LOAD objs/apps/watch/ui/lcd/STYLE_WATCH_NEW/ui_action_pressure.c.o
LOAD objs/apps/watch/ui/lcd/STYLE_WATCH_NEW/ui_action_pulldown_menu.c.o
LOAD objs/apps/watch/ui/lcd/STYLE_WATCH_NEW/ui_action_qr_code.c.o
LOAD objs/apps/watch/ui/lcd/STYLE_WATCH_NEW/ui_action_set.c.o
LOAD objs/apps/watch/ui/lcd/STYLE_WATCH_NEW/ui_action_sport_info.c.o
LOAD objs/apps/watch/ui/lcd/STYLE_WATCH_NEW/ui_action_sportrecord.c.o
LOAD objs/apps/watch/ui/lcd/STYLE_WATCH_NEW/ui_action_standby_dial.c.o
LOAD objs/apps/watch/ui/lcd/STYLE_WATCH_NEW/ui_action_stopwatch.c.o
LOAD objs/apps/watch/ui/lcd/STYLE_WATCH_NEW/ui_action_train.c.o
LOAD objs/apps/watch/ui/lcd/STYLE_WATCH_NEW/ui_action_train_status.c.o
LOAD objs/apps/watch/ui/lcd/STYLE_WATCH_NEW/ui_action_voice.c.o
LOAD objs/apps/watch/ui/lcd/STYLE_WATCH_NEW/ui_action_watch.c.o
LOAD objs/apps/watch/ui/lcd/STYLE_WATCH_NEW/ui_action_watchex.c.o
LOAD objs/apps/watch/ui/lcd/STYLE_WATCH_NEW/ui_action_weather.c.o
LOAD objs/apps/watch/ui/lcd/STYLE_WATCH_NEW/ui_batcharge_action.c.o
LOAD objs/apps/watch/ui/lcd/STYLE_WATCH_NEW/ui_bt_page_action.c.o
LOAD objs/apps/watch/ui/lcd/STYLE_WATCH_NEW/ui_bt_page_api.c.o
LOAD objs/apps/watch/ui/lcd/STYLE_WATCH_NEW/ui_bt_scan.c.o
LOAD objs/apps/watch/ui/lcd/STYLE_WATCH_NEW/ui_page_touch.c.o
LOAD objs/apps/watch/ui/lcd/STYLE_WATCH_NEW/ui_phone_action.c.o
LOAD objs/apps/watch/ui/lcd/STYLE_WATCH_NEW/ui_phonebook_action.c.o
LOAD objs/apps/watch/ui/lcd/STYLE_WATCH_NEW/ui_scan_touch.c.o
LOAD objs/apps/watch/ui/lcd/STYLE_WATCH_NEW/ui_sportrecord_browse.c.o
LOAD objs/apps/watch/ui/lcd/STYLE_WATCH_NEW/ui_timer_action.c.o
LOAD objs/apps/watch/ui/lcd/STYLE_WATCH_NEW/ui_upgrade_action.c.o
LOAD objs/apps/watch/ui/lcd/lyrics_api.c.o
LOAD objs/apps/watch/ui/lcd/ui_screen_saver.c.o
LOAD objs/apps/watch/ui/lcd/ui_sys_param_api.c.o
LOAD objs/apps/watch/ui/lcd/watch_syscfg_manage.c.o
LOAD objs/apps/watch/ui/led/pwm_led_api.c.o
LOAD objs/apps/watch/ui/led/pwm_led_para_table.c.o
LOAD objs/apps/watch/ui/lua_ui/lua_bsp.c.o
LOAD objs/apps/watch/ui/lua_ui/lua_bt.c.o
LOAD objs/apps/watch/ui/lua_ui/lua_device.c.o
LOAD objs/apps/watch/ui/lua_ui/lua_gui.c.o
LOAD objs/apps/watch/ui/lua_ui/lua_module.c.o
LOAD objs/apps/watch/ui/lua_ui/lua_music.c.o
LOAD objs/apps/watch/ui/lua_ui/lua_obj.c.o
LOAD objs/apps/watch/ui/lua_ui/lua_obj_battery.c.o
LOAD objs/apps/watch/ui/lua_ui/lua_obj_compass.c.o
LOAD objs/apps/watch/ui/lua_ui/lua_obj_image.c.o
LOAD objs/apps/watch/ui/lua_ui/lua_obj_layout.c.o
LOAD objs/apps/watch/ui/lua_ui/lua_obj_list.c.o
LOAD objs/apps/watch/ui/lua_ui/lua_obj_multiprogress.c.o
LOAD objs/apps/watch/ui/lua_ui/lua_obj_number.c.o
LOAD objs/apps/watch/ui/lua_ui/lua_obj_progress.c.o
LOAD objs/apps/watch/ui/lua_ui/lua_obj_slider.c.o
LOAD objs/apps/watch/ui/lua_ui/lua_obj_text.c.o
LOAD objs/apps/watch/ui/lua_ui/lua_obj_time.c.o
LOAD objs/apps/watch/ui/lua_ui/lua_obj_watch.c.o
LOAD objs/apps/watch/ui/lua_ui/lua_sys.c.o
LOAD objs/apps/watch/ui/lua_ui/lua_utils.c.o
LOAD objs/apps/watch/ui/lua_ui/lua_weather.c.o
LOAD objs/apps/watch/user_api/dev_multiplex_api.c.o
LOAD objs/apps/watch/user_api/product_info_api.c.o
LOAD objs/apps/watch/user_api/vm_api.c.o
LOAD objs/apps/watch/version.c.o
LOAD objs/cpu/br28/adc_api.c.o
LOAD objs/cpu/br28/audio_codec_clock.c.o
LOAD objs/cpu/br28/audio_common/app_audio.c.o
LOAD objs/cpu/br28/audio_common/sound_pcm_demo.c.o
LOAD objs/cpu/br28/audio_dec/audio_dec.c.o
LOAD objs/cpu/br28/audio_dec/audio_dec_bt.c.o
LOAD objs/cpu/br28/audio_dec/audio_dec_file.c.o
LOAD objs/cpu/br28/audio_dec/audio_dec_fm.c.o
LOAD objs/cpu/br28/audio_dec/audio_dec_linein.c.o
LOAD objs/cpu/br28/audio_dec/audio_dec_midi_ctrl.c.o
LOAD objs/cpu/br28/audio_dec/audio_dec_midi_file.c.o
LOAD objs/cpu/br28/audio_dec/audio_dec_pc.c.o
LOAD objs/cpu/br28/audio_dec/audio_dec_record.c.o
LOAD objs/cpu/br28/audio_dec/audio_dec_spdif.c.o
LOAD objs/cpu/br28/audio_dec/audio_dec_tone.c.o
LOAD objs/cpu/br28/audio_dec/audio_spectrum.c.o
LOAD objs/cpu/br28/audio_dec/audio_sync.c.o
LOAD objs/cpu/br28/audio_dec/audio_usb_mic.c.o
LOAD objs/cpu/br28/audio_dec/lfwordana_enc_api.c.o
LOAD objs/cpu/br28/audio_dec/tone_player.c.o
LOAD objs/cpu/br28/audio_effect/audio_eq_drc_demo.c.o
LOAD objs/cpu/br28/audio_effect/eq_config.c.o
LOAD objs/cpu/br28/audio_enc/audio_adc_demo.c.o
LOAD objs/cpu/br28/audio_enc/audio_enc.c.o
LOAD objs/cpu/br28/audio_enc/audio_enc_file.c.o
LOAD objs/cpu/br28/audio_enc/audio_enc_recoder.c.o
LOAD objs/cpu/br28/audio_enc/audio_mic_codec.c.o
LOAD objs/cpu/br28/audio_enc/audio_sbc_codec.c.o
LOAD objs/cpu/br28/audio_way/audio_app_stream.c.o
LOAD objs/cpu/br28/audio_way/audio_bt_emitter/audio_bt_emitter.c.o
LOAD objs/cpu/br28/audio_way/audio_bt_emitter/audio_bt_emitter_controller.c.o
LOAD objs/cpu/br28/audio_way/audio_bt_emitter/audio_bt_emitter_dma.c.o
LOAD objs/cpu/br28/audio_way/audio_bt_emitter/audio_bt_emitter_hw.c.o
LOAD objs/cpu/br28/audio_way/audio_way.c.o
LOAD objs/cpu/br28/audio_way/audio_way_bt_emitter.c.o
LOAD objs/cpu/br28/audio_way/audio_way_dac.c.o
LOAD objs/cpu/br28/charge.c.o
LOAD objs/cpu/br28/chargestore.c.o
LOAD objs/cpu/br28/clock_manager.c.o
LOAD objs/cpu/br28/iic_hw.c.o
LOAD objs/cpu/br28/iic_soft.c.o
LOAD objs/cpu/br28/irflt.c.o
LOAD objs/cpu/br28/localtws/localtws.c.o
LOAD objs/cpu/br28/localtws/localtws_dec.c.o
LOAD objs/cpu/br28/lua_port_api.c.o
LOAD objs/cpu/br28/mcpwm.c.o
LOAD objs/cpu/br28/overlay_code.c.o
LOAD objs/cpu/br28/plcnt.c.o
LOAD objs/cpu/br28/power_api.c.o
LOAD objs/cpu/br28/pwm_led.c.o
LOAD objs/cpu/br28/rdec.c.o
LOAD objs/cpu/br28/setup.c.o
LOAD objs/cpu/br28/spi.c.o
LOAD objs/cpu/br28/uart_dev.c.o
LOAD objs/cpu/br28/ui_driver/LED_1888/LED1888.c.o
LOAD objs/cpu/br28/ui_driver/imb_demo.c.o
LOAD objs/cpu/br28/ui_driver/interface/ui_platform.c.o
LOAD objs/cpu/br28/ui_driver/lcd_drive/lcd_drive.c.o
LOAD objs/cpu/br28/ui_driver/lcd_drive/lcd_mcu/lcd_mcu_JD5858_320x385.c.o
LOAD objs/cpu/br28/ui_driver/lcd_drive/lcd_mcu/lcd_mcu_JD5858_360x360.c.o
LOAD objs/cpu/br28/ui_driver/lcd_drive/lcd_rgb/lcd_rgb_st7789v_240x240.c.o
LOAD objs/cpu/br28/ui_driver/lcd_drive/lcd_spi/lcd_spi_L_WEA2012_356x400.c.o
LOAD objs/cpu/br28/ui_driver/lcd_drive/lcd_spi/lcd_spi_rm69330_454x454.c.o
LOAD objs/cpu/br28/ui_driver/lcd_drive/lcd_spi/lcd_spi_sh8601a_454x454.c.o
LOAD objs/cpu/br28/ui_driver/lcd_drive/lcd_spi/lcd_spi_st7789_BOE1.54_update_240x240.c.o
LOAD objs/cpu/br28/ui_driver/lcd_drive/lcd_spi/lcd_spi_st7789v_240x240.c.o
LOAD objs/cpu/br28/ui_driver/lcd_seg/lcd_seg3x9_driver.c.o
LOAD objs/cpu/br28/ui_driver/led7/led7_driver.c.o
LOAD objs/cpu/br28/ui_driver/lvgl/lv_port_disp.c.o
LOAD objs/cpu/br28/ui_driver/lvgl/lv_port_fs.c.o
LOAD objs/cpu/br28/ui_driver/lvgl/lv_port_indev.c.o
LOAD objs/cpu/br28/ui_driver/lvgl/lvgl_main.c.o
LOAD objs/cpu/br28/ui_driver/ui_common.c.o
LOAD objs/cpu/br28/user_p11_cmd.c.o
LOAD objs/apps/watch/sdk_version.z.S.o
START GROUP
LOAD cpu/br28/liba/cpu.a
LOAD cpu/br28/liba/system.a
LOAD cpu/br28/liba/btstack.a
LOAD cpu/br28/liba/rcsp_stack.a
LOAD cpu/br28/liba/tme_stack.a
LOAD cpu/br28/liba/btctrler.a
LOAD cpu/br28/liba/aec.a
LOAD cpu/br28/liba/media.a
LOAD cpu/br28/liba/libepmotion.a
LOAD cpu/br28/liba/libAptFilt_pi32v2_OnChip.a
LOAD cpu/br28/liba/libEchoSuppress_pi32v2_OnChip.a
LOAD cpu/br28/liba/libNoiseSuppress_pi32v2_OnChip.a
LOAD cpu/br28/liba/libSplittingFilter_pi32v2_OnChip.a
LOAD cpu/br28/liba/libDelayEstimate_pi32v2_OnChip.a
LOAD cpu/br28/liba/libAdaptiveEchoSuppress_pi32v2_OnChip.a
LOAD cpu/br28/liba/libOpcore_maskrom_pi32v2_OnChip.a
LOAD cpu/br28/liba/sbc_eng_lib.a
LOAD cpu/br28/liba/mp3_dec_lib.a
LOAD cpu/br28/liba/mp3_decstream_lib.a
LOAD cpu/br28/liba/agreement.a
LOAD cpu/br28/liba/media_app.a
LOAD cpu/br28/liba/lc3_dec_lib.a
LOAD cpu/br28/liba/opus_enc_lib.a
LOAD cpu/br28/liba/qr_code.a
LOAD cpu/br28/liba/libjlsp.a
LOAD cpu/br28/liba/lib_kws.a
LOAD cpu/br28/liba/drc.a
LOAD cpu/br28/liba/lfaudio_plc_lib.a
LOAD cpu/br28/liba/lib_esco_repair.a
LOAD cpu/br28/liba/pedometer.a
LOAD cpu/br28/liba/sleep.a
LOAD cpu/br28/liba/wrist_bright.a
LOAD cpu/br28/liba/Preprocess.a
LOAD cpu/br28/liba/fall_detection.a
LOAD cpu/br28/liba/motion_detection.a
LOAD cpu/br28/liba/HeartRate_Calc.a
LOAD cpu/br28/liba/sedentary.a
LOAD cpu/br28/liba/SPO2.a
LOAD cpu/br28/liba/libSL_Watch_Pedo_Kcal_Wrist_Sleep_Sway_Algorithm.a
LOAD cpu/br28/liba/libFFT_pi32v2_OnChip.a
LOAD cpu/br28/liba/wtg_dec_lib.a
LOAD cpu/br28/liba/bfilterfun_lib.a
LOAD cpu/br28/liba/crypto_toolbox_Osize.a
LOAD cpu/br28/liba/lib_dns.a
LOAD cpu/br28/liba/compressor.a
LOAD cpu/br28/liba/crossover_coff.a
LOAD cpu/br28/liba/limiter.a
LOAD cpu/br28/liba/update.a
LOAD cpu/br28/liba/ui_new.a
LOAD cpu/br28/liba/ui_draw_new.a
LOAD cpu/br28/liba/font_new.a
LOAD cpu/br28/liba/res_new.a
LOAD cpu/br28/liba/ui_flash_vm.a
LOAD cpu/br28/liba/libbd166xbpmsdk.a
END GROUP
                0x0001fd6c                lp_signature_set = 0x1fd6c
                0x0001fd70                memmem = 0x1fd70
                0x0001fd74                memcpy = 0x1fd74
                0x0001fd78                memmove = 0x1fd78
                0x0001fd7c                memcmp = 0x1fd7c
                0x0001fd80                memset = 0x1fd80
                0x0001fd84                strcmp = 0x1fd84
                0x0001fd88                strcpy = 0x1fd88
                0x0001fd8c                strlen = 0x1fd8c
                0x0001fd90                strncmp = 0x1fd90
                0x0001fd94                strstr = 0x1fd94
                0x0001fd98                strchr = 0x1fd98
                0x0001fd9c                __divdi3 = 0x1fd9c
                0x0001fda0                __udivmoddi4 = 0x1fda0
                0x0001fda4                __adddf3 = 0x1fda4
                0x0001fda8                __fixdfsi = 0x1fda8
                0x0001fdac                flush_dcache = 0x1fdac
                0x0001fdb0                flushinv_dcache = 0x1fdb0
                0x0001fdb4                IcuWaitIdle = 0x1fdb4
                0x0001fdb8                DcuWaitIdle = 0x1fdb8
                0x0001fdbc                IcuInitial = 0x1fdbc
                0x0001fdc0                DcuInitial = 0x1fdc0
                0x0001fdcc                sfc_drop_cache = 0x1fdcc
                0x0001fdd0                chip_crc16 = 0x1fdd0
                0x0001fdd4                CrcDecode = 0x1fdd4
                0x0001fdd8                get_flash_file_key = 0x1fdd8
                0x0001fddc                dec_isd_cfg_ini = 0x1fddc
                0x0001fde0                _jlfs_mount = 0x1fde0
                0x0001fde4                sfc_boot = 0x1fde4
                0x0001fde8                mask_init = 0x1fde8
                0x0001fdec                wdt_clr = 0x1fdec
                0x0001fdf0                nvram_set_boot_state = 0x1fdf0
                0x0001fdf4                chip_reset = 0x1fdf4
                0x0001fdf8                the_debug_isr = 0x1fdf8
                0x0001fdfc                print = 0x1fdfc
                0x0001fe00                sprintf = 0x1fe00
                0x0001fe04                printf = 0x1fe04
                0x0001fe08                puts = 0x1fe08
                0x0001fe0c                doe = 0x1fe0c
                0x0001fe10                spi_get_port = 0x1fe10
                0x0001fe14                _pll_init = 0x1fe14
                0x0001fe18                flash_poweron = 0x1fe18
                0x0001fe1c                spi_unmount = 0x1fe1c
                0x0001fe20                spi_port_io_init = 0x1fe20
                0x0001fe24                usb_slave_mode = 0x1fe24
                0x0001fe28                LZ4_setStreamDecode = 0x1fe28
                0x0001fe2c                LZ4_decompress_safe_continue = 0x1fe2c
                0x0001fe30                LZ4_decompress_generic = 0x1fe30
                0x0001fe34                _sdk_mkey_lock = 0x1fe34
                0x0001fe38                g_hash_function = 0x1fe38
                0x0001fe3c                f1_hash_function = 0x1fe3c
                0x0001fe40                f2_hash_function = 0x1fe40
                0x0001fe44                f3_hash_function = 0x1fe44
                0x0001fe48                h2_hash_function = 0x1fe48
                0x0001fe4c                h3_hash_function = 0x1fe4c
                0x0001fe50                h4_hash_function = 0x1fe50
                0x0001fe54                h5_hash_function = 0x1fe54
                0x0001fe58                g_function = 0x1fe58
                0x0001fe5c                f1_function = 0x1fe5c
                0x0001fe60                f2_function = 0x1fe60
                0x0001fe64                f3_function = 0x1fe64
                0x0001fe68                sha256Compute = 0x1fe68
                0x0001fe6c                uECC_compute_public_key = 0x1fe6c
                0x0001fe70                uECC_shared_secret = 0x1fe70
                0x0001fe74                bi_initialize = 0x1fe74
                0x0001fe78                bi_read_from_byte = 0x1fe78
                0x0001fe7c                bi_poly_mod2 = 0x1fe7c
                0x0001fe80                bi_poly_mul = 0x1fe80
                0x0001fe84                trim = 0x1fe84
                0x0001fe88                bi_wirte_to_byte = 0x1fe88
                0x0001fe8c                bi_free = 0x1fe8c
                0x0001fe90                bi_terminate = 0x1fe90
                0x0001fe94                get_cvsd_codec_ops = 0x1fe94
                0x00018590                wtgv2_silk_NLSF_CB_NB_MB = 0x18590
                0x0001848c                wtgv2_LSFCosTab_FIX_Q12 = 0x1848c
                0x00018a88                icdf_global_table = 0x18a88
                0x0001fe98                get_wtgv2dec_ops = 0x1fe98
                0x0001fe9c                wtgv2_silk_Decode = 0x1fe9c
                0x0001fea0                wtgv2_silk_decode_frame = 0x1fea0
                0x0001fea4                wtgv2_silk_decoder_set_fs = 0x1fea4
                0x0001fea8                wtgv2_silk_decode_indices = 0x1fea8
                0x0001feac                wtgv2_silk_decode_pulses = 0x1feac
                0x0001feb0                wtgv2_silk_decode_parameters = 0x1feb0
                0x0001feb4                wtgv2_silk_decode_core = 0x1feb4
                0x0001feb8                logAprx_CORDIC_float = 0x1feb8
                0x0001febc                expAprx_CORDIC_float = 0x1febc
                0x0001fec0                magnAprx_float = 0x1fec0
                0x0001fec4                MatrixCopy_float_c_c = 0x1fec4
                0x0001fec8                MatrixCopy_float_f_f = 0x1fec8
                0x0001fecc                MatrixEwMulAndSumOneDim_float_c_c_c_s0 = 0x1fecc
                0x0001fed0                MatrixEwMulAndSumOneDim_float_c_c_c_s1 = 0x1fed0
                0x0001fed4                MatrixEwMulAndSumOneDim_float_f_f_f_s0 = 0x1fed4
                0x0001fed8                MatrixEwMulAndSumOneDim_float_f_f_f_s1 = 0x1fed8
                0x0001fedc                MatrixEwConjMulAndSumOneDim_float_c_c_c_s0 = 0x1fedc
                0x0001fee0                MatrixEwConjMulAndSumOneDim_float_c_c_c_s1 = 0x1fee0
                0x0001fee4                VecMeanSq_s16_f32 = 0x1fee4
                0x0001fee8                VecOverShift_s16_f32 = 0x1fee8
                0x0001feec                VecMinus_s16_f32_f32 = 0x1feec
                0x0001fef0                VectorCopy_f32_s16 = 0x1fef0
                0x0001fef4                VecEleMul_s16_s16_f32 = 0x1fef4
                0x0001fef8                VecEleMul_f32_s16_f32 = 0x1fef8
                0x0001fefc                VecMeanSq_float_f_f = 0x1fefc
                0x0001ff00                VectorSet_float_f_f = 0x1ff00
                0x0001ff04                VecMagRecAve_float_c_f_f = 0x1ff04
                0x0001ff08                VecMulScalar_float_c_f_c = 0x1ff08
                0x0001ff0c                VecConjEleMul_float_c_c_c = 0x1ff0c
                0x0001ff10                VecPlus_float_f_f_f = 0x1ff10
                0x0001ff14                VecDivide_float_c_f_c_f = 0x1ff14
                0x0001ff18                VecPlus_float_c_c_c = 0x1ff18
                0x0001ff1c                VecConjMulRecAve_float_c_c_c_f = 0x1ff1c
                0x0001ff20                VecGetMag_float_c_f = 0x1ff20
                0x0001ff24                VecMax_float_f_f = 0x1ff24
                0x0001ff28                VecRecAve_float_f_f_f = 0x1ff28
                0x0001ff2c                VecEleMul_float_f_f_f = 0x1ff2c
                0x0001ff30                VecMagAndDiv_float_c_f_f_f = 0x1ff30
                0x0001ff34                VecMin_float_f_f = 0x1ff34
                0x0001ff38                VecMinus_float_f_f_f = 0x1ff38
                0x0001ff3c                VecMean_float_f_f = 0x1ff3c
                0x0001ff40                VecEleMul_float_c_f_c = 0x1ff40
                0x0001ff44                VecMeanSqu_float_c_f = 0x1ff44
                0x0001ff48                VecCopy_float_f_f = 0x1ff48
                0x0001ff4c                VecMin_float_f_f_f = 0x1ff4c
                0x0001ff50                VecDivide_float_f_f_f_f = 0x1ff50
                0x0001ff54                VecCompBT_float_f_f_f = 0x1ff54
                0x0001ff58                VecCondCopy_float_f_f_f = 0x1ff58
                0x0001ff5c                VecMulScalar_float_f_f_f = 0x1ff5c
                0x0001ff60                VecPlusScalar_float_f_f_f = 0x1ff60
                0x0001ff64                VecMinScalar_float_f_f_f = 0x1ff64
                0x0001ff68                VecOpposite_float_f_f = 0x1ff68
                0x0001ff6c                VecEleMla_float_f_f_f = 0x1ff6c
                0x0001ff70                VecEleMla_float_c_c_c = 0x1ff70
                0x0001ff74                VecMinus_float_c_c_c = 0x1ff74
                0x0001ff78                VecDotProduct_float_f_f_f = 0x1ff78
                0x0001ff7c                VecDotProduct_float_c_c_c = 0x1ff7c
                0x0001ff80                VecDotProduct_float_c_f_c = 0x1ff80
                0x0001ff84                VecCopy_float_c_c = 0x1ff84
                0x0001ff88                VecCopy_float_f_c = 0x1ff88
                0x0001ff8c                VecConjDotProduct_float_c_c_c = 0x1ff8c
                0x0001ff90                VecNormalize_float_c_c_f = 0x1ff90
                0x0001ff94                VecRecAve_float_c_c_f = 0x1ff94
                0x0001ff98                VecOverlapShift_float_f_f_i = 0x1ff98
                0x0001ff9c                VecMax_float_f_f_f = 0x1ff9c
                0x0001ffa0                VecConjEwMulAndDiv_float_c_c_f_f_c = 0x1ffa0
                0x0001ffa4                VecPlusMulScalar_float_c_c_f_c = 0x1ffa4
                0x0001ffa8                VecCondCopy_float_c_i_c = 0x1ffa8
                0x0001ffac                VecEleMulAndDiv_float_f_f_f_f_f = 0x1ffac
                0x0001ffb0                VectorSet_float_f_c = 0x1ffb0
                0x0001ffb4                VecDivScalar_float_f_f_f = 0x1ffb4
                0x0001ffb8                VecDivScalar_float_c_f_c = 0x1ffb8
                0x0001ffbc                VecPlusScalar_float_c_f_c = 0x1ffbc
                0x0001ffc0                VecMinScalar_float_c_f_c = 0x1ffc0
                0x00019000                mdct_tab_256 = 0x19000
                0x00019200                mdct_tab_2048 = 0x19200
                0x0001a200                sine_long_1024 = 0x1a200
                0x0001b200                sine_short_128 = 0x1b200
                0x0001b400                kbd_long_1024 = 0x1b400
                0x0001c400                kbd_short_128 = 0x1c400
                0x0001c634                Huffmancb_SCL = 0x1c634
                0x0001c844                num_swb_960_window = 0x1c844
                0x0001c850                num_swb_1024_window = 0x1c850
                0x0001c85c                num_swb_128_window = 0x1c85c
                0x0001c868                swb_offset_1024_96 = 0x1c868
                0x0001c8bc                swb_offset_128_96 = 0x1c8bc
                0x0001c8d6                swb_offset_1024_64 = 0x1c8d6
                0x0001c936                swb_offset_128_64 = 0x1c936
                0x0001c950                swb_offset_1024_48 = 0x1c950
                0x0001c9b4                swb_offset_128_48 = 0x1c9b4
                0x0001c9d2                swb_offset_1024_32 = 0x1c9d2
                0x0001ca3a                swb_offset_1024_24 = 0x1ca3a
                0x0001ca9a                swb_offset_128_24 = 0x1ca9a
                0x0001caba                swb_offset_1024_16 = 0x1caba
                0x0001cb12                swb_offset_128_16 = 0x1cb12
                0x0001cb32                swb_offset_1024_8 = 0x1cb32
                0x0001cb84                swb_offset_128_8 = 0x1cb84
                0x0001cba4                swb_offset_1024_window = 0x1cba4
                0x0001cbd4                swb_offset_128_window = 0x1cbd4
                0x0001cc04                iq_table = 0x1cc04
                0x0001d008                tns_coef_0_3 = 0x1d008
                0x0001d048                tns_coef_0_4 = 0x1d048
                0x0001d088                tns_coef_1_3 = 0x1d088
                0x0001d0c8                tns_coef_1_4 = 0x1d0c8
                0x0001d108                pow05_table = 0x1d108
                0x0001d124                sample_rates = 0x1d124
                0x0001d154                pred_sfb_max = 0x1d154
                0x0001d160                tns_sbf_max = 0x1d160
                0x0001d1a0                Huffmancb_1 = 0x1d1a0
                0x0001d338                Huffmancb_2 = 0x1d338
                0x0001d470                Huffmancb_3 = 0x1d470
                0x0001d5a8                Huffmancb_4 = 0x1d5a8
                0x0001d6d8                Huffmancb_5 = 0x1d6d8
                0x0001d820                Huffmancb_6 = 0x1d820
                0x0001d960                Huffmancb_7 = 0x1d960
                0x0001da58                Huffmancb_8 = 0x1da58
                0x0001db50                Huffmancb_9 = 0x1db50
                0x0001ddf0                Huffmancb_10 = 0x1ddf0
                0x0001e080                Huffmancb_11 = 0x1e080
                0x0001e540                AACcodeBookDTable = 0x1e540
                0x0001c83c                AAC_SFHUFF_TAB = 0x1c83c
                0x0001ffc4                get_aac_ops = 0x1ffc4
                0x0001e5b8                silk_NLSF_CB_WB = 0x1e5b8
                0x0001ea5c                silk_LTP_vq_ptrs_Q7 = 0x1ea5c
                0x0001ffc8                get_opus_enc_ops = 0x1ffc8
                0x0001ffcc                opus_encode = 0x1ffcc
                0x0001ffd0                silk_Encode = 0x1ffd0
                0x0001ffd4                silk_encode_do_VAD_FIX = 0x1ffd4
                0x0001ffd8                silk_encode_frame_FIX = 0x1ffd8
                0x0001ffdc                silk_find_pitch_lags_FIX = 0x1ffdc
                0x0001ffe0                silk_noise_shape_analysis_FIX = 0x1ffe0
                0x0001ffe4                silk_find_pred_coefs_FIX = 0x1ffe4
                0x0001ffe8                silk_process_gains_FIX = 0x1ffe8
                0x0001ffec                silk_prefilter_FIX = 0x1ffec
                0x0001fff0                silk_NSQ_del_dec_c = 0x1fff0
                0x0001fff4                silk_encode_indices = 0x1fff4
                0x0001fff8                silk_encode_pulses = 0x1fff8
                0x0001fffc                silk_ana_filt_bank_1 = 0x1fffc
                0x00003804                STFT_Win_FixHalf_M512_D160 = 0x3804
                0x00003c04                STFT_Win_FixHalf_M256_D160 = 0x3c04
                0x00003e04                STFT_Win_FixHalf_M256_D80 = 0x3e04
                0x00004004                STFT_Win_FixHalf_M128_D80 = 0x4004
                0x00000004                WOLAAnalysisFilter_Float_M64_m4_r1 = 0x4
                0x00000404                WOLASynthesisFilter_Float_M64_m4_r1 = 0x404
                0x00000804                WOLAAnalysisFilter_Float_M128_m4_r1 = 0x804
                0x00001004                WOLASynthesisFilter_Float_M128_m4_r1 = 0x1004
                0x00001804                WOLAAnalysisFilter_Float_M256_m4_r1 = 0x1804
                0x00002804                WOLASynthesisFilter_Float_M256_m4_r1 = 0x2804
                0x00009914                quantize_intervals_LF = 0x9914
                0x00009a18                invert_quantize_dither_factors_LF = 0x9a18
                0x00009b1c                quantize_dither_factors_LF = 0x9b1c
                0x00009c20                quantize_factor_select_offset_LF = 0x9c20
                0x00009ca4                hd_quantize_intervals_LF = 0x9ca4
                0x0019fc28                boot_arg_list = 0x19fc28
                0x0019fe00                _IRQ_MEM_ADDR = 0x19fe00
                0x0019fc00                _MASK_MEM_BEGIN = 0x19fc00
                0x000001a4                _MASK_MEM_SIZE = 0x1a4
                0x00000080                UPDATA_SIZE = 0x80
                0x0019fb80                UPDATA_BEG = (_MASK_MEM_BEGIN - UPDATA_SIZE)
                0x001a0000                UPDATA_BREDR_BASE_BEG = 0x1a0000
                0x00100000                RAM_LIMIT_L = 0x100000
                0x0019fb80                RAM_LIMIT_H = UPDATA_BEG
                0x0009fb80                PHY_RAM_SIZE = (RAM_LIMIT_H - RAM_LIMIT_L)
                0x0019fe00                ISR_BASE = _IRQ_MEM_ADDR
                0x000001a4                ROM_RAM_SIZE = _MASK_MEM_SIZE
                0x0019fc00                ROM_RAM_BEG = _MASK_MEM_BEGIN
                0x00100000                RAM0_BEG = (RAM_LIMIT_L + 0x0)
                0x0019fb80                RAM0_END = RAM_LIMIT_H
                0x0009fb80                RAM0_SIZE = (RAM0_END - RAM0_BEG)
                0x00100000                RAM1_BEG = RAM_LIMIT_L
                0x00100000                RAM1_END = RAM0_BEG
                0x00000000                RAM1_SIZE = (RAM1_END - RAM1_BEG)
                0x07e00120                CODE_BEG = 0x7e00120
                0x001a0600                EQ_PRIV_COEFF_BASE = 0x1a0600
                0x0000000a                EQ_PRIV_SECTION_NUM = 0xa
                0x001a0880                EQ_PRIV_COEFF_END = (EQ_PRIV_COEFF_BASE + (((0x4 * EQ_PRIV_SECTION_NUM) * 0x8) * 0x2))
                0x0000000a                EQ_SECTION_NUM = 0xa
                0x07e00120                . = ORIGIN (code0)

.text           0x07e00120    0xc5cd8
                [!provide]                PROVIDE (text_rodata_begin, .)
 *(.startup.text)
 .startup.text  0x07e00120       0x88 cpu/br28/liba/cpu.a(startup.S.o)
                0x07e00120                _start
 *(.text)
 .text          0x07e001a8    0x5a202 cpu/br28/tools/sdk.elf.o
                0x07e0f0fc                __errno
                0x07e0f4a2                main
 .text          0x07e5a3aa        0x6 C:/JL/pi32/pi32v2-lib/r3-large/libc.a(lib_a-abs.o)
                0x07e5a3aa                abs
 .text          0x07e5a3b0        0xa C:/JL/pi32/pi32v2-lib/r3-large/libc.a(lib_a-index.o)
                0x07e5a3b0                index
 .text          0x07e5a3ba        0x6 C:/JL/pi32/pi32v2-lib/r3-large/libc.a(lib_a-labs.o)
                0x07e5a3ba                labs
 .text          0x07e5a3c0        0xa C:/JL/pi32/pi32v2-lib/r3-large/libc.a(lib_a-rindex.o)
                0x07e5a3c0                rindex
 .text          0x07e5a3ca       0x2c C:/JL/pi32/pi32v2-lib/r3-large/libc.a(lib_a-strcat.o)
                0x07e5a3ca                strcat
 .text          0x07e5a3f6       0x62 C:/JL/pi32/pi32v2-lib/r3-large/libc.a(lib_a-strncpy.o)
                0x07e5a3f6                strncpy
 .text          0x07e5a458       0x28 C:/JL/pi32/pi32v2-lib/r3-large/libc.a(lib_a-strrchr.o)
                0x07e5a458                strrchr
 .text          0x07e5a480        0x4 C:/JL/pi32/pi32v2-lib/r3-large/libm.a(lib_a-s_fabs.o)
                0x07e5a480                fabs
 .text          0x07e5a484      0x10e C:/JL/pi32/pi32v2-lib/r3-large/libm.a(lib_a-s_floor.o)
                0x07e5a484                floor
 .text          0x07e5a592       0x92 C:/JL/pi32/pi32v2-lib/r3-large/libm.a(lib_a-s_sin.o)
                0x07e5a592                sin
 .text          0x07e5a624        0xa C:/JL/pi32/pi32v2-lib/r3-large/libm.a(lib_a-wf_sqrt.o)
                0x07e5a624                sqrtf
 .text          0x07e5a62e       0x8c C:/JL/pi32/pi32v2-lib/r3-large/libm.a(lib_a-ef_sqrt.o)
                0x07e5a62e                __ieee754_sqrtf
 .text          0x07e5a6ba      0x3fe C:/JL/pi32/pi32v2-lib/r3-large/libm.a(lib_a-e_rem_pio2.o)
                0x07e5a6ba                __ieee754_rem_pio2
 .text          0x07e5aab8      0x19a C:/JL/pi32/pi32v2-lib/r3-large/libm.a(lib_a-k_cos.o)
                0x07e5aab8                __kernel_cos
 .text          0x07e5ac52      0x69c C:/JL/pi32/pi32v2-lib/r3-large/libm.a(lib_a-k_rem_pio2.o)
                0x07e5ac52                __kernel_rem_pio2
 .text          0x07e5b2ee      0x15e C:/JL/pi32/pi32v2-lib/r3-large/libm.a(lib_a-k_sin.o)
                0x07e5b2ee                __kernel_sin
 .text          0x07e5b44c       0xec C:/JL/pi32/pi32v2-lib/r3-large/libm.a(lib_a-s_scalbn.o)
                0x07e5b44c                scalbn
 .text          0x07e5b538       0x20 C:/JL/pi32/pi32v2-lib/r3-large/libm.a(lib_a-s_copysign.o)
                0x07e5b538                copysign
 .text          0x07e5b558      0x1b8 C:/JL/pi32/pi32v2-lib/r3-large/libcompiler-rt.a(comparedf2.o)
                0x07e5b558                __ledf2
                0x07e5b558                __cmpdf2
                0x07e5b608                __gedf2
                0x07e5b6b0                __unorddf2
                0x07e5b6f0                __eqdf2
                0x07e5b6f8                __ltdf2
                0x07e5b700                __nedf2
                0x07e5b708                __gtdf2
 .text          0x07e5b710      0x346 C:/JL/pi32/pi32v2-lib/r3-large/libcompiler-rt.a(divdf3.o)
                0x07e5b746                __divdf3
 .text          0x07e5ba56       0x4c C:/JL/pi32/pi32v2-lib/r3-large/libcompiler-rt.a(floatsidf.o)
                0x07e5ba56                __floatsidf
 .text          0x07e5baa2      0x2fa C:/JL/pi32/pi32v2-lib/r3-large/libcompiler-rt.a(muldf3.o)
                0x07e5bad8                __muldf3
 .text          0x07e5bd9c        0xc C:/JL/pi32/pi32v2-lib/r3-large/libcompiler-rt.a(subdf3.o)
                0x07e5bd9c                __subdf3
 .text          0x07e5bda8       0x7a C:/JL/pi32/pi32v2-lib/r3-large/libcompiler-rt.a(extendsfdf2.o)
                0x07e5bda8                __extendsfdf2
 .text          0x07e5be22       0x3c C:/JL/pi32/pi32v2-lib/r3-large/libcompiler-rt.a(fixunsdfsi.o)
                0x07e5be22                __fixunsdfsi
 .text          0x07e5be5e       0x34 C:/JL/pi32/pi32v2-lib/r3-large/libcompiler-rt.a(floatunsidf.o)
                0x07e5be5e                __floatunsidf
 .text          0x07e5be92      0x146 C:/JL/pi32/pi32v2-lib/r3-large/libcompiler-rt.a(truncdfsf2.o)
                0x07e5be92                __truncdfsf2
 .text          0x07e5bfd8       0x12 C:/JL/pi32/pi32v2-lib/r3-large/libcompiler-rt.a(udivdi3.o)
                0x07e5bfd8                __udivdi3
 .text          0x07e5bfea       0x16 C:/JL/pi32/pi32v2-lib/r3-large/libcompiler-rt.a(umoddi3.o)
                0x07e5bfea                __umoddi3
                0x07e5c000                . = ALIGN (0x4)
                0x07e5c000                update_target_begin = .
                [!provide]                PROVIDE (update_target_begin, .)
 *(.update_target)
 .update_target
                0x07e5c000       0x18 cpu/br28/tools/sdk.elf.o
                0x07e5c000                audio_update_target
                0x07e5c008                sd_update_target
                0x07e5c010                ble_update_target
                0x07e5c018                update_target_end = .
                [!provide]                PROVIDE (update_target_end, .)
                0x07e5c018                . = ALIGN (0x4)
 *(.LOG_TAG_CONST*)
 *(.rodata*)
 .rodata.str1.1
                0x07e5c018     0x1eaa cpu/br28/tools/sdk.elf.o
                               0x1f2d (size before relaxing)
 *fill*         0x07e5dec2       0x1e 
 .rodata        0x07e5dee0     0xdd10 cpu/br28/tools/sdk.elf.o
 .rodata.str1.16
                0x07e6bbf0     0x2320 cpu/br28/tools/sdk.elf.o
                               0x231b (size before relaxing)
 .rodata.cst32  0x07e6df10       0x20 cpu/br28/tools/sdk.elf.o
 .rodata.cst4   0x07e6df30        0x4 cpu/br28/tools/sdk.elf.o
 .rodata.cst16  0x07e6df34       0x50 cpu/br28/tools/sdk.elf.o
 .rodata.cst8   0x07e6df84        0x8 cpu/br28/tools/sdk.elf.o
 .rodata._ZTV15StaticAllocatorI9floatRealE
                0x07e6df8c       0x10 cpu/br28/tools/sdk.elf.o
 .rodata._ZTV15StaticAllocatorI7fixRealE
                0x07e6df9c       0x10 cpu/br28/tools/sdk.elf.o
 .rodata        0x07e6dfac      0x188 C:/JL/pi32/pi32v2-lib/r3-large/libm.a(lib_a-e_rem_pio2.o)
 .rodata.cst16  0x07e6e134       0x10 C:/JL/pi32/pi32v2-lib/r3-large/libm.a(lib_a-k_rem_pio2.o)
 .rodata        0x07e6e144       0x40 C:/JL/pi32/pi32v2-lib/r3-large/libm.a(lib_a-k_rem_pio2.o)
                0x07e6e184                . = ALIGN (0x4)
                [!provide]                PROVIDE (text_rodata_end, .)
                0x07e6e184                clock_critical_handler_begin = .
 *(.clock_critical_txt)
 .clock_critical_txt
                0x07e6e184       0x50 cpu/br28/tools/sdk.elf.o
                0x07e6e184                clock_spi_norflash
                0x07e6e18c                clock_iic
                0x07e6e194                clock_bt_api
                0x07e6e19c                clock_mcpwm
                0x07e6e1a4                clock_uart
                0x07e6e1ac                clock_timer
                0x07e6e1b4                clock_lrc
                0x07e6e1bc                clock_sdx
                0x07e6e1c4                clock_port
                0x07e6e1cc                clock_imd
                0x07e6e1d4                clock_critical_handler_end = .
                0x07e6e1d4                chargestore_handler_begin = .
 *(.chargestore_callback_txt)
                0x07e6e1d4                chargestore_handler_end = .
 *(.opcore_table_maskrom)
 *(.bfilt_table_maskroom)
 *(.opcore_maskrom)
 .opcore_maskrom
                0x07e6e1d4      0x996 cpu/br28/tools/sdk.elf.o
 *(.bfilt_code)
 .bfilt_code    0x07e6eb6a      0x358 cpu/br28/tools/sdk.elf.o
 *(.bfilt_const)
                0x07e6eec4                . = ALIGN (0x4)
 *fill*         0x07e6eec2        0x2 
                0x07e6eec4                lcd_interface_begin = .
 *(.lcd_if_info)
 .lcd_if_info   0x07e6eec4       0x28 cpu/br28/tools/sdk.elf.o
                0x07e6eeec                lcd_interface_end = .
                0x07e6eeec                ui_style_begin = .
 *(.ui_style)
 .ui_style      0x07e6eeec       0x3c cpu/br28/tools/sdk.elf.o
                0x07e6ef28                ui_style_end = .
                0x07e6ef28                elm_event_handler_begin_JL = .
 *(.elm_event_handler_JL)
 .elm_event_handler_JL
                0x07e6ef28     0x1ef0 cpu/br28/tools/sdk.elf.o
                0x07e70e18                elm_event_handler_end_JL = .
                0x07e70e18                elm_event_handler_begin_UPGRADE = .
 *(.elm_event_handler_UPGRADE)
                0x07e70e18                elm_event_handler_end_UPGRADE = .
                0x07e70e18                elm_event_handler_begin_DIAL = .
 *(.elm_event_handler_DIAL)
                0x07e70e18                elm_event_handler_end_DIAL = .
                0x07e70e18                control_event_handler_begin = .
 *(.control_event_handler)
                0x07e70e18                control_event_handler_end = .
                0x07e70e18                control_ops_begin = .
 *(.control_ops)
 .control_ops   0x07e70e18       0x70 cpu/br28/tools/sdk.elf.o
                0x07e70e88                control_ops_end = .
                0x07e70e88                battery_notify_begin = .
 *(.battery_notify)
                0x07e70e88                battery_notify_end = .
                0x07e70e88                . = ALIGN (0x4)
                0x07e70e88                __VERSION_BEGIN = .
 *(.sys.version)
 .sys.version   0x07e70e88       0x23 objs/apps/watch/sdk_version.z.S.o
                0x07e70eab                __VERSION_END = .
 *(.noop_version)
                0x07e70eac                . = ALIGN (0x4)
 *fill*         0x07e70eab        0x1 
                0x07e70ec0                . = ALIGN (0x20)
 *fill*         0x07e70eac       0x14 
                0x07e70ec0                m_code_addr = .
 *(.m.code*)
 *(.movable.code*)
                0x00000000                m_code_size = ABSOLUTE ((. - m_code_addr))
                0x07e70ec0                . = ALIGN (0x20)
                0x07e70ec0                gsensor_dev_begin = .
 *(.gsensor_dev)
 .gsensor_dev   0x07e70ec0       0x20 cpu/br28/tools/sdk.elf.o
                0x07e70ee0                gsensor_dev_end = .
                0x07e70ee0                . = ALIGN (0x4)
                0x07e70ee0                hrsensor_dev_begin = .
 *(.hrsensor_dev)
 .hrsensor_dev  0x07e70ee0       0x20 cpu/br28/tools/sdk.elf.o
                0x07e70f00                hrsensor_dev_end = .
                0x07e70f00                . = ALIGN (0x4)
                0x07e70f00                fm_dev_begin = .
 *(.fm_dev)
                0x07e70f00                fm_dev_end = .
                0x07e70f00                fm_emitter_dev_begin = .
 *(.fm_emitter_dev)
                0x07e70f00                fm_emitter_dev_end = .
                0x07e70f00                storage_device_begin = .
 *(.storage_device)
                0x07e70f00                storage_device_end = .
                0x07e70f00                p11_event_handler_begin = .
 *(.p11_irq_handler)
 .p11_irq_handler
                0x07e70f00       0x18 cpu/br28/tools/sdk.elf.o
                0x07e70f18                p11_event_handler_end = .
                0x07e70f18                _watch_syscfg_begin = .
                0x07e70f18                PROVIDE (watch_syscfg_begin, .)
 *(.watch_syscfg)
 .watch_syscfg  0x07e70f18       0x24 cpu/br28/tools/sdk.elf.o
                0x07e70f18                bt_page_ops
                0x07e70f24                sys_param_ops
                0x07e70f30                watch_select_ops
                0x07e70f3c                _watch_syscfg_end = .
                0x07e70f3c                PROVIDE (watch_syscfg_end, .)
                0x07e70f40                . = ALIGN (0x20)
 *fill*         0x07e70f3c        0x4 
                0x07e70f40                update_code_start = .
 *(.bt_updata_ram_code)
 *(.update_const)
 .update_const  0x07e70f40       0x9e cpu/br28/tools/sdk.elf.o
 *(.update_code)
 .update_code   0x07e70fde     0x1096 cpu/br28/tools/sdk.elf.o
                0x07e72074                update_code_end = .
                0x07e72074                btstack_code_start = .
                0x07e72074                . = ALIGN (0x4)
                0x07e72074                a2dp_source_media_codec_begin = .
 *(.a2dp_source_media_codec)
 .a2dp_source_media_codec
                0x07e72074       0x30 cpu/br28/tools/sdk.elf.o
                0x07e72074                a2dp_source_lc3_codec
                0x07e7208c                a2dp_source_sbc_codec
                0x07e720a4                a2dp_source_media_codec_end = .
                0x07e720a4                a2dp_sink_media_probe_begin = .
 *(.a2dp_sink_media_probe)
                0x07e720a4                a2dp_sink_media_probe_end = .
                0x07e720a4                a2dp_sink_media_codec_begin = .
 *(.a2dp_sink_media_codec)
 .a2dp_sink_media_codec
                0x07e720a4       0x30 cpu/br28/tools/sdk.elf.o
                0x07e720a4                a2dp_1sbc_codec_private
                0x07e720bc                a2dp_2aac_sink_codec
                0x07e720d4                a2dp_sink_media_codec_end = .
                0x07e720d4                a2dp_event_handler_begin = .
 *(.a2dp_event_handler)
 .a2dp_event_handler
                0x07e720d4       0x70 cpu/br28/tools/sdk.elf.o
                0x07e720d4                a2dp_sink_event_handler
                0x07e720f0                a2dp_source_event_handler
                0x07e7210c                acp_a2dp_event_handler
                0x07e72128                acp_a2dp_src_event_handler
                0x07e72144                a2dp_event_handler_end = .
                0x07e72144                sdp_record_item_begin = .
 *(.sdp_record_item)
 .sdp_record_item
                0x07e72144       0x6c cpu/br28/tools/sdk.elf.o
                0x07e72144                a2dp_sdp_record_item
                0x07e72150                a2dp_src_sdp_record_item
                0x07e7215c                arp_ct_sdp_record_item
                0x07e72168                arp_ta_sdp_record_item
                0x07e72174                hfp_sdp_record_item
                0x07e72180                hid_sdp_record_item
                0x07e7218c                pnp_sdp_record_item
                0x07e72198                spp_sdp_record_item
                0x07e721a4                spp_user_sdp_record_item
                0x07e721b0                sdp_record_item_end = .
                0x07e721b0                bt_sleep_begin = .
 *(.bt_sleep)
 .bt_sleep      0x07e721b0       0x6c cpu/br28/tools/sdk.elf.o
                0x07e721b0                bt_suspend_a2dp_resumea2dp_release
                0x07e721bc                bt_suspend_avctp_resumeavctp_release
                0x07e721c8                bt_suspend_hfp_resumehfp_release
                0x07e721d4                bt_suspend_user_cmd_loop_resumeuser_cmd_loop_release
                0x07e721e0                bt_suspend_hid_resumehid_release
                0x07e721ec                bt_suspend_spp_resumespp_release
                0x07e721f8                bt_suspend_spp_up_resumespp_up_release
                0x07e72204                bt_suspend_iap_resumeiap_release
                0x07e72210                bt_suspend_sdp_resumesdp_release
                0x07e7221c                bt_sleep_end = .
 *(.bt_stack_const)
 .bt_stack_const
                0x07e7221c      0x9bc cpu/br28/tools/sdk.elf.o
 *(.bt_stack_code)
 .bt_stack_code
                0x07e72bd8     0xeafa cpu/br28/tools/sdk.elf.o
 *(.ble_db_const)
 *(.ble_db_code)
 .ble_db_code   0x07e816d2      0x18e cpu/br28/tools/sdk.elf.o
 *(.ble_sm_const)
 .ble_sm_const  0x07e81860       0x73 cpu/br28/tools/sdk.elf.o
 *(.ble_sm_code)
 *fill*         0x07e818d3        0x1 
 .ble_sm_code   0x07e818d4     0x2050 cpu/br28/tools/sdk.elf.o
 *(.ble_att_const)
 .ble_att_const
                0x07e83924       0x17 cpu/br28/tools/sdk.elf.o
 *(.ble_att_code)
 *fill*         0x07e8393b        0x1 
 .ble_att_code  0x07e8393c      0x7a6 cpu/br28/tools/sdk.elf.o
 *(.ble_gatt_const)
 *(.ble_gatt_code)
 .ble_gatt_code
                0x07e840e2     0x15b2 cpu/br28/tools/sdk.elf.o
                0x07e85694                BTSTACK_LE_HOST_MESH_CODE_START = .
 *(.ble_mesh_code)
 *(.ble_mesh_tinycrypt_code)
 *(.ble_mesh_const)
 *(.ble_mesh_tinycrypt_const)
                0x00000000                BTSTACK_LE_HOST_MESH_CODE_SIZE = ABSOLUTE ((. - BTSTACK_LE_HOST_MESH_CODE_START))
                0x07e85694                btstack_code_end = .
                0x07e85694                . = ALIGN (0x4)
                0x07e85694                . = ALIGN (0x4)
                0x07e85694                system_text_start = .
                0x07e85694                _device_node_begin = .
                0x07e85694                PROVIDE (device_node_begin, .)
 *(.device)
 .device        0x07e85694       0x48 cpu/br28/tools/sdk.elf.o
                0x07e85694                device_table
                0x07e856dc                _device_node_end = .
                0x07e856dc                PROVIDE (device_node_end, .)
                0x07e856dc                config_target_begin = .
                [!provide]                PROVIDE (config_target_begin, .)
 *(.config_target)
 .config_target
                0x07e856dc        0x8 cpu/br28/tools/sdk.elf.o
                0x07e856dc                eq_config_target
                0x07e856e4                config_target_end = .
                [!provide]                PROVIDE (config_target_end, .)
                0x07e856e4                system_code_begin = .
 *(.system.*.text)
 .system.fs.text
                0x07e856e4     0x8be0 cpu/br28/tools/sdk.elf.o
 .system.device.text
                0x07e8e2c4       0xea cpu/br28/tools/sdk.elf.o
 .system.printf.text
                0x07e8e3ae      0x60e cpu/br28/tools/sdk.elf.o
 .system.lbuf.text
                0x07e8e9bc      0x4e0 cpu/br28/tools/sdk.elf.o
 .system.cpu.text
                0x07e8ee9c      0x938 cpu/br28/tools/sdk.elf.o
 .system.ascii.text
                0x07e8f7d4      0x146 cpu/br28/tools/sdk.elf.o
 .system.timer.text
                0x07e8f91a      0x792 cpu/br28/tools/sdk.elf.o
 .system.cbuf.text
                0x07e900ac      0x300 cpu/br28/tools/sdk.elf.o
 .system.event.text
                0x07e903ac      0x3f6 cpu/br28/tools/sdk.elf.o
 .system.app_core.text
                0x07e907a2      0x164 cpu/br28/tools/sdk.elf.o
 .system.init.text
                0x07e90906       0x96 cpu/br28/tools/sdk.elf.o
                0x07e90910                boot_info_init
                0x07e9093a                cpu1_main
 .system.task.text
                0x07e9099c       0x5a cpu/br28/tools/sdk.elf.o
 .system.cfg_tool.text
                0x07e909f6      0x7a4 cpu/br28/tools/sdk.elf.o
                0x07e9119a                system_code_end = .
                0x07e9119c                . = ALIGN (0x4)
 *fill*         0x07e9119a        0x2 
                0x0000bab6                system_code_size = (system_code_end - system_code_begin)
                0x07e9119c                vfs_ops_begin = .
 *(.vfs_operations)
 .vfs_operations
                0x07e9119c      0x244 cpu/br28/tools/sdk.elf.o
                0x07e9119c                nor_fs_vfs_ops
                0x07e91210                sdfile_vfs_ops
                0x07e91284                nor_sdfile_vfs_ops
                0x07e912f8                fat_vfs_ops
                0x07e9136c                fat_sdfile_fat_ops
                0x07e913e0                vfs_ops_end = .
                0x07e913e0                _lib_version_begin = .
                [!provide]                PROVIDE (lib_version_begin, .)
 *(.lib_version)
 .lib_version   0x07e913e0        0xc cpu/br28/tools/sdk.elf.o
                0x07e913e0                __version_sdfile
                0x07e913e4                __version_fs
                0x07e913e8                __version_fatfs
                0x07e913ec                _lib_version_end = .
                [!provide]                PROVIDE (lib_version_end, .)
                0x07e913ec                _initcall_begin = .
                0x07e913ec                PROVIDE (initcall_begin, .)
 *(.initcall)
 .initcall      0x07e913ec        0x4 cpu/br28/tools/sdk.elf.o
                0x07e913ec                __initcall_app_update_init
                0x07e913f0                _initcall_end = .
                0x07e913f0                PROVIDE (initcall_end, .)
                0x07e913f0                _early_initcall_begin = .
                0x07e913f0                PROVIDE (early_initcall_begin, .)
 *(.early.initcall)
 .early.initcall
                0x07e913f0        0x8 cpu/br28/tools/sdk.elf.o
                0x07e913f0                __initcall_sys_event_init
                0x07e913f4                __initcall_sdfile_init
                0x07e913f8                _early_initcall_end = .
                0x07e913f8                PROVIDE (early_initcall_end, .)
                0x07e913f8                _late_initcall_begin = .
                0x07e913f8                PROVIDE (late_initcall_begin, .)
 *(.late.initcall)
 .late.initcall
                0x07e913f8       0x14 cpu/br28/tools/sdk.elf.o
                0x07e913f8                __initcall_test_simple_trans
                0x07e913fc                __initcall_misc_setting_opt_setting_init
                0x07e91400                __initcall_page_list_init
                0x07e91404                __initcall_bt_menu_list_init
                0x07e91408                __initcall_sdk_meky_check
                0x07e9140c                _late_initcall_end = .
                0x07e9140c                PROVIDE (late_initcall_end, .)
                0x07e9140c                _platform_initcall_begin = .
                0x07e9140c                PROVIDE (platform_initcall_begin, .)
 *(.platform.initcall)
 .platform.initcall
                0x07e9140c       0x10 cpu/br28/tools/sdk.elf.o
                0x07e9140c                __initcall_bt_init_music_device_style
                0x07e91410                __initcall_bt_init_a2dp_en_status
                0x07e91414                __initcall_debug_record_init
                0x07e91418                __initcall_syscfg_tools_init
                0x07e9141c                _platform_initcall_end = .
                0x07e9141c                PROVIDE (platform_initcall_end, .)
                0x07e9141c                _module_initcall_begin = .
                0x07e9141c                PROVIDE (module_initcall_begin, .)
 *(.module.initcall)
                0x07e9141c                _module_initcall_end = .
                0x07e9141c                PROVIDE (module_initcall_end, .)
                0x07e9141c                _sys_event_handler_begin = .
                0x07e9141c                PROVIDE (sys_event_handler_begin, .)
 *(.sys_event.4.handler)
 .sys_event.4.handler
                0x07e9141c        0x8 cpu/br28/tools/sdk.elf.o
                0x07e9141c                __event_handler_bt_tws_event_handler
 *(.sys_event.3.handler)
 *(.sys_event.2.handler)
 .sys_event.2.handler
                0x07e91424        0x8 cpu/br28/tools/sdk.elf.o
                0x07e91424                __event_handler_alarm_event_handler
 *(.sys_event.1.handler)
 *(.sys_event.0.handler)
 .sys_event.0.handler
                0x07e9142c        0x8 cpu/br28/tools/sdk.elf.o
                0x07e9142c                __event_handler_app_sys_event_probe_handler
                0x07e91434                _sys_event_handler_end = .
                0x07e91434                PROVIDE (sys_event_handler_end, .)
                0x07e91434                _syscfg_arg_begin = .
                [!provide]                PROVIDE (syscfg_arg_begin, .)
 *(.syscfg.arg)
                0x07e91434                _syscfg_arg_end = .
                [!provide]                PROVIDE (syscfg_arg_end, .)
                0x07e91434                _syscfg_handler_begin = .
                [!provide]                PROVIDE (syscfg_handler_begin, .)
 *(.syscfg.handler)
                0x07e91434                _syscfg_handler_end = .
                [!provide]                PROVIDE (syscfg_handler_end, .)
                0x07e91434                _syscfg_ops_begin = .
                0x07e91434                PROVIDE (syscfg_ops_begin, .)
 *(.syscfg.2.ops)
 .syscfg.2.ops  0x07e91434       0x1c cpu/br28/tools/sdk.elf.o
                0x07e91434                cfg_btif
 *(.syscfg.1.ops)
 .syscfg.1.ops  0x07e91450       0x1c cpu/br28/tools/sdk.elf.o
                0x07e91450                cfg_vm
 *(.syscfg.0.ops)
 .syscfg.0.ops  0x07e9146c       0x1c cpu/br28/tools/sdk.elf.o
                0x07e9146c                cfg_bin
                0x07e91488                _syscfg_ops_end = .
                0x07e91488                PROVIDE (syscfg_ops_end, .)
                0x07e91488                _server_info_begin = .
                [!provide]                PROVIDE (server_info_begin, .)
 *(.server_info)
                0x07e91488                _server_info_end = .
                [!provide]                PROVIDE (server_info_end, .)
                0x07e91488                _bus_device_begin = .
                [!provide]                PROVIDE (bus_device_begin, .)
 *(.bus_device)
                0x07e91488                _bus_device_end = .
                [!provide]                PROVIDE (bus_device_end, .)
                0x07e91488                _sys_power_hal_ops_begin = .
                [!provide]                PROVIDE (sys_power_hal_ops_begin, .)
 *(.sys_power_hal_ops)
                0x07e91488                _sys_power_hal_ops_end = .
                [!provide]                PROVIDE (sys_power_hal_ops_end, .)
                0x07e91488                . = ALIGN (0x4)
                0x07e91488                lp_target_begin = .
                [!provide]                PROVIDE (lp_target_begin, .)
 *(.lp_target)
 .lp_target     0x07e91488      0x114 cpu/br28/tools/sdk.elf.o
                0x07e91488                bt_test_lp_target
                0x07e91494                sc7a20_lp_target
                0x07e914a0                hx1662_lp_target
                0x07e914ac                key_lp_target
                0x07e914b8                lcd_backlight_lp_target
                0x07e914c4                ota_lp_target
                0x07e914d0                smartbox_lp_target
                0x07e914dc                phone_incom_lp_target
                0x07e914e8                music_lp_target
                0x07e914f4                poweron_lp_target
                0x07e91500                audio_dec_init_lp_target
                0x07e9150c                bt_dec_lp_target
                0x07e91518                tone_dec_lp_target
                0x07e91524                audio_adc_demo
                0x07e91530                mic_demo_lp_target
                0x07e9153c                lcd_lp_target
                0x07e91548                __wakeup_is_idle_target
                0x07e91554                sdx_lp_target
                0x07e91560                usb_dev_lp_target
                0x07e9156c                usr_systimer_lp_target
                0x07e91578                btstack_lowpower_target
                0x07e91584                eq_online_lp_target
                0x07e91590                imd_lp_target
                0x07e9159c                lp_target_end = .
                [!provide]                PROVIDE (lp_target_end, .)
                0x07e9159c                . = ALIGN (0x4)
                0x07e9159c                lp_request_begin = .
                [!provide]                PROVIDE (lp_request_begin, .)
 *(.lp_request)
 .lp_request    0x07e9159c        0xc cpu/br28/tools/sdk.elf.o
                0x07e9159c                power_flash_target
                0x07e915a8                lp_request_end = .
                [!provide]                PROVIDE (lp_request_end, .)
                0x07e915a8                . = ALIGN (0x4)
                0x07e915a8                deepsleep_target_begin = .
                [!provide]                PROVIDE (deepsleep_target_begin, .)
 *(.deepsleep_target)
 .deepsleep_target
                0x07e915a8       0x84 cpu/br28/tools/sdk.elf.o
                0x07e915a8                iic
                0x07e915b4                rdec
                0x07e915c0                uart
                0x07e915cc                clock_sfc
                0x07e915d8                tmr
                0x07e915e4                periph
                0x07e915f0                vm_sfc
                0x07e915fc                sdx
                0x07e91608                bt
                0x07e91614                imb
                0x07e91620                imd
                0x07e9162c                deepsleep_target_end = .
                [!provide]                PROVIDE (deepsleep_target_end, .)
                0x07e9162c                . = ALIGN (0x4)
                0x07e9162c                crypto_begin = .
 *(.crypto_ecdh_code)
 *(.crypto_ecdh_const)
 *(.crypto_bigint_code)
 .crypto_bigint_code
                0x07e9162c      0x3e0 cpu/br28/tools/sdk.elf.o
 *(.crypto_bigint_const)
 *(.crypto_code)
 .crypto_code   0x07e91a0c      0x436 cpu/br28/tools/sdk.elf.o
 *(.crypto_const)
 *fill*         0x07e91e42        0x2 
 .crypto_const  0x07e91e44      0x171 cpu/br28/tools/sdk.elf.o
 *(.ECDH_sample_code)
 *(.ECDH_sample_const)
 *(.uECC_code)
 *fill*         0x07e91fb5        0x1 
 .uECC_code     0x07e91fb6      0x944 cpu/br28/tools/sdk.elf.o
 *(.uECC_const)
 *fill*         0x07e928fa        0x2 
 .uECC_const    0x07e928fc       0x60 cpu/br28/tools/sdk.elf.o
 *(.hmac_code)
 .hmac_code     0x07e9295c      0x41c cpu/br28/tools/sdk.elf.o
 *(.hmac_const)
 *(.hash_sample_code)
 *(.hash_sample_const)
 *(.aes_cmac_sample_code)
 *(.aes_cmac_sample_const)
                0x07e92d78                crypto_end = .
                0x0000174c                crypto_size = (. - crypto_begin)
 *(.mem_code)
 *(.mem_const)
 *(.os_port_code)
 *(.os_port_const)
 *(.os_const)
 .os_const      0x07e92d78       0x18 cpu/br28/tools/sdk.elf.o
 *(.math_fast_funtion_code)
 .math_fast_funtion_code
                0x07e92d90       0x4e cpu/br28/tools/sdk.elf.o
                0x07e92dde                __movable_function_start = .
 *(movable.text.*)
 *(movable.stub.*)
 *(movable.region.*)
                0x07e92dde                __movable_function_end = .
                0x00000000                __movable_function_size = (__movable_function_end - __movable_function_start)
                0x07e92dde                system_text_end = .
                0x0000d74a                system_code_total_size = (system_text_end - system_text_start)
                0x07e92dde                btctler_code_start = .
                0x07e92dde                BTCTLER_CONTROLLER_CODE_START = .
 *(.bt_rf_const)
 *fill*         0x07e92dde        0x2 
 .bt_rf_const   0x07e92de0      0x5dc cpu/br28/tools/sdk.elf.o
 *(.bt_rf_code)
 .bt_rf_code    0x07e933bc     0x1940 cpu/br28/tools/sdk.elf.o
 *(.vendor_manager_const)
 *(.vendor_manager_code)
 *(.device_manager_const)
 *(.device_manager_code)
 *(.hci_controller_const)
 .hci_controller_const
                0x07e94cfc       0x28 cpu/br28/tools/sdk.elf.o
 *(.hci_controller_code)
 .hci_controller_code
                0x07e94d24      0xd48 cpu/br28/tools/sdk.elf.o
 *(.hci_interface_const)
 *(.hci_interface_code)
                0x00002c8e                BTCTLER_CONTROLLER_CODE_SIZE = ABSOLUTE ((. - BTCTLER_CONTROLLER_CODE_START))
                0x07e95a6c                BTCTLER_LE_CONTROLLER_CODE_START = .
 *(.ble_rf_const)
 .ble_rf_const  0x07e95a6c       0x18 cpu/br28/tools/sdk.elf.o
 *(.ble_rf_code)
 .ble_rf_code   0x07e95a84     0x3300 cpu/br28/tools/sdk.elf.o
 *(.ble_ll_const)
 .ble_ll_const  0x07e98d84       0x88 cpu/br28/tools/sdk.elf.o
 *(.ble_ll_code)
 .ble_ll_code   0x07e98e0c     0x1fa2 cpu/br28/tools/sdk.elf.o
 *(.ble_hci_const)
 .ble_hci_const
                0x07e9adae       0x19 cpu/br28/tools/sdk.elf.o
 *(.ble_hci_code)
 *fill*         0x07e9adc7        0x1 
 .ble_hci_code  0x07e9adc8      0x6a8 cpu/br28/tools/sdk.elf.o
                0x00005a04                BTCTLER_LE_CONTROLLER_CODE_SIZE = ABSOLUTE ((. - BTCTLER_LE_CONTROLLER_CODE_START))
                0x07e9b470                BTCTLER_CL_CODE_START = .
 *(.bredr_irq)
 *(.bredr_irq_code)
 *(.bredr_irq_const)
 *(.classic_hci_const)
 *(.classic_hci_code)
 *(.classic_lmp_const)
 .classic_lmp_const
                0x07e9b470       0x14 cpu/br28/tools/sdk.elf.o
 *(.classic_lmp_auth_const)
 .classic_lmp_auth_const
                0x07e9b484      0x4f0 cpu/br28/tools/sdk.elf.o
 *(.classic_lmp_bigint_const)
 *(.classic_lmp_crypt_const)
 *(.classic_lmp_ecdh_const)
 *(.classic_lmp_hmac_const)
 *(.classic_lmp_code)
 .classic_lmp_code
                0x07e9b974     0x6bb2 cpu/br28/tools/sdk.elf.o
 *(.classic_lmp_auth_code)
 .classic_lmp_auth_code
                0x07ea2526      0x686 cpu/br28/tools/sdk.elf.o
 *(.classic_lmp_bigint_code)
 *(.classic_lmp_crypt_code)
 *(.classic_lmp_ecdh_code)
 *(.classic_lmp_hmac_code)
 *(.classic_rf_const)
 .classic_rf_const
                0x07ea2bac      0x154 cpu/br28/tools/sdk.elf.o
 *(.classic_rf_code)
 .classic_rf_code
                0x07ea2d00     0x5498 cpu/br28/tools/sdk.elf.o
 *(.classic_bb_const)
 *(.classic_bb_code)
                0x0000cd28                BTCTLER_CL_CODE_SIZE = ABSOLUTE ((. - BTCTLER_CL_CODE_START))
                0x07ea8198                . = ALIGN (0x4)
                0x07ea8198                driver_code_start = .
 *(.fm_code)
                0x07ea8198                CLOCK_CODE_START = .
 *(.clock_code)
 .clock_code    0x07ea8198      0xca0 cpu/br28/tools/sdk.elf.o
                0x07ea8e0c                boot_clk_init
 *(.clock_const)
 .clock_const   0x07ea8e38       0x10 cpu/br28/tools/sdk.elf.o
                0x00000cb0                CLOCK_CODE_SIZE = ABSOLUTE ((. - CLOCK_CODE_START))
 *(.debug_code)
 *(.debug_const)
 *(.power_code)
 *(.power_const)
 *(.uart_code)
 *(.uart_const)
                0x07ea8e48                driver_code_end = .
                0x07ea8e48                . = ALIGN (0x4)
                0x07ea8e48                media_text_start = .
 *(.aec_code)
 .aec_code      0x07ea8e48     0x1030 cpu/br28/tools/sdk.elf.o
 *(.aec_const)
 *(.der_code)
 *(.der_const)
 *(.nlp_code)
 *(.nlp_const)
 *(.qmf_code)
 .qmf_code      0x07ea9e78      0x43a cpu/br28/tools/sdk.elf.o
 *(.qmf_const)
 *fill*         0x07eaa2b2        0x2 
 .qmf_const     0x07eaa2b4       0xd8 cpu/br28/tools/sdk.elf.o
 *(.bt_audioplc_sparse_code)
 .bt_audioplc_sparse_code
                0x07eaa38c       0x2c cpu/br28/tools/sdk.elf.o
 *(.bt_audioplc_code)
 .bt_audioplc_code
                0x07eaa3b8      0x456 cpu/br28/tools/sdk.elf.o
 *(.bt_audioplc_const)
 *fill*         0x07eaa80e        0x2 
 .bt_audioplc_const
                0x07eaa810        0xc cpu/br28/tools/sdk.elf.o
 *(.lf_audioplc_code)
 .lf_audioplc_code
                0x07eaa81c      0x47a cpu/br28/tools/sdk.elf.o
 *(.lf_audioplc_sparse_code)
 .lf_audioplc_sparse_code
                0x07eaac96       0x7e cpu/br28/tools/sdk.elf.o
 *(.lf_audioplc_const)
 .lf_audioplc_const
                0x07eaad14        0xc cpu/br28/tools/sdk.elf.o
                0x07eaad20                . = ALIGN (0x4)
 *(.res_code)
 *(.res_const)
                0x07eaad20                . = ALIGN (0x4)
 *(.ns_code)
 .ns_code       0x07eaad20      0x3d6 cpu/br28/tools/sdk.elf.o
 *(.ns_const)
 *(.opcore_maskrom)
                0x07eab0f8                . = ALIGN (0x4)
 *fill*         0x07eab0f6        0x2 
 *(.pcm_code)
 .pcm_code      0x07eab0f8       0xb4 cpu/br28/tools/sdk.elf.o
 *(.pcm_const)
 *(.g729_code)
 .g729_code     0x07eab1ac      0x200 cpu/br28/tools/sdk.elf.o
 *(.g729_const)
 *(.g726_code)
 *(.g726_const)
 *(.wtg_dec_code)
 .wtg_dec_code  0x07eab3ac      0xe46 cpu/br28/tools/sdk.elf.o
 *(.wtg_dec_const)
 *fill*         0x07eac1f2        0x2 
 .wtg_dec_const
                0x07eac1f4     0x10b4 cpu/br28/tools/sdk.elf.o
 *(.wtg_dec_sparse_code)
 .wtg_dec_sparse_code
                0x07ead2a8       0xe8 cpu/br28/tools/sdk.elf.o
 *(.wtg_dec_sparse_const)
 *(.lib_wtg_dec_code)
 *(.lib_wtg_dec_const)
 *(.wtgv2_code)
 *(.wtgv2_const)
 *(.wtgv2dec_code)
 *(.wtgv2dec_const)